 boat_sfun

 Timestamp is 539b1a2e (Fri Jun 13 11:35:10 2014)

 Preferred load address is 0000000180000000

 Start         Length     Name                   Class
 0001:00000000 0003c0d4H .text                   CODE
 0001:0003c0e0 00000092H .text$x                 CODE
 0002:00000000 000004a8H .idata$5                DATA
 0002:000004a8 00000008H .CRT$XCA                DATA
 0002:000004b0 00000008H .CRT$XCZ                DATA
 0002:000004b8 00000008H .CRT$XIA                DATA
 0002:000004c0 00000008H .CRT$XIAA               DATA
 0002:000004c8 00000008H .CRT$XIZ                DATA
 0002:000004d0 00004b6cH .rdata                  DATA
 0002:00005040 00000008H .rtc$IAA                DATA
 0002:00005048 00000008H .rtc$IZZ                DATA
 0002:00005050 00000008H .rtc$TAA                DATA
 0002:00005058 00000008H .rtc$TZZ                DATA
 0002:00005060 0000403cH .xdata                  DATA
 0002:0000909c 000000a0H .idata$2                DATA
 0002:0000913c 00000014H .idata$3                DATA
 0002:00009150 000004a8H .idata$4                DATA
 0002:000095f8 00000ad2H .idata$6                DATA
 0002:0000a0d0 0000004fH .edata                  DATA
 0003:00000000 000032c8H .data                   DATA
 0003:000032e0 000026b8H .bss                    DATA
 0004:00000000 000031d4H .pdata                  DATA

  Address         Publics by Value              Rva+Base               Lib:Object

 0000:00000000       ___safe_se_handler_count   0000000000000000     <absolute>
 0000:00000000       ___safe_se_handler_table   0000000000000000     <absolute>
 0000:00000000       __ImageBase                0000000180000000     <linker-defined>
 0001:00000000       sf_c5_boat_get_eml_resolved_functions_info 0000000180001000 f   c5_boat.obj
 0001:00000fb0       sf_c5_boat_get_check_sum   0000000180001fb0 f   c5_boat.obj
 0001:00001030       sf_c5_boat_get_autoinheritance_info 0000000180002030 f   c5_boat.obj
 0001:00001d30       sf_internal_get_sim_state_c5_boat 0000000180002d30 f   c5_boat.obj
 0001:00002110       sf_internal_set_sim_state_c5_boat 0000000180003110 f   c5_boat.obj
 0001:000025e0       c5_boat_method_dispatcher  00000001800035e0 f   c5_boat.obj
 0001:00006400       sf_c6_boat_get_eml_resolved_functions_info 0000000180007400 f   c6_boat.obj
 0001:00006c40       sf_c6_boat_get_check_sum   0000000180007c40 f   c6_boat.obj
 0001:00006cc0       sf_c6_boat_get_autoinheritance_info 0000000180007cc0 f   c6_boat.obj
 0001:00007230       sf_internal_get_sim_state_c6_boat 0000000180008230 f   c6_boat.obj
 0001:000075e0       sf_internal_set_sim_state_c6_boat 00000001800085e0 f   c6_boat.obj
 0001:00007a80       c6_boat_method_dispatcher  0000000180008a80 f   c6_boat.obj
 0001:00009ed0       sf_process_check_sum_call  000000018000aed0 f   boat_sfun_registry.obj
 0001:00009f20       sf_process_autoinheritance_call 000000018000af20 f   boat_sfun_registry.obj
 0001:0000a0c0       sf_process_get_eml_resolved_functions_info_call 000000018000b0c0 f   boat_sfun_registry.obj
 0001:0000a240       sf_mex_unlock_call         000000018000b240 f   boat_sfun_registry.obj
 0001:0000a2f0       sf_machine_global_initializer_called 000000018000b2f0 f   boat_sfun_registry.obj
 0001:0000a320       sf_machine_global_method_dispatcher 000000018000b320 f   boat_sfun_registry.obj
 0001:0000a380       sf_machine_global_terminator 000000018000b380 f   boat_sfun_registry.obj
 0001:0000a3c0       sf_register_machine_exported_symbols 000000018000b3c0 f   boat_sfun_registry.obj
 0001:0000a3e0       callCustomFcn              000000018000b3e0 f   boat_sfun_registry.obj
 0001:0000a3f0       sf_machine_global_initializer 000000018000b3f0 f   boat_sfun_registry.obj
 0001:0000a460       _ssSetStateAbsTol          000000018000b460 f   boat_sfun_registry.obj
 0001:0000a540       _ssGetAbsTol               000000018000b540 f   boat_sfun_registry.obj
 0001:0000a5b0       _ssSetInputPortMatrixDimensions 000000018000b5b0 f   boat_sfun_registry.obj
 0001:0000a6c0       _ssSetOutputPortMatrixDimensions 000000018000b6c0 f   boat_sfun_registry.obj
 0001:0000a7d0       _ssSetInputPortVectorDimension 000000018000b7d0 f   boat_sfun_registry.obj
 0001:0000a8a0       _ssSetOutputPortVectorDimension 000000018000b8a0 f   boat_sfun_registry.obj
 0001:0000a970       ssIsRunTimeParamTunable    000000018000b970 f   boat_sfun_registry.obj
 0001:0000a9e0       ssGetSFuncBlockHandle      000000018000b9e0 f   boat_sfun_registry.obj
 0001:0000aa50       _ssGetCurrentInputPortWidth 000000018000ba50 f   boat_sfun_registry.obj
 0001:0000ab70       _ssGetCurrentOutputPortWidth 000000018000bb70 f   boat_sfun_registry.obj
 0001:0000ac90       _ssGetCallSystemNumFcnCallDestinations 000000018000bc90 f   boat_sfun_registry.obj
 0001:0000ad00       ssWarning                  000000018000bd00 f   boat_sfun_registry.obj
 0001:0000ae10       ssGetIsZeroCrossControlDisabled 000000018000be10 f   boat_sfun_registry.obj
 0001:0000ae80       ssSetIsInputPortUsedForContZcSignal 000000018000be80 f   boat_sfun_registry.obj
 0001:0000aef0       ssSetZcSignalIsZcElementDisc 000000018000bef0 f   boat_sfun_registry.obj
 0001:0000afa0       ssSetZcSignalName          000000018000bfa0 f   boat_sfun_registry.obj
 0001:0000b010       ssSetZcSignalWidth         000000018000c010 f   boat_sfun_registry.obj
 0001:0000b080       ssSetZcSignalZcEventType   000000018000c080 f   boat_sfun_registry.obj
 0001:0000b0f0       ssSetZcSignalType          000000018000c0f0 f   boat_sfun_registry.obj
 0001:0000b160       ssSetZcSignalZcTol         000000018000c160 f   boat_sfun_registry.obj
 0001:0000b1d0       ssSetZcSignalNeedsEventNotification 000000018000c1d0 f   boat_sfun_registry.obj
 0001:0000b240       ssCreateAndAddZcSignalInfo 000000018000c240 f   boat_sfun_registry.obj
 0001:0000b2b0       ssCloneAndAddZcSignalInfo  000000018000c2b0 f   boat_sfun_registry.obj
 0001:0000b320       ssGetNumZcSignals          000000018000c320 f   boat_sfun_registry.obj
 0001:0000b390       ssGetZcSignalVector        000000018000c390 f   boat_sfun_registry.obj
 0001:0000b400       ssGetZcSignalZcEvents      000000018000c400 f   boat_sfun_registry.obj
 0001:0000b470       ssGetZcSignalName          000000018000c470 f   boat_sfun_registry.obj
 0001:0000b4e0       ssGetZcSignalWidth         000000018000c4e0 f   boat_sfun_registry.obj
 0001:0000b550       ssGetZcSignalZcEventType   000000018000c550 f   boat_sfun_registry.obj
 0001:0000b5c0       ssGetZcSignalType          000000018000c5c0 f   boat_sfun_registry.obj
 0001:0000b630       ssGetZcSignalZcTol         000000018000c630 f   boat_sfun_registry.obj
 0001:0000b6b0       ssGetZcSignalNeedsEventNotification 000000018000c6b0 f   boat_sfun_registry.obj
 0001:0000b720       ssGetZcSignalIsZcElementDisc 000000018000c720 f   boat_sfun_registry.obj
 0001:0000b7c0       ssGetIsInputPortElementContinuous 000000018000c7c0 f   boat_sfun_registry.obj
 0001:0000b860       _ssGetInputPortSignalPtrsFcn 000000018000c860 f   boat_sfun_registry.obj
 0001:0000bb20       _ssGetInputPortSignalFcn   000000018000cb20 f   boat_sfun_registry.obj
 0001:0000bd40       _ssSetInputPortDirectFeedThroughFcn 000000018000cd40 f   boat_sfun_registry.obj
 0001:0000bea0       _ssSetInputPortReusableFcn 000000018000cea0 f   boat_sfun_registry.obj
 0001:0000bf90       _ssSetOutputPortReusableFcn 000000018000cf90 f   boat_sfun_registry.obj
 0001:0000c070       ssGetDTypeIdFromMxArray    000000018000d070 f   boat_sfun_registry.obj
 0001:0000c190       ssWriteRTWStr              000000018000d190 f   boat_sfun_registry.obj
 0001:0000c1f0       ssWriteRTWMxVectParam      000000018000d1f0 f   boat_sfun_registry.obj
 0001:0000c250       ssWriteRTWMx2dMatParam     000000018000d250 f   boat_sfun_registry.obj
 0001:0000c2d0       ssWriteRTWNameValuePair    000000018000d2d0 f   boat_sfun_registry.obj
 0001:0000c7c0       ssWriteRTWParameters       000000018000d7c0 f   boat_sfun_registry.obj
 0001:0000cdc0       ssWriteRTWParamSettings    000000018000ddc0 f   boat_sfun_registry.obj
 0001:0000d490       ssWriteRTWWorkVect         000000018000e490 f   boat_sfun_registry.obj
 0001:0000d990       mexFunction                000000018000e990 f   boat_sfun_registry.obj
 0001:0000f5d0       ProcessMexSfunctionEveryCall 00000001800105d0 f   boat_sfun_registry.obj
 0001:0000f740       boat_initializer           0000000180010740 f   boat_sfun.obj
 0001:0000f750       boat_terminator            0000000180010750 f   boat_sfun.obj
 0001:0000f760       sf_boat_method_dispatcher  0000000180010760 f   boat_sfun.obj
 0001:0000f7d0       sf_boat_process_check_sum_call 00000001800107d0 f   boat_sfun.obj
 0001:0000fbf0       sf_boat_autoinheritance_info 0000000180010bf0 f   boat_sfun.obj
 0001:0000fdb0       sf_boat_get_eml_resolved_functions_info 0000000180010db0 f   boat_sfun.obj
 0001:0000ff20       boat_debug_initialize      0000000180010f20 f   boat_sfun.obj
 0001:0000ff90       boat_register_exported_symbols 0000000180010f90 f   boat_sfun.obj
 0001:0000ffa0       load_boat_optimization_info 0000000180010fa0 f   boat_sfun.obj
 0001:0000fff0       unload_boat_optimization_info 0000000180010ff0 f   boat_sfun.obj
 0001:000100c0       sf_mex_mx_is_numeric       00000001800110c0 f   sfc_mex:sfc_mex.obj
 0001:00010100       strcmp_ignore_ws           0000000180011100 f   sfc_mex:sfc_mex.obj
 0001:00010240       sf_mex_duplicatearraysafe  0000000180011240 f   sfc_mex:sfc_mex.obj
 0001:000103a0       sf_set_error_debugger_context_message_fcn 00000001800113a0 f   sfc_mex:sfc_mex.obj
 0001:000103b0       sf_set_debugger_matlab_error_fcn 00000001800113b0 f   sfc_mex:sfc_mex.obj
 0001:000103e0       sf_set_error_prefix_string 00000001800113e0 f   sfc_mex:sfc_mex.obj
 0001:00010410       sf_get_error_prefix_string 0000000180011410 f   sfc_mex:sfc_mex.obj
 0001:00010420       sf_mex_enter_parallel_region 0000000180011420 f   sfc_mex:sfc_mex.obj
 0001:00010430       sf_mex_exit_parallel_region 0000000180011430 f   sfc_mex:sfc_mex.obj
 0001:00010440       sf_get_current_jmp_buf_ptr 0000000180011440 f   sfc_mex:sfc_mex.obj
 0001:00010450       sf_set_current_jmp_buf_ptr 0000000180011450 f   sfc_mex:sfc_mex.obj
 0001:00010460       sf_mex_set_halt_simulation 0000000180011460 f   sfc_mex:sfc_mex.obj
 0001:00010470       sf_mex_get_halt_simulation 0000000180011470 f   sfc_mex:sfc_mex.obj
 0001:00010480       sf_mex_clear_error_message 0000000180011480 f   sfc_mex:sfc_mex.obj
 0001:000104a0       sf_mex_get_error_message_for_read 00000001800114a0 f   sfc_mex:sfc_mex.obj
 0001:000104b0       sf_mex_get_error_message_buffer_length 00000001800114b0 f   sfc_mex:sfc_mex.obj
 0001:00010590       sf_mex_warning_message     0000000180011590 f   sfc_mex:sfc_mex.obj
 0001:00010600       sf_mex_v_errbuf_createf    0000000180011600 f   sfc_mex:sfc_mex.obj
 0001:00010610       sf_mex_errbuf_createf      0000000180011610 f   sfc_mex:sfc_mex.obj
 0001:00010640       sf_mex_v_errbuf_catf       0000000180011640 f   sfc_mex:sfc_mex.obj
 0001:00010680       sf_mex_errbuf_catf         0000000180011680 f   sfc_mex:sfc_mex.obj
 0001:000106d0       sf_mex_errbuf_copy         00000001800116d0 f   sfc_mex:sfc_mex.obj
 0001:000106e0       sf_mex_errbuf_clear        00000001800116e0 f   sfc_mex:sfc_mex.obj
 0001:000106f0       sf_mex_errbuf_isempty      00000001800116f0 f   sfc_mex:sfc_mex.obj
 0001:00010800       sf_mex_set_error_status    0000000180011800 f   sfc_mex:sfc_mex.obj
 0001:00010850       sf_mex_error_direct_call   0000000180011850 f   sfc_mex:sfc_mex.obj
 0001:00010870       sf_mex_error_message_no_long_jump 0000000180011870 f   sfc_mex:sfc_mex.obj
 0001:00010890       sf_mex_long_jump_on_error  0000000180011890 f   sfc_mex:sfc_mex.obj
 0001:000108c0       sf_mex_call_matlab         00000001800118c0 f   sfc_mex:sfc_mex.obj
 0001:000109e0       sf_mex_check_builtin       00000001800119e0 f   sfc_mex:sfc_mex.obj
 0001:00010a20       sf_mex_check_builtin_vs    0000000180011a20 f   sfc_mex:sfc_mex.obj
 0001:00010a80       sf_mex_check_enum          0000000180011a80 f   sfc_mex:sfc_mex.obj
 0001:00010ab0       sf_mex_create_enum         0000000180011ab0 f   sfc_mex:sfc_mex.obj
 0001:00010ad0       sf_mex_get_enum_element    0000000180011ad0 f   sfc_mex:sfc_mex.obj
 0001:00010ae0       sf_mex_createcellarray     0000000180011ae0 f   sfc_mex:sfc_mex.obj
 0001:00010af0       sf_mex_setcell             0000000180011af0 f   sfc_mex:sfc_mex.obj
 0001:00010b00       sf_mex_getcell             0000000180011b00 f   sfc_mex:sfc_mex.obj
 0001:00010b10       sf_mex_dup                 0000000180011b10 f   sfc_mex:sfc_mex.obj
 0001:00010b30       sf_mex_assign              0000000180011b30 f   sfc_mex:sfc_mex.obj
 0001:00010bb0       sf_mex_destroy             0000000180011bb0 f   sfc_mex:sfc_mex.obj
 0001:00010be0       mx_array_has_fi_type       0000000180011be0 f   sfc_mex:sfc_mex.obj
 0001:00010c10       sf_mex_convert_from_fi     0000000180011c10 f   sfc_mex:sfc_mex.obj
 0001:00010cc0       sf_mex_convert_to_double   0000000180011cc0 f   sfc_mex:sfc_mex.obj
 0001:00010de0       sf_mex_import_fi_vs        0000000180011de0 f   sfc_mex:sfc_mex.obj
 0001:00010fa0       sf_matrix_matrix_index_ok  0000000180011fa0 f   sfc_mex:sfc_mex.obj
 0001:00011030       sf_vector_vector_index_ok  0000000180012030 f   sfc_mex:sfc_mex.obj
 0001:00011060       ssGetCurrentInputPortDimensions_wrapper 0000000180012060 f   sfc_mex:sfc_mex.obj
 0001:00011080       ssGetCurrentOutputPortDimensions_wrapper 0000000180012080 f   sfc_mex:sfc_mex.obj
 0001:000110a0       sf_mex_emlrt_context_is_debug_mode 00000001800120a0 f   sfc_mex:sfc_mex.obj
 0001:000110b0       sf_mex_emlrt_context_set_debug_mode 00000001800120b0 f   sfc_mex:sfc_mex.obj
 0001:000110c0       sf_mex_emlrtNameCapturePostProcessR2012a 00000001800120c0 f   sfc_mex:sfc_mex.obj
 0001:00011130       sf_clear_error_manager_info 0000000180012130 f   sfc_mex:sfc_mex.obj
 0001:00011190       sf_mex_stop_simulation_abruptly_wo_error 0000000180012190 f   sfc_mex:sfc_mex.obj
 0001:000111d0       sf_mex_error_message       00000001800121d0 f   sfc_mex:sfc_mex.obj
 0001:00011230       sf_react_to_error_in_matlab_call 0000000180012230 f   sfc_mex:sfc_mex.obj
 0001:00011260       sf_mex_addfield            0000000180012260 f   sfc_mex:sfc_mex.obj
 0001:00011300       sf_mex_getfield            0000000180012300 f   sfc_mex:sfc_mex.obj
 0001:00011600       sf_mex_check_class         0000000180012600 f   sfc_mex:sfc_mex.obj
 0001:000116a0       sf_mex_is_real             00000001800126a0 f   sfc_mex:sfc_mex.obj
 0001:00011b10       sf_mex_decode_encoded_mx_struct_array 0000000180012b10 f   sfc_mex:sfc_mex.obj
 0001:00011df0       sf_mex_lw_bounds_check     0000000180012df0 f   sfc_mex:sfc_mex.obj
 0001:00011e20       sf_mex_lw_size_eq_check_1d 0000000180012e20 f   sfc_mex:sfc_mex.obj
 0001:00011e40       sf_mex_lw_size_eq_check_nd 0000000180012e40 f   sfc_mex:sfc_mex.obj
 0001:00012020       sf_mex_lw_dim_size_eq_check 0000000180013020 f   sfc_mex:sfc_mex.obj
 0001:00012050       sf_mex_lw_dim_size_geq_check 0000000180013050 f   sfc_mex:sfc_mex.obj
 0001:00012080       sf_mex_lw_sub_assign_size_check_nd 0000000180013080 f   sfc_mex:sfc_mex.obj
 0001:000122b0       sf_mex_lw_runtime_error_msgid 00000001800132b0 f   sfc_mex:sfc_mex.obj
 0001:000123a0       sf_mex_lw_matrix_matrix_index_check 00000001800133a0 f   sfc_mex:sfc_mex.obj
 0001:000123c0       sf_mex_lw_vector_vector_index_check 00000001800133c0 f   sfc_mex:sfc_mex.obj
 0001:00012400       sf_mex_lw_for_loop_vector_check 0000000180013400 f   sfc_mex:sfc_mex.obj
 0001:00012480       sf_mex_lw_non_negative_check 0000000180013480 f   sfc_mex:sfc_mex.obj
 0001:000124c0       sf_mex_overflow_error      00000001800134c0 f   sfc_mex:sfc_mex.obj
 0001:000124d0       sf_mex_dividebyzero_error  00000001800134d0 f   sfc_mex:sfc_mex.obj
 0001:000124e0       sf_mex_unsafe_enum_error   00000001800134e0 f   sfc_mex:sfc_mex.obj
 0001:000124f0       sf_emlrtErrHandler         00000001800134f0 f   sfc_mex:sfc_mex.obj
 0001:000125d0       sf_mex_size_one_check      00000001800135d0 f   sfc_mex:sfc_mex.obj
 0001:000125f0       sf_mex_printf              00000001800135f0 f   sfc_mex:sfc_mex.obj
 0001:000127c0       sf_mex_check_size          00000001800137c0 f   sfc_mex:sfc_mex.obj
 0001:00012a90       sf_mex_check_struct        0000000180013a90 f   sfc_mex:sfc_mex.obj
 0001:00012cf0       sf_mex_check_struct_vs     0000000180013cf0 f   sfc_mex:sfc_mex.obj
 0001:00012d80       sf_mex_check_fi            0000000180013d80 f   sfc_mex:sfc_mex.obj
 0001:00012e80       sf_mex_check_fi_vs         0000000180013e80 f   sfc_mex:sfc_mex.obj
 0001:00012f20       sf_echo_expression         0000000180013f20 f   sfc_mex:sfc_mex.obj
 0001:00012f80       sf_assertion_failed        0000000180013f80 f   sfc_mex:sfc_mex.obj
 0001:00013260       sf_mex_evalin              0000000180014260 f   sfc_mex:sfc_mex.obj
 0001:000134d0       sf_mex_export              00000001800144d0 f   sfc_mex:sfc_mex.obj
 0001:00013590       sf_mex_get_ml_var_no_error 0000000180014590 f   sfc_mex:sfc_mex.obj
 0001:00013730       sf_mex_get_ml_var          0000000180014730 f   sfc_mex:sfc_mex.obj
 0001:00013bd0       ml_set_element_value_in_array 0000000180014bd0 f   sfc_mex:sfc_mex.obj
 0001:000152a0       sf_mex_call_impl           00000001800162a0 f   sfc_mex:sfc_mex.obj
 0001:000157d0       sf_mex_call_debug          00000001800167d0 f   sfc_mex:sfc_mex.obj
 0001:00015800       sf_mex_call                0000000180016800 f   sfc_mex:sfc_mex.obj
 0001:00015e50       sf_mex_createstruct        0000000180016e50 f   sfc_mex:sfc_mex.obj
 0001:00015f40       sf_mex_createstructarray   0000000180016f40 f   sfc_mex:sfc_mex.obj
 0001:00015fc0       sf_mex_get_mx_datatype_from_sf_datatype 0000000180016fc0 f   sfc_mex:sfc_mex.obj
 0001:000162d0       sf_mex_ml_var_sub          00000001800172d0 f   sfc_mex:sfc_mex.obj
 0001:000164a0       sf_mex_ml_var_subsasgn     00000001800174a0 f   sfc_mex:sfc_mex.obj
 0001:00016890       sf_mex_sub                 0000000180017890 f   sfc_mex:sfc_mex.obj
 0001:00016a90       sf_mex_subsasgn            0000000180017a90 f   sfc_mex:sfc_mex.obj
 0001:00016f70       sf_mex_create              0000000180017f70 f   sfc_mex:sfc_mex.obj
 0001:000179c0       sf_mex_import_named        00000001800189c0 f   sfc_mex:sfc_mex.obj
 0001:00017a20       sf_mex_import              0000000180018a20 f   sfc_mex:sfc_mex.obj
 0001:00017a70       sf_mex_import_vs           0000000180018a70 f   sfc_mex:sfc_mex.obj
 0001:00017b80       sf_mex_lower_fixpt_mx_array 0000000180018b80 f   sfc_mex:sfc_mex.obj
 0001:00017e70       sf_send_message_wrapper    0000000180018e70 f   sfc_mex:sfc_sf.obj
 0001:00017ea0       sf_receive_message_wrapper 0000000180018ea0 f   sfc_mex:sfc_sf.obj
 0001:00017ee0       sf_check_out_message_wrapper 0000000180018ee0 f   sfc_mex:sfc_sf.obj
 0001:00017f20       sf_check_in_message_wrapper 0000000180018f20 f   sfc_mex:sfc_sf.obj
 0001:00017f60       sf_no_message_wrapper      0000000180018f60 f   sfc_mex:sfc_sf.obj
 0001:000182f0       sim_mode_is_rtw_gen        00000001800192f0 f   sfc_mex:sfc_sf.obj
 0001:00018320       sim_mode_is_external       0000000180019320 f   sfc_mex:sfc_sf.obj
 0001:00018330       sim_mode_is_modelref_sim   0000000180019330 f   sfc_mex:sfc_sf.obj
 0001:00018350       mdlInitializeSizes         0000000180019350 f   sfc_mex:sfc_sf.obj
 0001:00018370       mdlInitializeSampleTimes   0000000180019370 f   sfc_mex:sfc_sf.obj
 0001:000183b0       mdlZeroCrossings           00000001800193b0 f   sfc_mex:sfc_sf.obj
 0001:00018490       mdlDerivatives             0000000180019490 f   sfc_mex:sfc_sf.obj
 0001:00018540       mdl_initialize_conditions_processing 0000000180019540 f   sfc_mex:sfc_sf.obj
 0001:00018570       mdlInitializeConditions    0000000180019570 f   sfc_mex:sfc_sf.obj
 0001:00018630       mdlGetSimState             0000000180019630 f   sfc_mex:sfc_sf.obj
 0001:00018640       mdlSetSimState             0000000180019640 f   sfc_mex:sfc_sf.obj
 0001:00018650       mdl_ext_mode_exec_processing 0000000180019650 f   sfc_mex:sfc_sf.obj
 0001:00018670       mdlExtModeExec             0000000180019670 f   sfc_mex:sfc_sf.obj
 0001:00018800       mdlTerminate               0000000180019800 f   sfc_mex:sfc_sf.obj
 0001:00018870       mdlRTW                     0000000180019870 f   sfc_mex:sfc_sf.obj
 0001:000188a0       mdlSetWorkWidths           00000001800198a0 f   sfc_mex:sfc_sf.obj
 0001:000188b0       mdlProcessParameters       00000001800198b0 f   sfc_mex:sfc_sf.obj
 0001:000188c0       mdl_start_processing       00000001800198c0 f   sfc_mex:sfc_sf.obj
 0001:00018900       mdlStart                   0000000180019900 f   sfc_mex:sfc_sf.obj
 0001:000189f0       mdlEnable                  00000001800199f0 f   sfc_mex:sfc_sf.obj
 0001:00018ac0       mdlDisable                 0000000180019ac0 f   sfc_mex:sfc_sf.obj
 0001:00018b70       sf_get_chart_instance_ptr  0000000180019b70 f   sfc_mex:sfc_sf.obj
 0001:00018b90       sf_load_rtw_optimization_info 0000000180019b90 f   sfc_mex:sfc_sf.obj
 0001:00018c60       sf_rtw_info_uint_prop      0000000180019c60 f   sfc_mex:sfc_sf.obj
 0001:00018da0       sf_is_chart_inlinable      0000000180019da0 f   sfc_mex:sfc_sf.obj
 0001:00018dc0       sf_mark_output_events_with_multiple_callers 0000000180019dc0 f   sfc_mex:sfc_sf.obj
 0001:00018f50       sf_mark_chart_reusable_outputs 0000000180019f50 f   sfc_mex:sfc_sf.obj
 0001:000191b0       sf_mark_chart_expressionable_inputs 000000018001a1b0 f   sfc_mex:sfc_sf.obj
 0001:00019410       sf_get_subchart_simstruct  000000018001a410 f   sfc_mex:sfc_sf.obj
 0001:00019460       sf_get_fixpt_data_type_id  000000018001a460 f   sfc_mex:sfc_sf.obj
 0001:000194a0       sf_get_enum_data_type_id   000000018001a4a0 f   sfc_mex:sfc_sf.obj
 0001:000194e0       sf_get_param_data_type_id  000000018001a4e0 f   sfc_mex:sfc_sf.obj
 0001:00019510       sf_mex_listen_for_ctrl_c_force 000000018001a510 f   sfc_mex:sfc_sf.obj
 0001:00019620       sf_mex_draw_now            000000018001a620 f   sfc_mex:sfc_sf.obj
 0001:00019660       sf_mex_set_debugger_sim_status_listener_fcn 000000018001a660 f   sfc_mex:sfc_sf.obj
 0001:00019670       sf_mex_listen_for_ctrl_c   000000018001a670 f   sfc_mex:sfc_sf.obj
 0001:00019700       sf_mex_get_sfun_param      000000018001a700 f   sfc_mex:sfc_sf.obj
 0001:00019750       sf_get_runtime_param_data  000000018001a750 f   sfc_mex:sfc_sf.obj
 0001:00019790       sf_call_output_fcn_call    000000018001a790 f   sfc_mex:sfc_sf.obj
 0001:000198d0       sf_call_output_fcn_enable  000000018001a8d0 f   sfc_mex:sfc_sf.obj
 0001:00019960       sf_call_output_fcn_disable 000000018001a960 f   sfc_mex:sfc_sf.obj
 0001:000199f0       sf_clear_rtw_identifier    000000018001a9f0 f   sfc_mex:sfc_sf.obj
 0001:0001a1e0       sf_set_encoded_dwork_info  000000018001b1e0 f   sfc_mex:sfc_sf.obj
 0001:0001a230       sf_get_dwork_info_from_mat_file 000000018001b230 f   sfc_mex:sfc_sf.obj
 0001:0001a3f0       sf_set_rtw_dwork_info      000000018001b3f0 f   sfc_mex:sfc_sf.obj
 0001:0001a560       mdlOutputs                 000000018001b560 f   sfc_mex:sfc_sf.obj
 0001:0001a700       sf_debug_disp              000000018001b700 f   sfc_debug:sfcdebug.obj
 0001:0001a960       sf_debug_data_runtime_size_mismatch_error_check 000000018001b960 f   sfc_debug:sfcdebug.obj
 0001:0001aa00       sf_debug_try_loading_machine 000000018001ba00 f   sfc_debug:sfcdebug.obj
 0001:0001ab00       sf_debug_reset_current_state_configuration 000000018001bb00 f   sfc_debug:sfcdebug.obj
 0001:0001ab90       sf_debug_store_current_state_configuration 000000018001bb90 f   sfc_debug:sfcdebug.obj
 0001:0001ac20       sf_debug_restore_previous_state_configuration 000000018001bc20 f   sfc_debug:sfcdebug.obj
 0001:0001acb0       sf_debug_restore_previous_state_configuration2 000000018001bcb0 f   sfc_debug:sfcdebug.obj
 0001:0001ad40       sf_debug_get_event_scope   000000018001bd40 f   sfc_debug:sfcdebug.obj
 0001:0001aeb0       use_debugger_step_animation 000000018001beb0 f   sfc_debug:sfcdebug.obj
 0001:0001aed0       sf_debug_get_script_id     000000018001bed0 f   sfc_debug:sfcdebug.obj
 0001:0001af60       sf_debug_set_script_translation 000000018001bf60 f   sfc_debug:sfcdebug.obj
 0001:0001b0e0       sf_debug_extract_message_post_receive_info 000000018001c0e0 f   sfc_debug:sfcdebug.obj
 0001:0001b1e0       sf_debug_get_current_machine_id 000000018001c1e0 f   sfc_debug:sfcdebug.obj
 0001:0001b200       sf_debug_get_current_optional_integer 000000018001c200 f   sfc_debug:sfcdebug.obj
 0001:0001b210       sf_debug_get_current_machine_number 000000018001c210 f   sfc_debug:sfcdebug.obj
 0001:0001b230       sf_debug_get_current_machine_name 000000018001c230 f   sfc_debug:sfcdebug.obj
 0001:0001b250       sf_debug_get_current_chart_id 000000018001c250 f   sfc_debug:sfcdebug.obj
 0001:0001b2a0       sf_debug_get_current_chart_number 000000018001c2a0 f   sfc_debug:sfcdebug.obj
 0001:0001b2b0       sf_debug_get_current_instance_number 000000018001c2b0 f   sfc_debug:sfcdebug.obj
 0001:0001b2c0       sf_debug_get_current_is_minor_time_step 000000018001c2c0 f   sfc_debug:sfcdebug.obj
 0001:0001b340       sf_debug_get_current_object_type 000000018001c340 f   sfc_debug:sfcdebug.obj
 0001:0001b350       sf_debug_get_current_instance_handle 000000018001c350 f   sfc_debug:sfcdebug.obj
 0001:0001b3b0       sf_debug_get_current_event_type 000000018001c3b0 f   sfc_debug:sfcdebug.obj
 0001:0001b3c0       sf_debug_get_current_object_id 000000018001c3c0 f   sfc_debug:sfcdebug.obj
 0001:0001b400       sf_debug_get_current_active_event_type 000000018001c400 f   sfc_debug:sfcdebug.obj
 0001:0001b410       sf_debug_get_current_active_event_id 000000018001c410 f   sfc_debug:sfcdebug.obj
 0001:0001b450       sf_debug_get_current_tag_type 000000018001c450 f   sfc_debug:sfcdebug.obj
 0001:0001b460       sf_debug_get_current_simulation_time 000000018001c460 f   sfc_debug:sfcdebug.obj
 0001:0001b470       sf_debug_get_current_coverage_percentage 000000018001c470 f   sfc_debug:sfcdebug.obj
 0001:0001b480       sf_debug_current_statement_context 000000018001c480 f   sfc_debug:sfcdebug.obj
 0001:0001b510       sf_debug_get_current_statement_info 000000018001c510 f   sfc_debug:sfcdebug.obj
 0001:0001b690       sf_debug_terminate_instance 000000018001c690 f   sfc_debug:sfcdebug.obj
 0001:0001b9d0       sf_debug_assertion_failed  000000018001c9d0 f   sfc_debug:sfcdebug.obj
 0001:0001bb80       sf_debug_set_number_of_data_with_change_event_for_machine 000000018001cb80 f   sfc_debug:sfcdebug.obj
 0001:0001bbc0       sf_debug_set_machine_event_thresholds 000000018001cbc0 f   sfc_debug:sfcdebug.obj
 0001:0001bbe0       sf_debug_set_machine_event_scope 000000018001cbe0 f   sfc_debug:sfcdebug.obj
 0001:0001bc20       sf_debug_set_machine_data_thresholds 000000018001cc20 f   sfc_debug:sfcdebug.obj
 0001:0001bc60       sf_debug_set_machine_data_scope 000000018001cc60 f   sfc_debug:sfcdebug.obj
 0001:0001bcf0       sf_debug_set_machine_data_name 000000018001ccf0 f   sfc_debug:sfcdebug.obj
 0001:0001bd90       sf_debug_set_machine_data_size 000000018001cd90 f   sfc_debug:sfcdebug.obj
 0001:0001bed0       sf_debug_set_machine_data_type 000000018001ced0 f   sfc_debug:sfcdebug.obj
 0001:0001c040       sf_debug_get_chart_data_number 000000018001d040 f   sfc_debug:sfcdebug.obj
 0001:0001c060       sf_debug_get_chart_event_number 000000018001d060 f   sfc_debug:sfcdebug.obj
 0001:0001c080       sf_debug_set_chart_state_info 000000018001d080 f   sfc_debug:sfcdebug.obj
 0001:0001c100       sf_debug_set_chart_decomposition 000000018001d100 f   sfc_debug:sfcdebug.obj
 0001:0001c170       sf_debug_set_chart_substate_count 000000018001d170 f   sfc_debug:sfcdebug.obj
 0001:0001c250       sf_debug_set_chart_substate_index 000000018001d250 f   sfc_debug:sfcdebug.obj
 0001:0001c2c0       sf_debug_set_chart_state_substate_count 000000018001d2c0 f   sfc_debug:sfcdebug.obj
 0001:0001c3d0       sf_debug_set_chart_state_substate_index 000000018001d3d0 f   sfc_debug:sfcdebug.obj
 0001:0001c450       sf_debug_set_number_of_data_with_change_event_for_chart 000000018001d450 f   sfc_debug:sfcdebug.obj
 0001:0001c4d0       sf_debug_set_number_of_states_with_entry_event_for_chart 000000018001d4d0 f   sfc_debug:sfcdebug.obj
 0001:0001c540       sf_debug_set_number_of_states_with_exit_event_for_chart 000000018001d540 f   sfc_debug:sfcdebug.obj
 0001:0001c5b0       sf_debug_set_chart_disable_implicit_casting 000000018001d5b0 f   sfc_debug:sfcdebug.obj
 0001:0001c620       sf_debug_set_chart_event_thresholds 000000018001d620 f   sfc_debug:sfcdebug.obj
 0001:0001c690       sf_debug_set_chart_data_compiled_props 000000018001d690 f   sfc_debug:sfcdebug.obj
 0001:0001c9e0       sf_debug_set_chart_data_props 000000018001d9e0 f   sfc_debug:sfcdebug.obj
 0001:0001cd00       sf_debug_check_fi_license  000000018001dd00 f   sfc_debug:sfcdebug.obj
 0001:0001cef0       sf_debug_symbol_scope_push 000000018001def0 f   sfc_debug:sfcdebug.obj
 0001:0001cf30       sf_debug_symbol_scope_push_eml 000000018001df30 f   sfc_debug:sfcdebug.obj
 0001:0001cf80       sf_debug_symbol_scope_pop  000000018001df80 f   sfc_debug:sfcdebug.obj
 0001:0001cfc0       sf_debug_symbol_scope_add_importable 000000018001dfc0 f   sfc_debug:sfcdebug.obj
 0001:0001d040       sf_debug_symbol_scope_add  000000018001e040 f   sfc_debug:sfcdebug.obj
 0001:0001d0c0       sf_debug_symbol_scope_add_dyn_importable 000000018001e0c0 f   sfc_debug:sfcdebug.obj
 0001:0001d180       sf_debug_symbol_scope_add_dyn 000000018001e180 f   sfc_debug:sfcdebug.obj
 0001:0001d1b0       sf_debug_symbol_scope_add_eml_importable 000000018001e1b0 f   sfc_debug:sfcdebug.obj
 0001:0001d1f0       sf_debug_symbol_scope_add_eml 000000018001e1f0 f   sfc_debug:sfcdebug.obj
 0001:0001d230       sf_debug_symbol_scope_add_eml_dyn_importable 000000018001e230 f   sfc_debug:sfcdebug.obj
 0001:0001d2a0       sf_debug_symbol_scope_add_eml_dyn 000000018001e2a0 f   sfc_debug:sfcdebug.obj
 0001:0001d300       sf_debug_symbol_switch     000000018001e300 f   sfc_debug:sfcdebug.obj
 0001:0001d320       sf_debug_symbol_scope_add_verbose 000000018001e320 f   sfc_debug:sfcdebug.obj
 0001:0001d3f0       sf_debug_set_machine_data_value_ptr 000000018001e3f0 f   sfc_debug:sfcdebug.obj
 0001:0001d430       sf_debug_set_instance_data_value_ptr 000000018001e430 f   sfc_debug:sfcdebug.obj
 0001:0001d4f0       sf_debug_unset_instance_data_value_ptr 000000018001e4f0 f   sfc_debug:sfcdebug.obj
 0001:0001d5a0       sf_debug_set_chart_event_scope 000000018001e5a0 f   sfc_debug:sfcdebug.obj
 0001:0001d620       sf_debug_set_chart_transition_coverage_maps 000000018001e620 f   sfc_debug:sfcdebug.obj
 0001:0001d730       sf_debug_set_chart_state_coverage_maps 000000018001e730 f   sfc_debug:sfcdebug.obj
 0001:0001d810       sf_debug_set_instance_transition_coverage_weights 000000018001e810 f   sfc_debug:sfcdebug.obj
 0001:0001d8b0       sf_debug_set_instance_state_coverage_weights 000000018001e8b0 f   sfc_debug:sfcdebug.obj
 0001:0001db00       sf_debug_unload_machine    000000018001eb00 f   sfc_debug:sfcdebug.obj
 0001:0001db50       sf_debug_load_machine      000000018001eb50 f   sfc_debug:sfcdebug.obj
 0001:0001dc50       sf_debug_set_active_instance_in_data_dictionary 000000018001ec50 f   sfc_debug:sfcdebug.obj
 0001:0001de30       sf_debug_set_active_instance 000000018001ee30 f   sfc_debug:sfcdebug.obj
 0001:0001df70       sf_debug_chart_visiblity_change 000000018001ef70 f   sfc_debug:sfcdebug.obj
 0001:0001e050       sf_debug_select_chart      000000018001f050 f   sfc_debug:sfcdebug.obj
 0001:0001e120       sf_debug_set_instance_cv_ids 000000018001f120 f   sfc_debug:sfcdebug.obj
 0001:0001e430       sf_debug_select_charts     000000018001f430 f   sfc_debug:sfcdebug.obj
 0001:0001e570       sf_debug_initialized       000000018001f570 f   sfc_debug:sfcdebug.obj
 0001:0001e580       sf_debug_is_uninterruptible 000000018001f580 f   sfc_debug:sfcdebug.obj
 0001:0001e5b0       sf_debug_initialize_debugger_gui 000000018001f5b0 f   sfc_debug:sfcdebug.obj
 0001:0001e9a0       sf_debug_resume            000000018001f9a0 f   sfc_debug:sfcdebug.obj
 0001:0001e9c0       sf_debug_go                000000018001f9c0 f   sfc_debug:sfcdebug.obj
 0001:0001e9d0       sf_debug_break             000000018001f9d0 f   sfc_debug:sfcdebug.obj
 0001:0001e9e0       sf_debug_step_over         000000018001f9e0 f   sfc_debug:sfcdebug.obj
 0001:0001e9f0       sf_debug_step_out          000000018001f9f0 f   sfc_debug:sfcdebug.obj
 0001:0001ea00       sf_debug_set_disable_all_breakpoints 000000018001fa00 f   sfc_debug:sfcdebug.obj
 0001:0001ea10       sf_debug_disable_all_breakpoints_and_go 000000018001fa10 f   sfc_debug:sfcdebug.obj
 0001:0001ea20       sf_debug_break_on_chart_entry 000000018001fa20 f   sfc_debug:sfcdebug.obj
 0001:0001ea30       sf_debug_break_on_event_broadcast 000000018001fa30 f   sfc_debug:sfcdebug.obj
 0001:0001ea40       sf_debug_break_on_state_entry 000000018001fa40 f   sfc_debug:sfcdebug.obj
 0001:0001ea50       sf_debug_break_between_times 000000018001fa50 f   sfc_debug:sfcdebug.obj
 0001:0001ea70       sf_debug_browse_data       000000018001fa70 f   sfc_debug:sfcdebug.obj
 0001:0001ea90       sf_debug_watch_data        000000018001fa90 f   sfc_debug:sfcdebug.obj
 0001:0001eab0       sf_debug_assign_data       000000018001fab0 f   sfc_debug:sfcdebug.obj
 0001:0001ead0       sf_debug_whos              000000018001fad0 f   sfc_debug:sfcdebug.obj
 0001:0001eaf0       sf_debug_get_consistency_info 000000018001faf0 f   sfc_debug:sfcdebug.obj
 0001:0001eb00       sf_debug_browse_trace      000000018001fb00 f   sfc_debug:sfcdebug.obj
 0001:0001eb10       sf_debug_set_breakpoints   000000018001fb10 f   sfc_debug:sfcdebug.obj
 0001:0001ec70       sf_debug_set_eml_breakpoints 000000018001fc70 f   sfc_debug:sfcdebug.obj
 0001:0001edd0       sf_debug_set_script_breakpoints 000000018001fdd0 f   sfc_debug:sfcdebug.obj
 0001:0001ee50       sf_debug_add_script_breakpoints 000000018001fe50 f   sfc_debug:sfcdebug.obj
 0001:0001eec0       sf_debug_clear_script_breakpoints 000000018001fec0 f   sfc_debug:sfcdebug.obj
 0001:0001ef30       sf_debug_query_script_breakpoints 000000018001ff30 f   sfc_debug:sfcdebug.obj
 0001:0001eff0       sf_debug_get_eml_script_id 000000018001fff0 f   sfc_debug:sfcdebug.obj
 0001:0001f040       sf_debug_set_watch         0000000180020040 f   sfc_debug:sfcdebug.obj
 0001:0001f270       sf_debug_get_instance_handle 0000000180020270 f   sfc_debug:sfcdebug.obj
 0001:0001f300       sf_debug_get_active_states 0000000180020300 f   sfc_debug:sfcdebug.obj
 0001:0001f310       sf_debug_get_animation     0000000180020310 f   sfc_debug:sfcdebug.obj
 0001:0001f320       sf_debug_set_animation     0000000180020320 f   sfc_debug:sfcdebug.obj
 0001:0001f330       sf_debug_animate           0000000180020330 f   sfc_debug:sfcdebug.obj
 0001:0001f360       sf_debug_cycle_detection_check 0000000180020360 f   sfc_debug:sfcdebug.obj
 0001:0001f370       sf_debug_data_range_check  0000000180020370 f   sfc_debug:sfcdebug.obj
 0001:0001f380       sf_debug_transition_conflict_check 0000000180020380 f   sfc_debug:sfcdebug.obj
 0001:0001f390       sf_debug_state_consistency_check 0000000180020390 f   sfc_debug:sfcdebug.obj
 0001:0001f3a0       sf_debug_data_range_check_enabled 00000001800203a0 f   sfc_debug:sfcdebug.obj
 0001:0001f3c0       sf_debug_transition_conflict_check_enabled 00000001800203c0 f   sfc_debug:sfcdebug.obj
 0001:0001f3e0       sf_debug_transition_conflict_check_begin 00000001800203e0 f   sfc_debug:sfcdebug.obj
 0001:0001f400       sf_debug_transition_conflict_check_end 0000000180020400 f   sfc_debug:sfcdebug.obj
 0001:0001f420       sf_debug_stop_debugging    0000000180020420 f   sfc_debug:sfcdebug.obj
 0001:0001f450       sf_debug_is_cycle_detected 0000000180020450 f   sfc_debug:sfcdebug.obj
 0001:0001f460       sf_debug_is_array_bounds_detected 0000000180020460 f   sfc_debug:sfcdebug.obj
 0001:0001f470       sf_debug_get_state_vectors_data_size 0000000180020470 f   sfc_debug:sfcdebug.obj
 0001:0001f4b0       sf_debug_get_state_vectors_data 00000001800204b0 f   sfc_debug:sfcdebug.obj
 0001:0001f5b0       sf_debug_set_state_vectors_data 00000001800205b0 f   sfc_debug:sfcdebug.obj
 0001:0001f870       sf_debug_get_script_index  0000000180020870 f   sfc_debug:sfcdebug.obj
 0001:0001fa00       sf_debug_add_script        0000000180020a00 f   sfc_debug:sfcdebug.obj
 0001:0001fb90       cv_eval_point              0000000180020b90 f   sfc_debug:sfcdebug.obj
 0001:0001fd00       cv_eval_testobjective      0000000180020d00 f   sfc_debug:sfcdebug.obj
 0001:0001fe20       sf_debug_cv_init_state     0000000180020e20 f   sfc_debug:sfcdebug.obj
 0001:0001ff40       sf_debug_cv_init_chart     0000000180020f40 f   sfc_debug:sfcdebug.obj
 0001:00020020       sf_debug_cv_init_trans     0000000180021020 f   sfc_debug:sfcdebug.obj
 0001:00020120       sf_debug_cv_init_testobjectives 0000000180021120 f   sfc_debug:sfcdebug.obj
 0001:00020300       cv_eml_init_script         0000000180021300 f   sfc_debug:sfcdebug.obj
 0001:00020400       cv_eml_init_fcn            0000000180021400 f   sfc_debug:sfcdebug.obj
 0001:000204b0       cv_eml_init_testobjective  00000001800214b0 f   sfc_debug:sfcdebug.obj
 0001:00020580       cv_eml_init_if             0000000180021580 f   sfc_debug:sfcdebug.obj
 0001:00020650       cv_eml_init_for            0000000180021650 f   sfc_debug:sfcdebug.obj
 0001:00020710       cv_eml_init_while          0000000180021710 f   sfc_debug:sfcdebug.obj
 0001:000207d0       cv_eml_init_mcdc           00000001800217d0 f   sfc_debug:sfcdebug.obj
 0001:000208e0       cv_eml_init_switch         00000001800218e0 f   sfc_debug:sfcdebug.obj
 0001:000209d0       cv_eml_eval                00000001800219d0 f   sfc_debug:sfcdebug.obj
 0001:00020ab0       sf_debug_bm_is_a_eml_breakpoint 0000000180021ab0 f   sfc_debug:sfcdebug.obj
 0001:00020c00       sf_debug_temporal_threshold 0000000180021c00 f   sfc_debug:sfcdebug.obj
 0001:00020f60       sf_debug_transition_conflict_error 0000000180021f60 f   sfc_debug:sfcdebug.obj
 0001:000212e0       sf_debug_state_inconsistency_error 00000001800222e0 f   sfc_debug:sfcdebug.obj
 0001:00021400       sf_debug_check_for_state_inconsistency 0000000180022400 f   sfc_debug:sfcdebug.obj
 0001:00021430       sf_debug_cycle_detecton_error 0000000180022430 f   sfc_debug:sfcdebug.obj
 0001:00021c20       sf_debug_size_eq_check_1d  0000000180022c20 f   sfc_debug:sfcdebug.obj
 0001:00021c40       sf_debug_size_eq_check_nd  0000000180022c40 f   sfc_debug:sfcdebug.obj
 0001:00021e20       sf_debug_dim_size_eq_check 0000000180022e20 f   sfc_debug:sfcdebug.obj
 0001:00021e50       sf_debug_dim_size_geq_check 0000000180022e50 f   sfc_debug:sfcdebug.obj
 0001:00021e80       sf_debug_sub_assign_size_check_nd 0000000180022e80 f   sfc_debug:sfcdebug.obj
 0001:000220c0       sf_debug_matrix_matrix_index_check 00000001800230c0 f   sfc_debug:sfcdebug.obj
 0001:000220f0       sf_debug_vector_vector_index_check 00000001800230f0 f   sfc_debug:sfcdebug.obj
 0001:00022120       sf_debug_for_loop_vector_check 0000000180023120 f   sfc_debug:sfcdebug.obj
 0001:000221a0       sf_debug_runtime_error_msgid 00000001800231a0 f   sfc_debug:sfcdebug.obj
 0001:00022230       sf_debug_data_array_bounds_error_check 0000000180023230 f   sfc_debug:sfcdebug.obj
 0001:00022340       sf_debug_eml_data_array_bounds_error_check 0000000180023340 f   sfc_debug:sfcdebug.obj
 0001:00022820       sf_debug_integer_check     0000000180023820 f   sfc_debug:sfcdebug.obj
 0001:00022900       sf_debug_not_nan_check     0000000180023900 f   sfc_debug:sfcdebug.obj
 0001:000229c0       sf_debug_non_negative_check 00000001800239c0 f   sfc_debug:sfcdebug.obj
 0001:00022a80       sf_debug_overflow_detection 0000000180023a80 f   sfc_debug:sfcdebug.obj
 0001:00023170       sf_debug_cast_to_real32_T  0000000180024170 f   sfc_debug:sfcdebug.obj
 0001:00023230       sf_debug_cast_to_int8_T    0000000180024230 f   sfc_debug:sfcdebug.obj
 0001:000232f0       sf_debug_cast_to_uint8_T   00000001800242f0 f   sfc_debug:sfcdebug.obj
 0001:000233b0       sf_debug_cast_to_int16_T   00000001800243b0 f   sfc_debug:sfcdebug.obj
 0001:00023470       sf_debug_cast_to_uint16_T  0000000180024470 f   sfc_debug:sfcdebug.obj
 0001:00023530       sf_debug_cast_to_int32_T   0000000180024530 f   sfc_debug:sfcdebug.obj
 0001:000235f0       sf_debug_cast_to_uint32_T  00000001800245f0 f   sfc_debug:sfcdebug.obj
 0001:000236b0       sf_debug_data_range_error  00000001800246b0 f   sfc_debug:sfcdebug.obj
 0001:00023a00       sf_debug_read_before_write_check 0000000180024a00 f   sfc_debug:sfcdebug.obj
 0001:00023df0       sf_debug_data_range_error_wrapper_min_max 0000000180024df0 f   sfc_debug:sfcdebug.obj
 0001:00023ee0       sf_debug_data_range_error_wrapper_min 0000000180024ee0 f   sfc_debug:sfcdebug.obj
 0001:00023fc0       sf_debug_data_range_error_wrapper_max 0000000180024fc0 f   sfc_debug:sfcdebug.obj
 0001:000240a0       sf_debug_data_range_wrapper 00000001800250a0 f   sfc_debug:sfcdebug.obj
 0001:00024150       sf_debug_set_current_status_info 0000000180025150 f   sfc_debug:sfcdebug.obj
 0001:00024500       sf_debug_register_message_post_receive_info 0000000180025500 f   sfc_debug:sfcdebug.obj
 0001:00024770       sf_debug_call              0000000180025770 f   sfc_debug:sfcdebug.obj
 0001:00025630       sf_debug_initialize_machine 0000000180026630 f   sfc_debug:sfcdebug.obj
 0001:00025940       sf_debug_initialize_chart  0000000180026940 f   sfc_debug:sfcdebug.obj
 0001:00025e20       sf_debug_ensure_script     0000000180026e20 f   sfc_debug:sfcdebug.obj
 0001:00025ee0       cv_script_init_script      0000000180026ee0 f   sfc_debug:sfcdebug.obj
 0001:00025fc0       cv_script_init_fcn         0000000180026fc0 f   sfc_debug:sfcdebug.obj
 0001:00026070       cv_script_init_testobjective 0000000180027070 f   sfc_debug:sfcdebug.obj
 0001:00026120       cv_script_init_if          0000000180027120 f   sfc_debug:sfcdebug.obj
 0001:000261d0       cv_script_init_for         00000001800271d0 f   sfc_debug:sfcdebug.obj
 0001:00026280       cv_script_init_while       0000000180027280 f   sfc_debug:sfcdebug.obj
 0001:00026330       cv_script_init_mcdc        0000000180027330 f   sfc_debug:sfcdebug.obj
 0001:00026430       cv_script_init_switch      0000000180027430 f   sfc_debug:sfcdebug.obj
 0001:00026510       cv_script_eval             0000000180027510 f   sfc_debug:sfcdebug.obj
 0001:000265f0       eml_debug_line_call        00000001800275f0 f   sfc_debug:sfcdebug.obj
 0001:000267a0       sf_debug_terminate         00000001800277a0 f   sfc_debug:sfcdebug.obj
 0001:00026910       sf_debug_set_script_cv_ids 0000000180027910 f   sfc_debug:sfcdebug.obj
 0001:00026a40       sf_debug_api               0000000180027a40 f   sfc_debug:sfc_api.obj
 0001:00028220       sf_debug_sm_terminate      0000000180029220 f   sfc_debug:sfdb_animation.obj
 0001:000283e0       sf_debug_reset_path_objects 00000001800293e0 f   sfc_debug:sfdb_animation.obj
 0001:00028460       sf_debug_sm_reset_object_selection_status 0000000180029460 f   sfc_debug:sfdb_animation.obj
 0001:00028500       sf_debug_sm_reset_state_buffer 0000000180029500 f   sfc_debug:sfdb_animation.obj
 0001:000285d0       sf_debug_sm_store_state_buffer 00000001800295d0 f   sfc_debug:sfdb_animation.obj
 0001:00028650       sf_debug_sm_restore_state_buffer1 0000000180029650 f   sfc_debug:sfdb_animation.obj
 0001:000286c0       sf_debug_sm_restore_state_buffer2 00000001800296c0 f   sfc_debug:sfdb_animation.obj
 0001:00028730       sf_debug_sm_chart_active   0000000180029730 f   sfc_debug:sfdb_animation.obj
 0001:00028780       sf_debug_sm_select_active_objects 0000000180029780 f   sfc_debug:sfdb_animation.obj
 0001:00028c30       sf_debug_sm_is_chart_active 0000000180029c30 f   sfc_debug:sfdb_animation.obj
 0001:00028c70       sf_debug_sm_is_state_active 0000000180029c70 f   sfc_debug:sfdb_animation.obj
 0001:00028eb0       sf_debug_sm_get_active_states 0000000180029eb0 f   sfc_debug:sfdb_animation.obj
 0001:00029470       sf_debug_sm_initialize_instance 000000018002a470 f   sfc_debug:sfdb_animation.obj
 0001:000296c0       sf_debug_sm_change_object_selection_status 000000018002a6c0 f   sfc_debug:sfdb_animation.obj
 0001:000299b0       cv_create_interface        000000018002a9b0 f   sfc_debug:cv_sfinterface.obj
 0001:00029d10       cv_init_trans              000000018002ad10 f   sfc_debug:cv_sfinterface.obj
 0001:00029d60       cv_init_testobjective      000000018002ad60 f   sfc_debug:cv_sfinterface.obj
 0001:00029da0       cv_init_state              000000018002ada0 f   sfc_debug:cv_sfinterface.obj
 0001:00029e10       cv_init_chart              000000018002ae10 f   sfc_debug:cv_sfinterface.obj
 0001:00029e60       cv_dec_update_call         000000018002ae60 f   sfc_debug:cv_sfinterface.obj
 0001:00029ea0       cv_cond_update_call        000000018002aea0 f   sfc_debug:cv_sfinterface.obj
 0001:00029ee0       cv_testobjective_update_call 000000018002aee0 f   sfc_debug:cv_sfinterface.obj
 0001:00029f20       cv_sigrange_update         000000018002af20 f   sfc_debug:cv_sfinterface.obj
 0001:00029f60       cvsf_eml_eval              000000018002af60 f   sfc_debug:cv_sfinterface.obj
 0001:0002a040       cvsf_eml_init_script       000000018002b040 f   sfc_debug:cv_sfinterface.obj
 0001:0002a0c0       cvsf_eml_init_fcn          000000018002b0c0 f   sfc_debug:cv_sfinterface.obj
 0001:0002a120       cvsf_eml_init_testobjective 000000018002b120 f   sfc_debug:cv_sfinterface.obj
 0001:0002a180       cvsf_eml_init_if           000000018002b180 f   sfc_debug:cv_sfinterface.obj
 0001:0002a1e0       cvsf_eml_init_for          000000018002b1e0 f   sfc_debug:cv_sfinterface.obj
 0001:0002a230       cvsf_eml_init_while        000000018002b230 f   sfc_debug:cv_sfinterface.obj
 0001:0002a280       cvsf_eml_init_mcdc         000000018002b280 f   sfc_debug:cv_sfinterface.obj
 0001:0002a310       cvsf_eml_init_switch       000000018002b310 f   sfc_debug:cv_sfinterface.obj
 0001:0002a380       cvsf_script_eval           000000018002b380 f   sfc_debug:cv_sfinterface.obj
 0001:0002a460       cvsf_script_init_script    000000018002b460 f   sfc_debug:cv_sfinterface.obj
 0001:0002a4e0       cvsf_script_init_fcn       000000018002b4e0 f   sfc_debug:cv_sfinterface.obj
 0001:0002a540       cvsf_script_init_testobjective 000000018002b540 f   sfc_debug:cv_sfinterface.obj
 0001:0002a5a0       cvsf_script_init_if        000000018002b5a0 f   sfc_debug:cv_sfinterface.obj
 0001:0002a600       cvsf_script_init_for       000000018002b600 f   sfc_debug:cv_sfinterface.obj
 0001:0002a650       cvsf_script_init_while     000000018002b650 f   sfc_debug:cv_sfinterface.obj
 0001:0002a6a0       cvsf_script_init_mcdc      000000018002b6a0 f   sfc_debug:cv_sfinterface.obj
 0001:0002a730       cvsf_script_init_switch    000000018002b730 f   sfc_debug:cv_sfinterface.obj
 0001:0002a7a0       cv_destroy_interface       000000018002b7a0 f   sfc_debug:cv_sfinterface.obj
 0001:0002a7c0       cv_create_instance_objects 000000018002b7c0 f   sfc_debug:cv_sfinterface.obj
 0001:0002ac70       cv_is_enabled              000000018002bc70 f   sfc_debug:cv_sfinterface.obj
 0001:0002ac80       sf_debug_cv_initialize_script 000000018002bc80 f   sfc_debug:cv_sfinterface.obj
 0001:0002ae30       sf_debug_cv_initialize_instance 000000018002be30 f   sfc_debug:cv_sfinterface.obj
 0001:0002b1d0       sf_debug_cv_terminate_chart 000000018002c1d0 f   sfc_debug:cv_sfinterface.obj
 0001:0002b310       cv_call_trans_test         000000018002c310 f   sfc_debug:cv_sfinterface.obj
 0001:0002b320       cv_call_sub_cond_test      000000018002c320 f   sfc_debug:cv_sfinterface.obj
 0001:0002b360       sf_debug_st_initialize_machine 000000018002c360 f   sfc_debug:sfdb_data_browse.obj
 0001:0002b420       sf_debug_st_initialize_instance 000000018002c420 f   sfc_debug:sfdb_data_browse.obj
 0001:0002b650       sf_debug_st_terminate      000000018002c650 f   sfc_debug:sfdb_data_browse.obj
 0001:0002b9f0       sf_debug_st_set_data_value_ptr_in_machine 000000018002c9f0 f   sfc_debug:sfdb_data_browse.obj
 0001:0002ba80       sf_debug_st_set_data_value_ptr_in_instance 000000018002ca80 f   sfc_debug:sfdb_data_browse.obj
 0001:0002bb60       sf_debug_st_unset_data_value_ptr_in_machine 000000018002cb60 f   sfc_debug:sfdb_data_browse.obj
 0001:0002bbd0       sf_debug_st_unset_data_value_ptr_in_instance 000000018002cbd0 f   sfc_debug:sfdb_data_browse.obj
 0001:0002bee0       sf_debug_mx_value          000000018002cee0 f   sfc_debug:sfdb_data_browse.obj
 0001:0002bf40       sf_debug_mx_packed_vector  000000018002cf40 f   sfc_debug:sfdb_data_browse.obj
 0001:0002c020       sf_debug_mx_uint_vector    000000018002d020 f   sfc_debug:sfdb_data_browse.obj
 0001:0002c0e0       sf_debug_st_get_double_value_from_void_ptr_vector 000000018002d0e0 f   sfc_debug:sfdb_data_browse.obj
 0001:0002cbd0       sf_debug_st_browse_data    000000018002dbd0 f   sfc_debug:sfdb_data_browse.obj
 0001:0002d460       sf_debug_hm_initialize_instance 000000018002e460 f   sfc_debug:sfdb_handle_management.obj
 0001:0002d9e0       sf_debug_hm_get_object_id  000000018002e9e0 f   sfc_debug:sfdb_handle_management.obj
 0001:0002f950       sf_debug_object_is_eml_function 0000000180030950 f   sfc_debug:sfdb_handle_management.obj
 0001:0002f9c0       sf_debug_hm_initialize_ids_in_machine 00000001800309c0 f   sfc_debug:sfdb_handle_management.obj
 0001:0002fb30       sf_debug_hm_initialize_ids_in_chart 0000000180030b30 f   sfc_debug:sfdb_handle_management.obj
 0001:0002fc70       sf_debug_hm_initialize_chart 0000000180030c70 f   sfc_debug:sfdb_handle_management.obj
 0001:00030420       sf_debug_hm_terminate      0000000180031420 f   sfc_debug:sfdb_handle_management.obj
 0001:00030480       sf_debug_hm_initialize_machine 0000000180031480 f   sfc_debug:sfdb_handle_management.obj
 0001:00030c30       sf_debug_ss_initialize     0000000180031c30 f   sfc_debug:sfdb_symbol_scope.obj
 0001:00030c50       sf_debug_ss_terminate      0000000180031c50 f   sfc_debug:sfdb_symbol_scope.obj
 0001:00030ce0       sf_debug_ss_push_symbol_scope 0000000180031ce0 f   sfc_debug:sfdb_symbol_scope.obj
 0001:00030de0       sf_debug_ss_push_symbol_scope_eml 0000000180031de0 f   sfc_debug:sfdb_symbol_scope.obj
 0001:00030e40       sf_debug_ss_pop_symbol_scope 0000000180031e40 f   sfc_debug:sfdb_symbol_scope.obj
 0001:00030ef0       sf_debug_ss_add_symbol     0000000180031ef0 f   sfc_debug:sfdb_symbol_scope.obj
 0001:00031050       sf_debug_ss_add_symbol_eml 0000000180032050 f   sfc_debug:sfdb_symbol_scope.obj
 0001:00031d30       sf_debug_ss_set_data_value 0000000180032d30 f   sfc_debug:sfdb_symbol_scope.obj
 0001:000321d0       sf_debug_ss_watch_data     00000001800331d0 f   sfc_debug:sfdb_symbol_scope.obj
 0001:00032270       sf_debug_ss_assign_data    0000000180033270 f   sfc_debug:sfdb_symbol_scope.obj
 0001:00032c70       get_data_entry_name        0000000180033c70 f   sfc_debug:sfdb_symbol_scope.obj
 0001:00032cc0       sf_debug_ss_whos           0000000180033cc0 f   sfc_debug:sfdb_symbol_scope.obj
 0001:000333d0       sf_debug_cc_initialize_chart 00000001800343d0 f   sfc_debug:sfdb_coverage.obj
 0001:00033dc0       sf_debug_cc_initialize_instance 0000000180034dc0 f   sfc_debug:sfdb_coverage.obj
 0001:00034bc0       sf_debug_cc_terminate      0000000180035bc0 f   sfc_debug:sfdb_coverage.obj
 0001:00034cb0       sf_debug_cc_set_transition_maps 0000000180035cb0 f   sfc_debug:sfdb_coverage.obj
 0001:00034de0       sf_debug_cc_set_state_maps 0000000180035de0 f   sfc_debug:sfdb_coverage.obj
 0001:00034ec0       sf_debug_cc_set_transition_weights 0000000180035ec0 f   sfc_debug:sfdb_coverage.obj
 0001:00035190       sf_debug_cc_set_state_weights 0000000180036190 f   sfc_debug:sfdb_coverage.obj
 0001:00035460       sf_debug_cc_mark_transition_guard 0000000180036460 f   sfc_debug:sfdb_coverage.obj
 0001:000354f0       sf_debug_cc_mark_transition_trigger 00000001800364f0 f   sfc_debug:sfdb_coverage.obj
 0001:00035580       sf_debug_cc_mark_transition_decision 0000000180036580 f   sfc_debug:sfdb_coverage.obj
 0001:000355f0       sf_debug_cc_mark_transition_condition_action 00000001800365f0 f   sfc_debug:sfdb_coverage.obj
 0001:00035640       sf_debug_cc_mark_transition_transition_action 0000000180036640 f   sfc_debug:sfdb_coverage.obj
 0001:00035690       sf_debug_cc_mark_state_entry 0000000180036690 f   sfc_debug:sfdb_coverage.obj
 0001:000356e0       sf_debug_cc_mark_state_during 00000001800366e0 f   sfc_debug:sfdb_coverage.obj
 0001:00035730       sf_debug_cc_mark_state_exit 0000000180036730 f   sfc_debug:sfdb_coverage.obj
 0001:00035780       sf_debug_bm_clear_script_breakpoints 0000000180036780 f   sfc_debug:sfdb_breakpoints.obj
 0001:000357b0       sf_debug_bm_set_script_breakpoint 00000001800367b0 f   sfc_debug:sfdb_breakpoints.obj
 0001:00035830       sf_debug_bm_clear_single_script_breakpoint 0000000180036830 f   sfc_debug:sfdb_breakpoints.obj
 0001:000358b0       sf_debug_bm_query_script_breakpoint 00000001800368b0 f   sfc_debug:sfdb_breakpoints.obj
 0001:00035900       sf_debug_bm_initialize_scripts 0000000180036900 f   sfc_debug:sfdb_breakpoints.obj
 0001:00036020       sf_debug_bm_terminate      0000000180037020 f   sfc_debug:sfdb_breakpoints.obj
 0001:00036310       sf_debug_bm_remove_all_breakpoints_in_machine 0000000180037310 f   sfc_debug:sfdb_breakpoints.obj
 0001:00036380       sf_debug_bm_remove_all_breakpoints_in_chart 0000000180037380 f   sfc_debug:sfdb_breakpoints.obj
 0001:000364d0       sf_debug_bm_initialize_global_breakpoints 00000001800374d0 f   sfc_debug:sfdb_breakpoints.obj
 0001:00036650       sf_debug_bm_set_breakpoint 0000000180037650 f   sfc_debug:sfdb_breakpoints.obj
 0001:00036c80       sf_debug_bm_set_eml_breakpoint 0000000180037c80 f   sfc_debug:sfdb_breakpoints.obj
 0001:00036d20       sf_debug_bm_initialize_machine_breakpoint_map 0000000180037d20 f   sfc_debug:sfdb_breakpoints.obj
 0001:00037140       sf_debug_bm_is_a_breakpoint 0000000180038140 f   sfc_debug:sfdb_breakpoints.obj
 0001:00037660       sf_debug_bm_get_all_breakpoints_in_machine 0000000180038660 f   sfc_debug:sfdb_breakpoints.obj
 0001:00037960       sf_debug_bm_get_all_breakpoints_in_chart 0000000180038960 f   sfc_debug:sfdb_breakpoints.obj
 0001:00038620       sf_debug_bm_initialize_machine 0000000180039620 f   sfc_debug:sfdb_breakpoints.obj
 0001:000386f0       sf_debug_bm_initialize_chart 00000001800396f0 f   sfc_debug:sfdb_breakpoints.obj
 0001:00038b10       sf_debug_sc_terminate      0000000180039b10 f   sfc_debug:sfdb_state_consistency.obj
 0001:00038e40       sf_debug_sc_is_chart_consistent 0000000180039e40 f   sfc_debug:sfdb_state_consistency.obj
 0001:000390f0       sf_debug_sc_get_consistency_error_info 000000018003a0f0 f   sfc_debug:sfdb_state_consistency.obj
 0001:00039540       sf_debug_tm_terminate      000000018003a540 f   sfc_debug:sfdb_call_stack.obj
 0001:00039600       sf_debug_tm_push_chart_instance 000000018003a600 f   sfc_debug:sfdb_call_stack.obj
 0001:00039750       sf_debug_tm_pop_chart_instance 000000018003a750 f   sfc_debug:sfdb_call_stack.obj
 0001:000397b0       sf_debug_tm_push_trace_node 000000018003a7b0 f   sfc_debug:sfdb_call_stack.obj
 0001:00039940       sf_debug_tm_pop_trace_node 000000018003a940 f   sfc_debug:sfdb_call_stack.obj
 0001:000399c0       sf_debug_tm_get_current_global_trace_index 000000018003a9c0 f   sfc_debug:sfdb_call_stack.obj
 0001:000399d0       sf_debug_tm_get_current_local_trace_index 000000018003a9d0 f   sfc_debug:sfdb_call_stack.obj
 0001:00039a00       sf_debug_tm_set_cycle_detected_flag 000000018003aa00 f   sfc_debug:sfdb_call_stack.obj
 0001:00039a40       sf_debug_tm_set_cycle_started_flag 000000018003aa40 f   sfc_debug:sfdb_call_stack.obj
 0001:00039a80       sf_debug_tm_get_chart_number_from_stack 000000018003aa80 f   sfc_debug:sfdb_call_stack.obj
 0001:00039c80       sf_debug_tm_browse_trace   000000018003ac80 f   sfc_debug:sfdb_call_stack.obj
 0001:00039fc0       sf_debug_cd_initialize_instance 000000018003afc0 f   sfc_debug:sfdb_cycle_detection.obj
 0001:0003a270       sf_debug_cd_mark_processed_transition_in_instance 000000018003b270 f   sfc_debug:sfdb_cycle_detection.obj
 0001:0003a310       sf_debug_cd_checksum_push  000000018003b310 f   sfc_debug:sfdb_cycle_detection.obj
 0001:0003a5d0       sf_debug_cd_checksum_pop   000000018003b5d0 f   sfc_debug:sfdb_cycle_detection.obj
 0001:0003a640       sf_debug_cd_turn_off_cycle_detection 000000018003b640 f   sfc_debug:sfdb_cycle_detection.obj
 0001:0003a690       sf_debug_cd_terminate      000000018003b690 f   sfc_debug:sfdb_cycle_detection.obj
 0001:0003a8d0       md5_initialize_state       000000018003b8d0 f   sfc_debug:ckmd5.obj
 0001:0003b340       md5_update_state           000000018003c340 f   sfc_debug:ckmd5.obj
 0001:0003b360       md5_get_hash               000000018003c360 f   sfc_debug:ckmd5.obj
 0001:0003b390       md5_get_hash_for_a_single_string 000000018003c390 f   sfc_debug:ckmd5.obj
 0001:0003b3f4       mxGetPr                    000000018003c3f4 f   libmx:libmx.dll
 0001:0003b3fa       mxCreateDoubleScalar       000000018003c3fa f   libmx:libmx.dll
 0001:0003b400       mxCreateDoubleMatrix_730   000000018003c400 f   libmx:libmx.dll
 0001:0003b406       mxSetField_730             000000018003c406 f   libmx:libmx.dll
 0001:0003b40c       mxCreateString             000000018003c40c f   libmx:libmx.dll
 0001:0003b412       mxCreateStructMatrix_730   000000018003c412 f   libmx:libmx.dll
 0001:0003b418       mxDestroyArray             000000018003c418 f   libmx:libmx.dll
 0001:0003b41e       mxDuplicateArray           000000018003c41e f   libmx:libmx.dll
 0001:0003b424       mxGetNaN                   000000018003c424 f   libmx:libmx.dll
 0001:0003b42a       mxGetString_730            000000018003c42a f   libmx:libmx.dll
 0001:0003b430       mxIsChar                   000000018003c430 f   libmx:libmx.dll
 0001:0003b436       mxGetClassID               000000018003c436 f   libmx:libmx.dll
 0001:0003b43c       mxIsNumeric                000000018003c43c f   libmx:libmx.dll
 0001:0003b442       mxIsComplex                000000018003c442 f   libmx:libmx.dll
 0001:0003b448       mxGetN                     000000018003c448 f   libmx:libmx.dll
 0001:0003b44e       mxGetM                     000000018003c44e f   libmx:libmx.dll
 0001:0003b454       mxCalloc                   000000018003c454 f   libmx:libmx.dll
 0001:0003b45a       mxGetScalar                000000018003c45a f   libmx:libmx.dll
 0001:0003b460       mxIsLogical                000000018003c460 f   libmx:libmx.dll
 0001:0003b466       mxCreateDoubleMatrix_700   000000018003c466 f   libmx:libmx.dll
 0001:0003b46c       mxFree                     000000018003c46c f   libmx:libmx.dll
 0001:0003b472       mxArrayToString            000000018003c472 f   libmx:libmx.dll
 0001:0003b478       mxCreateCellMatrix_700     000000018003c478 f   libmx:libmx.dll
 0001:0003b47e       mxSetCell_700              000000018003c47e f   libmx:libmx.dll
 0001:0003b484       mxGetCell_700              000000018003c484 f   libmx:libmx.dll
 0001:0003b48a       mxGetClassName             000000018003c48a f   libmx:libmx.dll
 0001:0003b490       mxSetField_700             000000018003c490 f   libmx:libmx.dll
 0001:0003b496       mxAddField                 000000018003c496 f   libmx:libmx.dll
 0001:0003b49c       mxGetField_700             000000018003c49c f   libmx:libmx.dll
 0001:0003b4a2       mxGetNumberOfElements      000000018003c4a2 f   libmx:libmx.dll
 0001:0003b4a8       mxIsStruct                 000000018003c4a8 f   libmx:libmx.dll
 0001:0003b4ae       mxIsA                      000000018003c4ae f   libmx:libmx.dll
 0001:0003b4b4       mxIsClass                  000000018003c4b4 f   libmx:libmx.dll
 0001:0003b4ba       mxGetLogicals              000000018003c4ba f   libmx:libmx.dll
 0001:0003b4c0       mxIsSparse                 000000018003c4c0 f   libmx:libmx.dll
 0001:0003b4c6       mxSetFieldByNumber_700     000000018003c4c6 f   libmx:libmx.dll
 0001:0003b4cc       mxGetFieldByNumber_700     000000018003c4cc f   libmx:libmx.dll
 0001:0003b4d2       mxGetFieldNameByNumber     000000018003c4d2 f   libmx:libmx.dll
 0001:0003b4d8       mxGetNumberOfFields        000000018003c4d8 f   libmx:libmx.dll
 0001:0003b4de       mxCreateStructMatrix_700   000000018003c4de f   libmx:libmx.dll
 0001:0003b4e4       mxGetFieldNumber           000000018003c4e4 f   libmx:libmx.dll
 0001:0003b4ea       mxIsNaN                    000000018003c4ea f   libmx:libmx.dll
 0001:0003b4f0       mxIsEmpty                  000000018003c4f0 f   libmx:libmx.dll
 0001:0003b4f6       mxGetData                  000000018003c4f6 f   libmx:libmx.dll
 0001:0003b4fc       mxGetImagData              000000018003c4fc f   libmx:libmx.dll
 0001:0003b502       mxArrayClassIDName         000000018003c502 f   libmx:libmx.dll
 0001:0003b508       mxCreateNumericMatrix_700  000000018003c508 f   libmx:libmx.dll
 0001:0003b50e       mxCreateStructArray_700    000000018003c50e f   libmx:libmx.dll
 0001:0003b514       mxCalcSingleSubscript_700  000000018003c514 f   libmx:libmx.dll
 0001:0003b51a       mxGetDimensions_700        000000018003c51a f   libmx:libmx.dll
 0001:0003b520       mxGetNumberOfDimensions_700 000000018003c520 f   libmx:libmx.dll
 0001:0003b526       mxCreateNumericArray_700   000000018003c526 f   libmx:libmx.dll
 0001:0003b52c       mxGetElementSize           000000018003c52c f   libmx:libmx.dll
 0001:0003b532       mxCreateStringFromNChars_700 000000018003c532 f   libmx:libmx.dll
 0001:0003b538       mxGetString_700            000000018003c538 f   libmx:libmx.dll
 0001:0003b53e       mxIsLogicalScalarTrue      000000018003c53e f   libmx:libmx.dll
 0001:0003b544       mxCreateLogicalScalar      000000018003c544 f   libmx:libmx.dll
 0001:0003b54a       mexUnlock                  000000018003c54a f   libmex:libmex.dll
 0001:0003b550       mexIsLocked                000000018003c550 f   libmex:libmex.dll
 0001:0003b556       mexWarnMsgTxt              000000018003c556 f   libmex:libmex.dll
 0001:0003b55c       mexCallMATLAB              000000018003c55c f   libmex:libmex.dll
 0001:0003b562       mexErrMsgTxt               000000018003c562 f   libmex:libmex.dll
 0001:0003b568       mexMakeArrayPersistent     000000018003c568 f   libmex:libmex.dll
 0001:0003b56e       mexSetTrapFlag             000000018003c56e f   libmex:libmex.dll
 0001:0003b574       mexPutVariable             000000018003c574 f   libmex:libmex.dll
 0001:0003b57a       mexGetVariable             000000018003c57a f   libmex:libmex.dll
 0001:0003b580       mexLock                    000000018003c580 f   libmex:libmex.dll
 0001:0003b586       mexMakeMemoryPersistent    000000018003c586 f   libmex:libmex.dll
 0001:0003b58c       mexFunctionName            000000018003c58c f   libmex:libmex.dll
 0001:0003b592       ssRegisterDataTypeFxpFSlopeFixExpBias 000000018003c592 f   libfixedpoint:libfixedpoint.dll
 0001:0003b598       utVSNprintf                000000018003c598 f   libut:libut.dll
 0001:0003b59e       utCPUtime                  000000018003c59e f   libut:libut.dll
 0001:0003b5a4       utFree                     000000018003c5a4 f   libut:libut.dll
 0001:0003b5aa       utMalloc                   000000018003c5aa f   libut:libut.dll
 0001:0003b5b0       muDoubleScalarCos          000000018003c5b0 f   libmwmathutil:libmwmathutil.dll
 0001:0003b5b6       muDoubleScalarSin          000000018003c5b6 f   libmwmathutil:libmwmathutil.dll
 0001:0003b5bc       muDoubleScalarIsNaN        000000018003c5bc f   libmwmathutil:libmwmathutil.dll
 0001:0003b5c2       muDoubleScalarIsInf        000000018003c5c2 f   libmwmathutil:libmwmathutil.dll
 0001:0003b5c8       muDoubleScalarAbs          000000018003c5c8 f   libmwmathutil:libmwmathutil.dll
 0001:0003b5ce       muDoubleScalarRem          000000018003c5ce f   libmwmathutil:libmwmathutil.dll
 0001:0003b5d4       emlrtCheckBuiltInCtxR2011a 000000018003c5d4 f   libemlrt:libemlrt.dll
 0001:0003b5da       emlrtCheckVsBuiltInCtxR2011a 000000018003c5da f   libemlrt:libemlrt.dll
 0001:0003b5e0       emlrtCheckEnumR2009a       000000018003c5e0 f   libemlrt:libemlrt.dll
 0001:0003b5e6       emlrtCreateEnumR2010a      000000018003c5e6 f   libemlrt:libemlrt.dll
 0001:0003b5ec       emlrtGetEnumElementR2009a  000000018003c5ec f   libemlrt:libemlrt.dll
 0001:0003b5f2       emlrtCreateReference       000000018003c5f2 f   libemlrt:libemlrt.dll
 0001:0003b5f8       emlrtImportVsFiArrayR2009b 000000018003c5f8 f   libemlrt:libemlrt.dll
 0001:0003b5fe       emlrtNameCapturePostProcessR2012a 000000018003c5fe f   libemlrt:libemlrt.dll
 0001:0003b604       emlrtExtractMessageId      000000018003c604 f   libemlrt:libemlrt.dll
 0001:0003b60a       emlrtTranslateMessageIDtoLCPstring 000000018003c60a f   libemlrt:libemlrt.dll
 0001:0003b610       emlrtForLoopVectorIsValidR2011b 000000018003c610 f   libemlrt:libemlrt.dll
 0001:0003b616       emlrtTranslateUTF16MessagetoLCPstring 000000018003c616 f   libemlrt:libemlrt.dll
 0001:0003b61c       emlrtGetEnumUnderlyingArrayR2009a 000000018003c61c f   libemlrt:libemlrt.dll
 0001:0003b622       emlrtIsEnumR2009a          000000018003c622 f   libemlrt:libemlrt.dll
 0001:0003b628       __GSHandlerCheckCommon     000000018003c628 f   MSVCRT:gshandler.obj
 0001:0003b68c       __GSHandlerCheck           000000018003c68c f   MSVCRT:gshandler.obj
 0001:0003b6aa       strlen                     000000018003c6aa f   MSVCRT:MSVCR100.dll
 0001:0003b6c0       __security_check_cookie    000000018003c6c0 f   MSVCRT:amdsecgs.obj
 0001:0003b6e0       memset                     000000018003c6e0 f   MSVCRT:MSVCR100.dll
 0001:0003b6e6       malloc                     000000018003c6e6 f   MSVCRT:MSVCR100.dll
 0001:0003b6ec       free                       000000018003c6ec f   MSVCRT:MSVCR100.dll
 0001:0003b6f2       strcmp                     000000018003c6f2 f   MSVCRT:MSVCR100.dll
 0001:0003b6f8       sprintf                    000000018003c6f8 f   MSVCRT:MSVCR100.dll
 0001:0003b6fe       strcat                     000000018003c6fe f   MSVCRT:MSVCR100.dll
 0001:0003b704       memcpy                     000000018003c704 f   MSVCRT:MSVCR100.dll
 0001:0003b70c       NtCurrentTeb               000000018003c70c f i MSVCRT:crtdll.obj
 0001:0003b778       _CRT_INIT                  000000018003c778 f   MSVCRT:crtdll.obj
 0001:0003bb10       _DllMainCRTStartup         000000018003cb10 f   MSVCRT:crtdll.obj
 0001:0003bb4e       strncpy                    000000018003cb4e f   MSVCRT:MSVCR100.dll
 0001:0003bb70       __chkstk                   000000018003cb70 f   MSVCRT:chkstk.obj
 0001:0003bb70       _alloca_probe              000000018003cb70     MSVCRT:chkstk.obj
 0001:0003bbbe       longjmp                    000000018003cbbe f   MSVCRT:MSVCR100.dll
 0001:0003bbc4       strncmp                    000000018003cbc4 f   MSVCRT:MSVCR100.dll
 0001:0003bbca       ceil                       000000018003cbca f   MSVCRT:MSVCR100.dll
 0001:0003bbd0       strrchr                    000000018003cbd0 f   MSVCRT:MSVCR100.dll
 0001:0003bbd6       _setjmp                    000000018003cbd6 f   MSVCRT:MSVCR100.dll
 0001:0003bbdc       calloc                     000000018003cbdc f   MSVCRT:MSVCR100.dll
 0001:0003bbe2       realloc                    000000018003cbe2 f   MSVCRT:MSVCR100.dll
 0001:0003bbe8       ldexp                      000000018003cbe8 f   MSVCRT:MSVCR100.dll
 0001:0003bbf0       __report_gsfailure         000000018003cbf0 f   MSVCRT:gs_report.obj
 0001:0003bd3c       __clean_type_info_names    000000018003cd3c f   MSVCRT:tncleanup.obj
 0001:0003bd48       _onexit                    000000018003cd48 f   MSVCRT:atonexit.obj
 0001:0003bdf8       atexit                     000000018003cdf8 f   MSVCRT:atonexit.obj
 0001:0003be10       _RTC_Initialize            000000018003ce10 f   MSVCRT:_initsect_.obj
 0001:0003be48       _RTC_Terminate             000000018003ce48 f   MSVCRT:_initsect_.obj
 0001:0003be80       _malloc_crt                000000018003ce80 f   MSVCRT:MSVCR100.dll
 0001:0003be90       _ValidateImageBase         000000018003ce90 f   MSVCRT:pesect.obj
 0001:0003bec0       _FindPESection             000000018003cec0 f   MSVCRT:pesect.obj
 0001:0003bf10       _IsNonwritableInCurrentImage 000000018003cf10 f   MSVCRT:pesect.obj
 0001:0003bf52       _initterm                  000000018003cf52 f   MSVCRT:MSVCR100.dll
 0001:0003bf58       _initterm_e                000000018003cf58 f   MSVCRT:MSVCR100.dll
 0001:0003bf5e       _encoded_null              000000018003cf5e f   MSVCRT:MSVCR100.dll
 0001:0003bf64       _amsg_exit                 000000018003cf64 f   MSVCRT:MSVCR100.dll
 0001:0003bf6a       __C_specific_handler       000000018003cf6a f   MSVCRT:MSVCR100.dll
 0001:0003bf70       __CppXcptFilter            000000018003cf70 f   MSVCRT:MSVCR100.dll
 0001:0003bf78       DllMain                    000000018003cf78 f   MSVCRT:dllmain.obj
 0001:0003bf9c       __security_init_cookie     000000018003cf9c f   MSVCRT:gs_support.obj
 0001:0003c050       __crt_debugger_hook        000000018003d050 f   MSVCRT:MSVCR100.dll
 0001:0003c056       __clean_type_info_names_internal 000000018003d056 f   MSVCRT:MSVCR100.dll
 0001:0003c05c       _unlock                    000000018003d05c f   MSVCRT:MSVCR100.dll
 0001:0003c062       __dllonexit                000000018003d062 f   MSVCRT:MSVCR100.dll
 0001:0003c068       _lock                      000000018003d068 f   MSVCRT:MSVCR100.dll
 0001:0003c06e       EncodePointer              000000018003d06e f   kernel32:KERNEL32.dll
 0001:0003c074       DecodePointer              000000018003d074 f   kernel32:KERNEL32.dll
 0001:0003c07a       Sleep                      000000018003d07a f   kernel32:KERNEL32.dll
 0001:0003c080       TerminateProcess           000000018003d080 f   kernel32:KERNEL32.dll
 0001:0003c086       GetCurrentProcess          000000018003d086 f   kernel32:KERNEL32.dll
 0001:0003c08c       UnhandledExceptionFilter   000000018003d08c f   kernel32:KERNEL32.dll
 0001:0003c092       SetUnhandledExceptionFilter 000000018003d092 f   kernel32:KERNEL32.dll
 0001:0003c098       IsDebuggerPresent          000000018003d098 f   kernel32:KERNEL32.dll
 0001:0003c09e       RtlVirtualUnwind           000000018003d09e f   kernel32:KERNEL32.dll
 0001:0003c0a4       RtlLookupFunctionEntry     000000018003d0a4 f   kernel32:KERNEL32.dll
 0001:0003c0aa       RtlCaptureContext          000000018003d0aa f   kernel32:KERNEL32.dll
 0001:0003c0b0       DisableThreadLibraryCalls  000000018003d0b0 f   kernel32:KERNEL32.dll
 0001:0003c0b6       QueryPerformanceCounter    000000018003d0b6 f   kernel32:KERNEL32.dll
 0001:0003c0bc       GetTickCount               000000018003d0bc f   kernel32:KERNEL32.dll
 0001:0003c0c2       GetCurrentThreadId         000000018003d0c2 f   kernel32:KERNEL32.dll
 0001:0003c0c8       GetCurrentProcessId        000000018003d0c8 f   kernel32:KERNEL32.dll
 0001:0003c0ce       GetSystemTimeAsFileTime    000000018003d0ce f   kernel32:KERNEL32.dll
 0002:00000000       __imp_DisableThreadLibraryCalls 000000018003e000     kernel32:KERNEL32.dll
 0002:00000008       __imp_RtlCaptureContext    000000018003e008     kernel32:KERNEL32.dll
 0002:00000010       __imp_RtlLookupFunctionEntry 000000018003e010     kernel32:KERNEL32.dll
 0002:00000018       __imp_RtlVirtualUnwind     000000018003e018     kernel32:KERNEL32.dll
 0002:00000020       __imp_IsDebuggerPresent    000000018003e020     kernel32:KERNEL32.dll
 0002:00000028       __imp_SetUnhandledExceptionFilter 000000018003e028     kernel32:KERNEL32.dll
 0002:00000030       __imp_UnhandledExceptionFilter 000000018003e030     kernel32:KERNEL32.dll
 0002:00000038       __imp_GetCurrentProcess    000000018003e038     kernel32:KERNEL32.dll
 0002:00000040       __imp_TerminateProcess     000000018003e040     kernel32:KERNEL32.dll
 0002:00000048       __imp_Sleep                000000018003e048     kernel32:KERNEL32.dll
 0002:00000050       __imp_DecodePointer        000000018003e050     kernel32:KERNEL32.dll
 0002:00000058       __imp_EncodePointer        000000018003e058     kernel32:KERNEL32.dll
 0002:00000060       __imp_GetTickCount         000000018003e060     kernel32:KERNEL32.dll
 0002:00000068       __imp_GetCurrentThreadId   000000018003e068     kernel32:KERNEL32.dll
 0002:00000070       __imp_GetCurrentProcessId  000000018003e070     kernel32:KERNEL32.dll
 0002:00000078       __imp_GetSystemTimeAsFileTime 000000018003e078     kernel32:KERNEL32.dll
 0002:00000080       __imp_QueryPerformanceCounter 000000018003e080     kernel32:KERNEL32.dll
 0002:00000088       \177KERNEL32_NULL_THUNK_DATA 000000018003e088     kernel32:KERNEL32.dll
 0002:00000090       __imp_realloc              000000018003e090     MSVCRT:MSVCR100.dll
 0002:00000098       __imp__onexit              000000018003e098     MSVCRT:MSVCR100.dll
 0002:000000a0       __imp__lock                000000018003e0a0     MSVCRT:MSVCR100.dll
 0002:000000a8       __imp___dllonexit          000000018003e0a8     MSVCRT:MSVCR100.dll
 0002:000000b0       __imp__unlock              000000018003e0b0     MSVCRT:MSVCR100.dll
 0002:000000b8       __imp___clean_type_info_names_internal 000000018003e0b8     MSVCRT:MSVCR100.dll
 0002:000000c0       __imp___crt_debugger_hook  000000018003e0c0     MSVCRT:MSVCR100.dll
 0002:000000c8       __imp___CppXcptFilter      000000018003e0c8     MSVCRT:MSVCR100.dll
 0002:000000d0       __imp___C_specific_handler 000000018003e0d0     MSVCRT:MSVCR100.dll
 0002:000000d8       __imp__amsg_exit           000000018003e0d8     MSVCRT:MSVCR100.dll
 0002:000000e0       __imp__encoded_null        000000018003e0e0     MSVCRT:MSVCR100.dll
 0002:000000e8       __imp__initterm_e          000000018003e0e8     MSVCRT:MSVCR100.dll
 0002:000000f0       __imp__initterm            000000018003e0f0     MSVCRT:MSVCR100.dll
 0002:000000f8       __imp__malloc_crt          000000018003e0f8     MSVCRT:MSVCR100.dll
 0002:00000100       __imp_ldexp                000000018003e100     MSVCRT:MSVCR100.dll
 0002:00000108       __imp_strlen               000000018003e108     MSVCRT:MSVCR100.dll
 0002:00000110       __imp_calloc               000000018003e110     MSVCRT:MSVCR100.dll
 0002:00000118       __imp__setjmp              000000018003e118     MSVCRT:MSVCR100.dll
 0002:00000120       __imp_strrchr              000000018003e120     MSVCRT:MSVCR100.dll
 0002:00000128       __imp_ceil                 000000018003e128     MSVCRT:MSVCR100.dll
 0002:00000130       __imp_strncmp              000000018003e130     MSVCRT:MSVCR100.dll
 0002:00000138       __imp_longjmp              000000018003e138     MSVCRT:MSVCR100.dll
 0002:00000140       __imp_strncpy              000000018003e140     MSVCRT:MSVCR100.dll
 0002:00000148       __imp_memcpy               000000018003e148     MSVCRT:MSVCR100.dll
 0002:00000150       __imp_strcat               000000018003e150     MSVCRT:MSVCR100.dll
 0002:00000158       __imp_sprintf              000000018003e158     MSVCRT:MSVCR100.dll
 0002:00000160       __imp_strcmp               000000018003e160     MSVCRT:MSVCR100.dll
 0002:00000168       __imp_free                 000000018003e168     MSVCRT:MSVCR100.dll
 0002:00000170       __imp_malloc               000000018003e170     MSVCRT:MSVCR100.dll
 0002:00000178       __imp_memset               000000018003e178     MSVCRT:MSVCR100.dll
 0002:00000180       \177MSVCR100_NULL_THUNK_DATA 000000018003e180     MSVCRT:MSVCR100.dll
 0002:00000188       __imp_emlrtGetEnumUnderlyingArrayR2009a 000000018003e188     libemlrt:libemlrt.dll
 0002:00000190       __imp_emlrtIsEnumR2009a    000000018003e190     libemlrt:libemlrt.dll
 0002:00000198       __imp_emlrtCheckBuiltInCtxR2011a 000000018003e198     libemlrt:libemlrt.dll
 0002:000001a0       __imp_emlrtTranslateUTF16MessagetoLCPstring 000000018003e1a0     libemlrt:libemlrt.dll
 0002:000001a8       __imp_emlrtForLoopVectorIsValidR2011b 000000018003e1a8     libemlrt:libemlrt.dll
 0002:000001b0       __imp_emlrtTranslateMessageIDtoLCPstring 000000018003e1b0     libemlrt:libemlrt.dll
 0002:000001b8       __imp_emlrtExtractMessageId 000000018003e1b8     libemlrt:libemlrt.dll
 0002:000001c0       __imp_emlrtNameCapturePostProcessR2012a 000000018003e1c0     libemlrt:libemlrt.dll
 0002:000001c8       __imp_emlrtCheckVsBuiltInCtxR2011a 000000018003e1c8     libemlrt:libemlrt.dll
 0002:000001d0       __imp_emlrtCheckEnumR2009a 000000018003e1d0     libemlrt:libemlrt.dll
 0002:000001d8       __imp_emlrtCreateEnumR2010a 000000018003e1d8     libemlrt:libemlrt.dll
 0002:000001e0       __imp_emlrtGetEnumElementR2009a 000000018003e1e0     libemlrt:libemlrt.dll
 0002:000001e8       __imp_emlrtCreateReference 000000018003e1e8     libemlrt:libemlrt.dll
 0002:000001f0       __imp_emlrtImportVsFiArrayR2009b 000000018003e1f0     libemlrt:libemlrt.dll
 0002:000001f8       \177libemlrt_NULL_THUNK_DATA 000000018003e1f8     libemlrt:libemlrt.dll
 0002:00000200       __imp_ssRegisterDataTypeFxpFSlopeFixExpBias 000000018003e200     libfixedpoint:libfixedpoint.dll
 0002:00000208       \177libfixedpoint_NULL_THUNK_DATA 000000018003e208     libfixedpoint:libfixedpoint.dll
 0002:00000210       __imp_mexLock              000000018003e210     libmex:libmex.dll
 0002:00000218       __imp_mexMakeMemoryPersistent 000000018003e218     libmex:libmex.dll
 0002:00000220       __imp_mexFunctionName      000000018003e220     libmex:libmex.dll
 0002:00000228       __imp_mexGetVariable       000000018003e228     libmex:libmex.dll
 0002:00000230       __imp_mexPutVariable       000000018003e230     libmex:libmex.dll
 0002:00000238       __imp_mexMakeArrayPersistent 000000018003e238     libmex:libmex.dll
 0002:00000240       __imp_mexErrMsgTxt         000000018003e240     libmex:libmex.dll
 0002:00000248       __imp_mexCallMATLAB        000000018003e248     libmex:libmex.dll
 0002:00000250       __imp_mexWarnMsgTxt        000000018003e250     libmex:libmex.dll
 0002:00000258       __imp_mexIsLocked          000000018003e258     libmex:libmex.dll
 0002:00000260       __imp_mexUnlock            000000018003e260     libmex:libmex.dll
 0002:00000268       __imp_mexSetTrapFlag       000000018003e268     libmex:libmex.dll
 0002:00000270       \177libmex_NULL_THUNK_DATA 000000018003e270     libmex:libmex.dll
 0002:00000278       __imp_muDoubleScalarIsNaN  000000018003e278     libmwmathutil:libmwmathutil.dll
 0002:00000280       __imp_muDoubleScalarIsInf  000000018003e280     libmwmathutil:libmwmathutil.dll
 0002:00000288       __imp_muDoubleScalarAbs    000000018003e288     libmwmathutil:libmwmathutil.dll
 0002:00000290       __imp_muDoubleScalarRem    000000018003e290     libmwmathutil:libmwmathutil.dll
 0002:00000298       __imp_muDoubleScalarSin    000000018003e298     libmwmathutil:libmwmathutil.dll
 0002:000002a0       __imp_muDoubleScalarCos    000000018003e2a0     libmwmathutil:libmwmathutil.dll
[...]
 0001:00013990       ml_get_element_value_from_array 0000000180014990 f   sfc_mex:sfc_mex.obj
 0001:00013d30       _ml_generic_castability_check 0000000180014d30 f   sfc_mex:sfc_mex.obj
 0001:00014a90       ml_generic_castability_check 0000000180015a90 f   sfc_mex:sfc_mex.obj
 0001:00014b30       ml_check_mx_array_for_single_castability 0000000180015b30 f   sfc_mex:sfc_mex.obj
 0001:00014bd0       ml_check_mx_array_for_logical_castability 0000000180015bd0 f   sfc_mex:sfc_mex.obj
 0001:00014c70       ml_check_mx_array_for_int8_castability 0000000180015c70 f   sfc_mex:sfc_mex.obj
 0001:00014d20       ml_check_mx_array_for_uint8_castability 0000000180015d20 f   sfc_mex:sfc_mex.obj
 0001:00014d80       ml_check_mx_array_for_int16_castability 0000000180015d80 f   sfc_mex:sfc_mex.obj
 0001:00014de0       ml_check_mx_array_for_uint16_castability 0000000180015de0 f   sfc_mex:sfc_mex.obj
 0001:00014e40       ml_check_mx_array_for_int32_castability 0000000180015e40 f   sfc_mex:sfc_mex.obj
 0001:00014ea0       ml_check_mx_array_for_uint32_castability 0000000180015ea0 f   sfc_mex:sfc_mex.obj
 0001:00014f00       ml_check_mx_array_for_castability 0000000180015f00 f   sfc_mex:sfc_mex.obj
 0001:00015830       set_data_value             0000000180016830 f   sfc_mex:sfc_mex.obj
 0001:00015ba0       get_data_value             0000000180016ba0 f   sfc_mex:sfc_mex.obj
 0001:00015cb0       get_next_element_address   0000000180016cb0 f   sfc_mex:sfc_mex.obj
 0001:00015d80       sf_normalize_index         0000000180016d80 f   sfc_mex:sfc_mex.obj
 0001:00016110       ml_array_index_bound_check 0000000180017110 f   sfc_mex:sfc_mex.obj
 0001:00016c30       mx_value                   0000000180017c30 f   sfc_mex:sfc_mex.obj
 0001:00016c80       sf_create_numeric_array    0000000180017c80 f   sfc_mex:sfc_mex.obj
 0001:00016d20       sf_mex_assign_to_mx_array  0000000180017d20 f   sfc_mex:sfc_mex.obj
 0001:00017070       assign_from_mx_array       0000000180018070 f   sfc_mex:sfc_mex.obj
 0001:000178a0       sf_mex_import_v            00000001800188a0 f   sfc_mex:sfc_mex.obj
 0001:00017fa0       get_machine_and_chart_file_number 0000000180018fa0 f   sfc_mex:sfc_sf.obj
 0001:00018090       get_sfun_block_specialization 0000000180019090 f   sfc_mex:sfc_sf.obj
 0001:00018140       call_sf_machine_global_method_dispatcher 0000000180019140 f   sfc_mex:sfc_sf.obj
 0001:00018390       mdl_zeroCrossings_processing 0000000180019390 f   sfc_mex:sfc_sf.obj
 0001:00018460       mdl_derivatives_processing 0000000180019460 f   sfc_mex:sfc_sf.obj
 0001:00018720       mdl_outputs_continuous_legacy 0000000180019720 f   sfc_mex:sfc_sf.obj
 0001:000187a0       mdl_outputs_processing     00000001800197a0 f   sfc_mex:sfc_sf.obj
 0001:000189d0       mdl_enable_processing      00000001800199d0 f   sfc_mex:sfc_sf.obj
 0001:00018aa0       mdl_disable_processing     0000000180019aa0 f   sfc_mex:sfc_sf.obj
 0001:00019810       sf_call_output_fcn_enable_disable 000000018001a810 f   sfc_mex:sfc_sf.obj
 0001:00019a90       set_dwork_information_from_mx_array 000000018001aa90 f   sfc_mex:sfc_sf.obj
 0001:0001a350       ptr2mxStruct               000000018001b350 f   sfc_mex:sfc_sf.obj
 0001:0001a660       SNPRINTF_WRAPPER           000000018001b660 f   sfc_debug:sfcdebug.obj
 0001:0001a680       sf_debug_chart_instance_initialized_quick 000000018001b680 f   sfc_debug:sfcdebug.obj
 0001:0001a690       sf_debug_chart_instance_initialized 000000018001b690 f   sfc_debug:sfcdebug.obj
 0001:0001a830       sfrtAddSize                000000018001b830 f   sfc_debug:sfcdebug.obj
 0001:0001a8f0       sfrtGenSizeString          000000018001b8f0 f   sfc_debug:sfcdebug.obj
 0001:0001b000       fill_single_message_info   000000018001c000 f   sfc_debug:sfcdebug.obj
 0001:0001b1c0       sf_debug_sim_status_listener 000000018001c1c0 f   sfc_debug:sfcdebug.obj
 0001:0001b730       sf_debug_form_mask_bits    000000018001c730 f   sfc_debug:sfcdebug.obj
 0001:0001b770       sf_debug_form_sf_data_type_offsets 000000018001c770 f   sfc_debug:sfcdebug.obj
 0001:0001b830       sf_debug_free_all          000000018001c830 f   sfc_debug:sfcdebug.obj
 0001:0001b9e0       sf_debug_append_debugger_context 000000018001c9e0 f   sfc_debug:sfcdebug.obj
 0001:0001bca0       local_strdup               000000018001cca0 f   sfc_debug:sfcdebug.obj
 0001:0001cb80       sf_debug_em_terminate      000000018001db80 f   sfc_debug:sfcdebug.obj
 0001:0001cbc0       sf_debug_push_eml_function 000000018001dbc0 f   sfc_debug:sfcdebug.obj
 0001:0001cc60       sf_debug_pop_eml_function  000000018001dc60 f   sfc_debug:sfcdebug.obj
 0001:0001d960       sf_debug_get_machine_number_from_id_or_name 000000018001e960 f   sfc_debug:sfcdebug.obj
 0001:0001dab0       sf_debug_get_chart_number_from_id 000000018001eab0 f   sfc_debug:sfcdebug.obj
 0001:0001e720       sf_debug_transfer_control_to_debugger_GUI 000000018001f720 f   sfc_debug:sfcdebug.obj
 0001:0001f6b0       sf_debug_scripts_rehash    00000001800206b0 f   sfc_debug:sfcdebug.obj
 0001:0001f8f0       sf_debug_get_script_line_count 00000001800208f0 f   sfc_debug:sfcdebug.obj
 0001:00020220       cv_eml_state_cvId          0000000180021220 f   sfc_debug:sfcdebug.obj
 0001:00020290       cv_eml_trans_cvId          0000000180021290 f   sfc_debug:sfcdebug.obj
 0001:00021550       sf_debug_data_array_bounds_error 0000000180022550 f   sfc_debug:sfcdebug.obj
 0001:00021980       eml_debug_runtime_error_doclink 0000000180022980 f   sfc_debug:sfcdebug.obj
 0001:00021b00       sf_debug_runtime_error     0000000180022b00 f   sfc_debug:sfcdebug.obj
 0001:00021b70       sf_debug_matlab_error      0000000180022b70 f   sfc_debug:sfcdebug.obj
 0001:000224a0       sf_debug_data_value_error  00000001800234a0 f   sfc_debug:sfcdebug.obj
 0001:00022da0       sf_debug_data_loss_error   0000000180023da0 f   sfc_debug:sfcdebug.obj
 0001:00023cc0       call_cv_range_check        0000000180024cc0 f   sfc_debug:sfcdebug.obj
 0001:00024490       sf_debug_invoke_cycle_detection_code 0000000180025490 f   sfc_debug:sfcdebug.obj
 0001:00025570       sf_reset_debug_info_struct 0000000180026570 f   sfc_debug:sfcdebug.obj
 0001:00025e60       cv_script_cvId             0000000180026e60 f   sfc_debug:sfcdebug.obj
 0001:00026bb0       sfc_api_chart_visible      0000000180027bb0 f   sfc_debug:sfc_api.obj
 0001:00026c30       sfc_api_active_instance    0000000180027c30 f   sfc_debug:sfc_api.obj
 0001:00026cb0       sfc_api_machine_load       0000000180027cb0 f   sfc_debug:sfc_api.obj
 0001:00026d80       sfc_api_debugger_alive     0000000180027d80 f   sfc_debug:sfc_api.obj
 0001:00026d90       sfc_api_go                 0000000180027d90 f   sfc_debug:sfc_api.obj
 0001:00026da0       sfc_api_step_over          0000000180027da0 f   sfc_debug:sfc_api.obj
 0001:00026db0       sfc_api_step_out           0000000180027db0 f   sfc_debug:sfc_api.obj
 0001:00026dc0       sfc_api_resume             0000000180027dc0 f   sfc_debug:sfc_api.obj
 0001:00026dd0       sfc_api_break              0000000180027dd0 f   sfc_debug:sfc_api.obj
 0001:00026de0       sfc_api_stop_debugging     0000000180027de0 f   sfc_debug:sfc_api.obj
 0001:00026e30       sfc_api_is_cycle_detected  0000000180027e30 f   sfc_debug:sfc_api.obj
 0001:00026e80       sfc_api_is_array_bounds_detected 0000000180027e80 f   sfc_debug:sfc_api.obj
 0001:00026ed0       sfc_api_set_disable_all_breakpoints 0000000180027ed0 f   sfc_debug:sfc_api.obj
 0001:00026f40       sfc_api_disable_all_breakpoints_and_go 0000000180027f40 f   sfc_debug:sfc_api.obj
 0001:00026f50       sfc_api_close              0000000180027f50 f   sfc_debug:sfc_api.obj
 0001:00026f60       sfc_api_browse_data        0000000180027f60 f   sfc_debug:sfc_api.obj
 0001:00026fd0       sfc_api_watch_data         0000000180027fd0 f   sfc_debug:sfc_api.obj
 0001:00027070       sfc_api_extract_message_post_receive_info 0000000180028070 f   sfc_debug:sfc_api.obj
 0001:00027090       sfc_api_assign_data        0000000180028090 f   sfc_debug:sfc_api.obj
 0001:00027130       sfc_api_whos               0000000180028130 f   sfc_debug:sfc_api.obj
 0001:000271c0       sfc_api_get_consistency_info 00000001800281c0 f   sfc_debug:sfc_api.obj
 0001:000271d0       sfc_api_browse_trace       00000001800281d0 f   sfc_debug:sfc_api.obj
 0001:000271e0       sfc_api_break_on_chart_entry 00000001800281e0 f   sfc_debug:sfc_api.obj
 0001:00027200       sfc_api_break_on_event_broadcast 0000000180028200 f   sfc_debug:sfc_api.obj
 0001:00027220       sfc_api_break_on_state_entry 0000000180028220 f   sfc_debug:sfc_api.obj
 0001:00027240       sfc_api_set_watch          0000000180028240 f   sfc_debug:sfc_api.obj
 0001:000272e0       sfc_api_set_breakpoints    00000001800282e0 f   sfc_debug:sfc_api.obj
 0001:00027380       sfc_api_set_eml_breakpoints 0000000180028380 f   sfc_debug:sfc_api.obj
 0001:00027400       sfc_api_set_script_breakpoints 0000000180028400 f   sfc_debug:sfc_api.obj
 0001:00027450       sfc_api_add_script_breakpoints 0000000180028450 f   sfc_debug:sfc_api.obj
 0001:000274a0       sfc_api_clear_script_breakpoints 00000001800284a0 f   sfc_debug:sfc_api.obj
 0001:000274f0       sfc_api_query_script_breakpoints 00000001800284f0 f   sfc_debug:sfc_api.obj
 0001:00027550       sfc_api_get_script_id      0000000180028550 f   sfc_debug:sfc_api.obj
 0001:00027610       sfc_api_get_active_states  0000000180028610 f   sfc_debug:sfc_api.obj
 0001:00027690       sfc_api_break_between_times 0000000180028690 f   sfc_debug:sfc_api.obj
 0001:000276f0       sfc_api_get_instance_handle 00000001800286f0 f   sfc_debug:sfc_api.obj
 0001:000277a0       sfc_api_set_animation      00000001800287a0 f   sfc_debug:sfc_api.obj
 0001:000277f0       sfc_api_select_chart       00000001800287f0 f   sfc_debug:sfc_api.obj
 0001:00027850       sfc_api_select_charts      0000000180028850 f   sfc_debug:sfc_api.obj
 0001:00027880       sfc_api_cycle_detection_check 0000000180028880 f   sfc_debug:sfc_api.obj
 0001:000278d0       sfc_api_data_range_check   00000001800288d0 f   sfc_debug:sfc_api.obj
 0001:00027920       sfc_api_transition_conflict_check 0000000180028920 f   sfc_debug:sfc_api.obj
 0001:00027970       sfc_api_state_consistency_check 0000000180028970 f   sfc_debug:sfc_api.obj
 0001:000279c0       sfc_api_set_instance_cv_ids 00000001800289c0 f   sfc_debug:sfc_api.obj
 0001:00027ad0       sfc_api_set_script_cv_ids  0000000180028ad0 f   sfc_debug:sfc_api.obj
 0001:00027b80       sfc_api_get_current_machine_id 0000000180028b80 f   sfc_debug:sfc_api.obj
 0001:00027bb0       sfc_api_get_current_machine_number 0000000180028bb0 f   sfc_debug:sfc_api.obj
 0001:00027be0       sfc_api_get_current_chart_number 0000000180028be0 f   sfc_debug:sfc_api.obj
 0001:00027c10       sfc_api_get_current_instance_number 0000000180028c10 f   sfc_debug:sfc_api.obj
 0001:00027c40       sfc_api_get_current_instance_handle 0000000180028c40 f   sfc_debug:sfc_api.obj
 0001:00027c60       sfc_api_get_current_is_minor_time_step 0000000180028c60 f   sfc_debug:sfc_api.obj
 0001:00027c90       sfc_api_get_current_machine_name 0000000180028c90 f   sfc_debug:sfc_api.obj
 0001:00027cb0       sfc_api_get_current_chart_id 0000000180028cb0 f   sfc_debug:sfc_api.obj
 0001:00027ce0       sfc_api_get_current_object_type 0000000180028ce0 f   sfc_debug:sfc_api.obj
 0001:00027d10       sfc_api_get_current_event_type 0000000180028d10 f   sfc_debug:sfc_api.obj
 0001:00027d40       sfc_api_get_current_object_id 0000000180028d40 f   sfc_debug:sfc_api.obj
 0001:00027d70       sfc_get_current_active_event_type 0000000180028d70 f   sfc_debug:sfc_api.obj
 0001:00027da0       sfc_api_get_current_active_event_id 0000000180028da0 f   sfc_debug:sfc_api.obj
 0001:00027dd0       sfc_api_get_current_simulation_time 0000000180028dd0 f   sfc_debug:sfc_api.obj
 0001:00027df0       sfc_get_current_tag_type   0000000180028df0 f   sfc_debug:sfc_api.obj
 0001:00027e20       sfc_get_current_coverage_percentage 0000000180028e20 f   sfc_debug:sfc_api.obj
 0001:00027e40       sfc_get_current_statement_context 0000000180028e40 f   sfc_debug:sfc_api.obj
 0001:00027e60       sfc_get_current_optional_integer 0000000180028e60 f   sfc_debug:sfc_api.obj
 0001:00027e90       sfc_get_current_statement_info 0000000180028e90 f   sfc_debug:sfc_api.obj
 0001:00027f30       sfc_api_get                0000000180028f30 f   sfc_debug:sfc_api.obj
 0001:00028090       sf_debug_sm_is_using_unified_editors 0000000180029090 f   sfc_debug:sfdb_animation.obj
 0001:00028130       sf_debug_sm_is_chart_visible_in_unified_editors 0000000180029130 f   sfc_debug:sfdb_animation.obj
 0001:000281f0       sf_debug_sm_check_if_chart_is_visible 00000001800291f0 f   sfc_debug:sfdb_animation.obj
 0001:00028cf0       sf_debug_sm_fill_state_activity_data 0000000180029cf0 f   sfc_debug:sfdb_animation.obj
 0001:0002b520       void_ptr_stack_vector_free_total 000000018002c520 f   sfc_debug:sfdb_data_browse.obj
 0001:0002b5b0       sf_debug_st_terminate_machine 000000018002c5b0 f   sfc_debug:sfdb_data_browse.obj
 0001:0002b5f0       sf_debug_st_terminate_instance 000000018002c5f0 f   sfc_debug:sfdb_data_browse.obj
 0001:0002b9a0       push_on_to_void_ptr_stack  000000018002c9a0 f   sfc_debug:sfdb_data_browse.obj
 0001:0002bb30       pop_from_void_ptr_stack    000000018002cb30 f   sfc_debug:sfdb_data_browse.obj
 0001:0002bc60       sf_debug_st_get_data_value 000000018002cc60 f   sfc_debug:sfdb_data_browse.obj
 0001:0002c1f0       mx_value                   000000018002d1f0 f   sfc_debug:sfdb_data_browse.obj
 0001:0002c230       sf_debug_st_fill_data_struct 000000018002d230 f   sfc_debug:sfdb_data_browse.obj
 0001:0002c570       data_type_format_strings   000000018002d570 f   sfc_debug:sfdb_data_browse.obj
 0001:0002c620       sf_debug_st_fill_data      000000018002d620 f   sfc_debug:sfdb_data_browse.obj
 0001:0002d370       sf_debug_hm_get_simulink_handle 000000018002e370 f   sfc_debug:sfdb_handle_management.obj
 0001:0002dec0       sf_debug_hm_initialize_globals 000000018002eec0 f   sfc_debug:sfdb_handle_management.obj
 0001:0002dfc0       sf_debug_hm_get_machine_debug_flag 000000018002efc0 f   sfc_debug:sfdb_handle_management.obj
 0001:0002e130       sf_debug_hm_get_machine_id 000000018002f130 f   sfc_debug:sfdb_handle_management.obj
 0001:0002e250       sf_debug_hm_get_chart_id   000000018002f250 f   sfc_debug:sfdb_handle_management.obj
 0001:0002e3f0       sf_debug_hm_register_executing_SFunction 000000018002f3f0 f   sfc_debug:sfdb_handle_management.obj
 0001:0002e590       sf_debug_hm_get_chart_active_instance 000000018002f590 f   sfc_debug:sfdb_handle_management.obj
 0001:0002e700       sf_debug_hm_get_chart_visibility 000000018002f700 f   sfc_debug:sfdb_handle_management.obj
 0001:0002e850       sf_debug_hm_form_object_boolean_properties 000000018002f850 f   sfc_debug:sfdb_handle_management.obj
 0001:0002eb20       sf_debug_hm_form_object_properties 000000018002fb20 f   sfc_debug:sfdb_handle_management.obj
 0001:0002ed60       sf_debug_hm_terminate_charts 000000018002fd60 f   sfc_debug:sfdb_handle_management.obj
 0001:0002f4d0       sf_debug_hm_terminate_machines 00000001800304d0 f   sfc_debug:sfdb_handle_management.obj
 0001:00031120       sf_debug_ss_copy_dimension 0000000180032120 f   sfc_debug:sfdb_symbol_scope.obj
 0001:000311e0       sf_debug_ss_get_number_elements 00000001800321e0 f   sfc_debug:sfdb_symbol_scope.obj
 0001:00031200       sf_debug_ss_fill_data_struct 0000000180032200 f   sfc_debug:sfdb_symbol_scope.obj
 0001:00031550       sf_debug_ss_reset_data_info 0000000180032550 f   sfc_debug:sfdb_symbol_scope.obj
 0001:000315b0       sf_debug_fill_data_info_by_symbol_scope_entry 00000001800325b0 f   sfc_debug:sfdb_symbol_scope.obj
 0001:00031670       sf_debug_fill_data_info_by_data_vector 0000000180032670 f   sfc_debug:sfdb_symbol_scope.obj
 0001:000318c0       sf_debug_ss_get_data_info  00000001800328c0 f   sfc_debug:sfdb_symbol_scope.obj
 0001:00031bb0       sf_debug_select_mex_function 0000000180032bb0 f   sfc_debug:sfdb_symbol_scope.obj
 0001:00031be0       sf_debug_is_dyn_matrix_initialized 0000000180032be0 f   sfc_debug:sfdb_symbol_scope.obj
 0001:00031c00       sf_debug_ss_set_data_value_try 0000000180032c00 f   sfc_debug:sfdb_symbol_scope.obj
 0001:00031dd0       sf_debug_ss_get_data_value 0000000180032dd0 f   sfc_debug:sfdb_symbol_scope.obj
 0001:00032320       sf_debug_ss_data_bytes_string 0000000180033320 f   sfc_debug:sfdb_symbol_scope.obj
 0001:000323d0       sf_debug_ss_data_class_string 00000001800333d0 f   sfc_debug:sfdb_symbol_scope.obj
 0001:00032760       sf_debug_ss_data_size_string 0000000180033760 f   sfc_debug:sfdb_symbol_scope.obj
 0001:00032840       sf_debug_ss_data_create_data_info_struct 0000000180033840 f   sfc_debug:sfdb_symbol_scope.obj
 0001:00032b10       sf_debug_ss_data_create_name_value_pair 0000000180033b10 f   sfc_debug:sfdb_symbol_scope.obj
 0001:00032bb0       sf_debug_ss_data_get_whos_info 0000000180033bb0 f   sfc_debug:sfdb_symbol_scope.obj
 0001:00032bc0       same_named_data_in_data_array 0000000180033bc0 f   sfc_debug:sfdb_symbol_scope.obj
 0001:00034430       sf_debug_cc_terminate_chart 0000000180035430 f   sfc_debug:sfdb_coverage.obj
 0001:000347d0       sf_debug_cc_terminate_instance 00000001800357d0 f   sfc_debug:sfdb_coverage.obj
 0001:000353c0       sf_debug_cc_mark_object_if_needed 00000001800363c0 f   sfc_debug:sfdb_coverage.obj
 0001:00035cc0       sf_debug_bm_initialize_eml 0000000180036cc0 f   sfc_debug:sfdb_breakpoints.obj
 0001:00036e30       sf_debug_bm_map_debug_tag_to_breakpoint_tag 0000000180037e30 f   sfc_debug:sfdb_breakpoints.obj
 0001:00036f10       sf_debug_bm_is_a_eml_breakpoint_impl 0000000180037f10 f   sfc_debug:sfdb_breakpoints.obj
 0001:00038990       sf_debug_sc_push_on_error_stack 0000000180039990 f   sfc_debug:sfdb_state_consistency.obj
 0001:00038ac0       sf_debug_sc_reset_error_stack 0000000180039ac0 f   sfc_debug:sfdb_state_consistency.obj
 0001:00038c50       sf_debug_sc_is_state_inconsistent 0000000180039c50 f   sfc_debug:sfdb_state_consistency.obj
 0001:00038f50       sf_debug_sc_fill_consistency_info 0000000180039f50 f   sfc_debug:sfdb_state_consistency.obj
 0001:00039530       void_assertion_fcn         000000018003a530 f   sfc_debug:sfdb_call_stack.obj
 0001:00039ab0       sf_debug_tm_fill_local_trace 000000018003aab0 f   sfc_debug:sfdb_call_stack.obj
 0001:0003a080       sf_debug_cd_terminate_instance 000000018003b080 f   sfc_debug:sfdb_cycle_detection.obj
 0001:0003a0e0       sf_debug_cd_free_checksum_stack 000000018003b0e0 f   sfc_debug:sfdb_cycle_detection.obj
 0001:0003a130       sf_debug_cd_reset_pack_strings 000000018003b130 f   sfc_debug:sfdb_cycle_detection.obj
 0001:0003a7f0       md5file_clear              000000018003b7f0 f   sfc_debug:ckmd5.obj
 0001:0003a820       Encode                     000000018003b820 f   sfc_debug:ckmd5.obj
 0001:0003a870       Decode                     000000018003b870 f   sfc_debug:ckmd5.obj
 0001:0003a910       MD5Transform               000000018003b910 f   sfc_debug:ckmd5.obj
 0001:0003b160       md5file_addn               000000018003c160 f   sfc_debug:ckmd5.obj
 0001:0003b230       md5file_hash               000000018003c230 f   sfc_debug:ckmd5.obj
 0001:0003b718       pre_c_init                 000000018003c718 f   MSVCRT:crtdll.obj
 0001:0003b9d4       __DllMainCRTStartup        000000018003c9d4 f   MSVCRT:crtdll.obj
 0001:0003c0e0       __DllMainCRTStartup$filt$0 000000018003d0e0 f   MSVCRT:crtdll.obj
 0001:0003c110       __DllMainCRTStartup$fin$1  000000018003d110 f   MSVCRT:crtdll.obj
 0001:0003c12a       _onexit$fin$0              000000018003d12a f   MSVCRT:atonexit.obj
 0001:0003c150       _IsNonwritableInCurrentImage$filt$0 000000018003d150 f   MSVCRT:pesect.obj
