 boat_sfun

 Timestamp is 539f1899 (Mon Jun 16 12:17:29 2014)

 Preferred load address is 0000000180000000

 Start         Length     Name                   Class
 0001:00000000 0003cc34H .text                   CODE
 0001:0003cc40 00000092H .text$x                 CODE
 0002:00000000 000004a8H .idata$5                DATA
 0002:000004a8 00000008H .CRT$XCA                DATA
 0002:000004b0 00000008H .CRT$XCZ                DATA
 0002:000004b8 00000008H .CRT$XIA                DATA
 0002:000004c0 00000008H .CRT$XIAA               DATA
 0002:000004c8 00000008H .CRT$XIZ                DATA
 0002:000004d0 00004b6cH .rdata                  DATA
 0002:00005040 00000008H .rtc$IAA                DATA
 0002:00005048 00000008H .rtc$IZZ                DATA
 0002:00005050 00000008H .rtc$TAA                DATA
 0002:00005058 00000008H .rtc$TZZ                DATA
 0002:00005060 0000403cH .xdata                  DATA
 0002:0000909c 000000a0H .idata$2                DATA
 0002:0000913c 00000014H .idata$3                DATA
 0002:00009150 000004a8H .idata$4                DATA
 0002:000095f8 00000ad2H .idata$6                DATA
 0002:0000a0d0 0000004fH .edata                  DATA
 0003:00000000 000033f8H .data                   DATA
 0003:00003400 000026b8H .bss                    DATA
 0004:00000000 000031d4H .pdata                  DATA

  Address         Publics by Value              Rva+Base               Lib:Object

 0000:00000000       ___safe_se_handler_count   0000000000000000     <absolute>
 0000:00000000       ___safe_se_handler_table   0000000000000000     <absolute>
 0000:00000000       __ImageBase                0000000180000000     <linker-defined>
 0001:00000000       sf_c5_boat_get_eml_resolved_functions_info 0000000180001000 f   c5_boat.obj
 0001:00000fb0       sf_c5_boat_get_check_sum   0000000180001fb0 f   c5_boat.obj
 0001:00001030       sf_c5_boat_get_autoinheritance_info 0000000180002030 f   c5_boat.obj
 0001:00002100       sf_internal_get_sim_state_c5_boat 0000000180003100 f   c5_boat.obj
 0001:000024e0       sf_internal_set_sim_state_c5_boat 00000001800034e0 f   c5_boat.obj
 0001:000029b0       c5_boat_method_dispatcher  00000001800039b0 f   c5_boat.obj
 0001:00006f60       sf_c6_boat_get_eml_resolved_functions_info 0000000180007f60 f   c6_boat.obj
 0001:000077a0       sf_c6_boat_get_check_sum   00000001800087a0 f   c6_boat.obj
 0001:00007820       sf_c6_boat_get_autoinheritance_info 0000000180008820 f   c6_boat.obj
 0001:00007d90       sf_internal_get_sim_state_c6_boat 0000000180008d90 f   c6_boat.obj
 0001:00008140       sf_internal_set_sim_state_c6_boat 0000000180009140 f   c6_boat.obj
 0001:000085e0       c6_boat_method_dispatcher  00000001800095e0 f   c6_boat.obj
 0001:0000aa30       sf_process_check_sum_call  000000018000ba30 f   boat_sfun_registry.obj
 0001:0000aa80       sf_process_autoinheritance_call 000000018000ba80 f   boat_sfun_registry.obj
 0001:0000ac20       sf_process_get_eml_resolved_functions_info_call 000000018000bc20 f   boat_sfun_registry.obj
 0001:0000ada0       sf_mex_unlock_call         000000018000bda0 f   boat_sfun_registry.obj
 0001:0000ae50       sf_machine_global_initializer_called 000000018000be50 f   boat_sfun_registry.obj
 0001:0000ae80       sf_machine_global_method_dispatcher 000000018000be80 f   boat_sfun_registry.obj
 0001:0000aee0       sf_machine_global_terminator 000000018000bee0 f   boat_sfun_registry.obj
 0001:0000af20       sf_register_machine_exported_symbols 000000018000bf20 f   boat_sfun_registry.obj
 0001:0000af40       callCustomFcn              000000018000bf40 f   boat_sfun_registry.obj
 0001:0000af50       sf_machine_global_initializer 000000018000bf50 f   boat_sfun_registry.obj
 0001:0000afc0       _ssSetStateAbsTol          000000018000bfc0 f   boat_sfun_registry.obj
 0001:0000b0a0       _ssGetAbsTol               000000018000c0a0 f   boat_sfun_registry.obj
 0001:0000b110       _ssSetInputPortMatrixDimensions 000000018000c110 f   boat_sfun_registry.obj
 0001:0000b220       _ssSetOutputPortMatrixDimensions 000000018000c220 f   boat_sfun_registry.obj
 0001:0000b330       _ssSetInputPortVectorDimension 000000018000c330 f   boat_sfun_registry.obj
 0001:0000b400       _ssSetOutputPortVectorDimension 000000018000c400 f   boat_sfun_registry.obj
 0001:0000b4d0       ssIsRunTimeParamTunable    000000018000c4d0 f   boat_sfun_registry.obj
 0001:0000b540       ssGetSFuncBlockHandle      000000018000c540 f   boat_sfun_registry.obj
 0001:0000b5b0       _ssGetCurrentInputPortWidth 000000018000c5b0 f   boat_sfun_registry.obj
 0001:0000b6d0       _ssGetCurrentOutputPortWidth 000000018000c6d0 f   boat_sfun_registry.obj
 0001:0000b7f0       _ssGetCallSystemNumFcnCallDestinations 000000018000c7f0 f   boat_sfun_registry.obj
 0001:0000b860       ssWarning                  000000018000c860 f   boat_sfun_registry.obj
 0001:0000b970       ssGetIsZeroCrossControlDisabled 000000018000c970 f   boat_sfun_registry.obj
 0001:0000b9e0       ssSetIsInputPortUsedForContZcSignal 000000018000c9e0 f   boat_sfun_registry.obj
 0001:0000ba50       ssSetZcSignalIsZcElementDisc 000000018000ca50 f   boat_sfun_registry.obj
 0001:0000bb00       ssSetZcSignalName          000000018000cb00 f   boat_sfun_registry.obj
 0001:0000bb70       ssSetZcSignalWidth         000000018000cb70 f   boat_sfun_registry.obj
 0001:0000bbe0       ssSetZcSignalZcEventType   000000018000cbe0 f   boat_sfun_registry.obj
 0001:0000bc50       ssSetZcSignalType          000000018000cc50 f   boat_sfun_registry.obj
 0001:0000bcc0       ssSetZcSignalZcTol         000000018000ccc0 f   boat_sfun_registry.obj
 0001:0000bd30       ssSetZcSignalNeedsEventNotification 000000018000cd30 f   boat_sfun_registry.obj
 0001:0000bda0       ssCreateAndAddZcSignalInfo 000000018000cda0 f   boat_sfun_registry.obj
 0001:0000be10       ssCloneAndAddZcSignalInfo  000000018000ce10 f   boat_sfun_registry.obj
 0001:0000be80       ssGetNumZcSignals          000000018000ce80 f   boat_sfun_registry.obj
 0001:0000bef0       ssGetZcSignalVector        000000018000cef0 f   boat_sfun_registry.obj
 0001:0000bf60       ssGetZcSignalZcEvents      000000018000cf60 f   boat_sfun_registry.obj
 0001:0000bfd0       ssGetZcSignalName          000000018000cfd0 f   boat_sfun_registry.obj
 0001:0000c040       ssGetZcSignalWidth         000000018000d040 f   boat_sfun_registry.obj
 0001:0000c0b0       ssGetZcSignalZcEventType   000000018000d0b0 f   boat_sfun_registry.obj
 0001:0000c120       ssGetZcSignalType          000000018000d120 f   boat_sfun_registry.obj
 0001:0000c190       ssGetZcSignalZcTol         000000018000d190 f   boat_sfun_registry.obj
 0001:0000c210       ssGetZcSignalNeedsEventNotification 000000018000d210 f   boat_sfun_registry.obj
 0001:0000c280       ssGetZcSignalIsZcElementDisc 000000018000d280 f   boat_sfun_registry.obj
 0001:0000c320       ssGetIsInputPortElementContinuous 000000018000d320 f   boat_sfun_registry.obj
 0001:0000c3c0       _ssGetInputPortSignalPtrsFcn 000000018000d3c0 f   boat_sfun_registry.obj
 0001:0000c680       _ssGetInputPortSignalFcn   000000018000d680 f   boat_sfun_registry.obj
 0001:0000c8a0       _ssSetInputPortDirectFeedThroughFcn 000000018000d8a0 f   boat_sfun_registry.obj
 0001:0000ca00       _ssSetInputPortReusableFcn 000000018000da00 f   boat_sfun_registry.obj
 0001:0000caf0       _ssSetOutputPortReusableFcn 000000018000daf0 f   boat_sfun_registry.obj
 0001:0000cbd0       ssGetDTypeIdFromMxArray    000000018000dbd0 f   boat_sfun_registry.obj
 0001:0000ccf0       ssWriteRTWStr              000000018000dcf0 f   boat_sfun_registry.obj
 0001:0000cd50       ssWriteRTWMxVectParam      000000018000dd50 f   boat_sfun_registry.obj
 0001:0000cdb0       ssWriteRTWMx2dMatParam     000000018000ddb0 f   boat_sfun_registry.obj
 0001:0000ce30       ssWriteRTWNameValuePair    000000018000de30 f   boat_sfun_registry.obj
 0001:0000d320       ssWriteRTWParameters       000000018000e320 f   boat_sfun_registry.obj
 0001:0000d920       ssWriteRTWParamSettings    000000018000e920 f   boat_sfun_registry.obj
 0001:0000dff0       ssWriteRTWWorkVect         000000018000eff0 f   boat_sfun_registry.obj
 0001:0000e4f0       mexFunction                000000018000f4f0 f   boat_sfun_registry.obj
 0001:00010130       ProcessMexSfunctionEveryCall 0000000180011130 f   boat_sfun_registry.obj
 0001:000102a0       boat_initializer           00000001800112a0 f   boat_sfun.obj
 0001:000102b0       boat_terminator            00000001800112b0 f   boat_sfun.obj
 0001:000102c0       sf_boat_method_dispatcher  00000001800112c0 f   boat_sfun.obj
 0001:00010330       sf_boat_process_check_sum_call 0000000180011330 f   boat_sfun.obj
 0001:00010750       sf_boat_autoinheritance_info 0000000180011750 f   boat_sfun.obj
 0001:00010910       sf_boat_get_eml_resolved_functions_info 0000000180011910 f   boat_sfun.obj
 0001:00010a80       boat_debug_initialize      0000000180011a80 f   boat_sfun.obj
 0001:00010af0       boat_register_exported_symbols 0000000180011af0 f   boat_sfun.obj
 0001:00010b00       load_boat_optimization_info 0000000180011b00 f   boat_sfun.obj
 0001:00010b50       unload_boat_optimization_info 0000000180011b50 f   boat_sfun.obj
 0001:00010c20       sf_mex_mx_is_numeric       0000000180011c20 f   sfc_mex:sfc_mex.obj
 0001:00010c60       strcmp_ignore_ws           0000000180011c60 f   sfc_mex:sfc_mex.obj
 0001:00010da0       sf_mex_duplicatearraysafe  0000000180011da0 f   sfc_mex:sfc_mex.obj
 0001:00010f00       sf_set_error_debugger_context_message_fcn 0000000180011f00 f   sfc_mex:sfc_mex.obj
 0001:00010f10       sf_set_debugger_matlab_error_fcn 0000000180011f10 f   sfc_mex:sfc_mex.obj
 0001:00010f40       sf_set_error_prefix_string 0000000180011f40 f   sfc_mex:sfc_mex.obj
 0001:00010f70       sf_get_error_prefix_string 0000000180011f70 f   sfc_mex:sfc_mex.obj
 0001:00010f80       sf_mex_enter_parallel_region 0000000180011f80 f   sfc_mex:sfc_mex.obj
 0001:00010f90       sf_mex_exit_parallel_region 0000000180011f90 f   sfc_mex:sfc_mex.obj
 0001:00010fa0       sf_get_current_jmp_buf_ptr 0000000180011fa0 f   sfc_mex:sfc_mex.obj
 0001:00010fb0       sf_set_current_jmp_buf_ptr 0000000180011fb0 f   sfc_mex:sfc_mex.obj
 0001:00010fc0       sf_mex_set_halt_simulation 0000000180011fc0 f   sfc_mex:sfc_mex.obj
 0001:00010fd0       sf_mex_get_halt_simulation 0000000180011fd0 f   sfc_mex:sfc_mex.obj
 0001:00010fe0       sf_mex_clear_error_message 0000000180011fe0 f   sfc_mex:sfc_mex.obj
 0001:00011000       sf_mex_get_error_message_for_read 0000000180012000 f   sfc_mex:sfc_mex.obj
 0001:00011010       sf_mex_get_error_message_buffer_length 0000000180012010 f   sfc_mex:sfc_mex.obj
 0001:000110f0       sf_mex_warning_message     00000001800120f0 f   sfc_mex:sfc_mex.obj
 0001:00011160       sf_mex_v_errbuf_createf    0000000180012160 f   sfc_mex:sfc_mex.obj
 0001:00011170       sf_mex_errbuf_createf      0000000180012170 f   sfc_mex:sfc_mex.obj
 0001:000111a0       sf_mex_v_errbuf_catf       00000001800121a0 f   sfc_mex:sfc_mex.obj
 0001:000111e0       sf_mex_errbuf_catf         00000001800121e0 f   sfc_mex:sfc_mex.obj
 0001:00011230       sf_mex_errbuf_copy         0000000180012230 f   sfc_mex:sfc_mex.obj
 0001:00011240       sf_mex_errbuf_clear        0000000180012240 f   sfc_mex:sfc_mex.obj
 0001:00011250       sf_mex_errbuf_isempty      0000000180012250 f   sfc_mex:sfc_mex.obj
 0001:00011360       sf_mex_set_error_status    0000000180012360 f   sfc_mex:sfc_mex.obj
 0001:000113b0       sf_mex_error_direct_call   00000001800123b0 f   sfc_mex:sfc_mex.obj
 0001:000113d0       sf_mex_error_message_no_long_jump 00000001800123d0 f   sfc_mex:sfc_mex.obj
 0001:000113f0       sf_mex_long_jump_on_error  00000001800123f0 f   sfc_mex:sfc_mex.obj
 0001:00011420       sf_mex_call_matlab         0000000180012420 f   sfc_mex:sfc_mex.obj
 0001:00011540       sf_mex_check_builtin       0000000180012540 f   sfc_mex:sfc_mex.obj
 0001:00011580       sf_mex_check_builtin_vs    0000000180012580 f   sfc_mex:sfc_mex.obj
 0001:000115e0       sf_mex_check_enum          00000001800125e0 f   sfc_mex:sfc_mex.obj
 0001:00011610       sf_mex_create_enum         0000000180012610 f   sfc_mex:sfc_mex.obj
 0001:00011630       sf_mex_get_enum_element    0000000180012630 f   sfc_mex:sfc_mex.obj
 0001:00011640       sf_mex_createcellarray     0000000180012640 f   sfc_mex:sfc_mex.obj
 0001:00011650       sf_mex_setcell             0000000180012650 f   sfc_mex:sfc_mex.obj
 0001:00011660       sf_mex_getcell             0000000180012660 f   sfc_mex:sfc_mex.obj
 0001:00011670       sf_mex_dup                 0000000180012670 f   sfc_mex:sfc_mex.obj
 0001:00011690       sf_mex_assign              0000000180012690 f   sfc_mex:sfc_mex.obj
 0001:00011710       sf_mex_destroy             0000000180012710 f   sfc_mex:sfc_mex.obj
 0001:00011740       mx_array_has_fi_type       0000000180012740 f   sfc_mex:sfc_mex.obj
 0001:00011770       sf_mex_convert_from_fi     0000000180012770 f   sfc_mex:sfc_mex.obj
 0001:00011820       sf_mex_convert_to_double   0000000180012820 f   sfc_mex:sfc_mex.obj
 0001:00011940       sf_mex_import_fi_vs        0000000180012940 f   sfc_mex:sfc_mex.obj
 0001:00011b00       sf_matrix_matrix_index_ok  0000000180012b00 f   sfc_mex:sfc_mex.obj
 0001:00011b90       sf_vector_vector_index_ok  0000000180012b90 f   sfc_mex:sfc_mex.obj
 0001:00011bc0       ssGetCurrentInputPortDimensions_wrapper 0000000180012bc0 f   sfc_mex:sfc_mex.obj
 0001:00011be0       ssGetCurrentOutputPortDimensions_wrapper 0000000180012be0 f   sfc_mex:sfc_mex.obj
 0001:00011c00       sf_mex_emlrt_context_is_debug_mode 0000000180012c00 f   sfc_mex:sfc_mex.obj
 0001:00011c10       sf_mex_emlrt_context_set_debug_mode 0000000180012c10 f   sfc_mex:sfc_mex.obj
 0001:00011c20       sf_mex_emlrtNameCapturePostProcessR2012a 0000000180012c20 f   sfc_mex:sfc_mex.obj
 0001:00011c90       sf_clear_error_manager_info 0000000180012c90 f   sfc_mex:sfc_mex.obj
 0001:00011cf0       sf_mex_stop_simulation_abruptly_wo_error 0000000180012cf0 f   sfc_mex:sfc_mex.obj
 0001:00011d30       sf_mex_error_message       0000000180012d30 f   sfc_mex:sfc_mex.obj
 0001:00011d90       sf_react_to_error_in_matlab_call 0000000180012d90 f   sfc_mex:sfc_mex.obj
 0001:00011dc0       sf_mex_addfield            0000000180012dc0 f   sfc_mex:sfc_mex.obj
 0001:00011e60       sf_mex_getfield            0000000180012e60 f   sfc_mex:sfc_mex.obj
 0001:00012160       sf_mex_check_class         0000000180013160 f   sfc_mex:sfc_mex.obj
 0001:00012200       sf_mex_is_real             0000000180013200 f   sfc_mex:sfc_mex.obj
 0001:00012670       sf_mex_decode_encoded_mx_struct_array 0000000180013670 f   sfc_mex:sfc_mex.obj
 0001:00012950       sf_mex_lw_bounds_check     0000000180013950 f   sfc_mex:sfc_mex.obj
 0001:00012980       sf_mex_lw_size_eq_check_1d 0000000180013980 f   sfc_mex:sfc_mex.obj
 0001:000129a0       sf_mex_lw_size_eq_check_nd 00000001800139a0 f   sfc_mex:sfc_mex.obj
 0001:00012b80       sf_mex_lw_dim_size_eq_check 0000000180013b80 f   sfc_mex:sfc_mex.obj
 0001:00012bb0       sf_mex_lw_dim_size_geq_check 0000000180013bb0 f   sfc_mex:sfc_mex.obj
 0001:00012be0       sf_mex_lw_sub_assign_size_check_nd 0000000180013be0 f   sfc_mex:sfc_mex.obj
 0001:00012e10       sf_mex_lw_runtime_error_msgid 0000000180013e10 f   sfc_mex:sfc_mex.obj
 0001:00012f00       sf_mex_lw_matrix_matrix_index_check 0000000180013f00 f   sfc_mex:sfc_mex.obj
 0001:00012f20       sf_mex_lw_vector_vector_index_check 0000000180013f20 f   sfc_mex:sfc_mex.obj
 0001:00012f60       sf_mex_lw_for_loop_vector_check 0000000180013f60 f   sfc_mex:sfc_mex.obj
 0001:00012fe0       sf_mex_lw_non_negative_check 0000000180013fe0 f   sfc_mex:sfc_mex.obj
 0001:00013020       sf_mex_overflow_error      0000000180014020 f   sfc_mex:sfc_mex.obj
 0001:00013030       sf_mex_dividebyzero_error  0000000180014030 f   sfc_mex:sfc_mex.obj
 0001:00013040       sf_mex_unsafe_enum_error   0000000180014040 f   sfc_mex:sfc_mex.obj
 0001:00013050       sf_emlrtErrHandler         0000000180014050 f   sfc_mex:sfc_mex.obj
 0001:00013130       sf_mex_size_one_check      0000000180014130 f   sfc_mex:sfc_mex.obj
 0001:00013150       sf_mex_printf              0000000180014150 f   sfc_mex:sfc_mex.obj
 0001:00013320       sf_mex_check_size          0000000180014320 f   sfc_mex:sfc_mex.obj
 0001:000135f0       sf_mex_check_struct        00000001800145f0 f   sfc_mex:sfc_mex.obj
 0001:00013850       sf_mex_check_struct_vs     0000000180014850 f   sfc_mex:sfc_mex.obj
 0001:000138e0       sf_mex_check_fi            00000001800148e0 f   sfc_mex:sfc_mex.obj
 0001:000139e0       sf_mex_check_fi_vs         00000001800149e0 f   sfc_mex:sfc_mex.obj
 0001:00013a80       sf_echo_expression         0000000180014a80 f   sfc_mex:sfc_mex.obj
 0001:00013ae0       sf_assertion_failed        0000000180014ae0 f   sfc_mex:sfc_mex.obj
 0001:00013dc0       sf_mex_evalin              0000000180014dc0 f   sfc_mex:sfc_mex.obj
 0001:00014030       sf_mex_export              0000000180015030 f   sfc_mex:sfc_mex.obj
 0001:000140f0       sf_mex_get_ml_var_no_error 00000001800150f0 f   sfc_mex:sfc_mex.obj
 0001:00014290       sf_mex_get_ml_var          0000000180015290 f   sfc_mex:sfc_mex.obj
 0001:00014730       ml_set_element_value_in_array 0000000180015730 f   sfc_mex:sfc_mex.obj
 0001:00015e00       sf_mex_call_impl           0000000180016e00 f   sfc_mex:sfc_mex.obj
 0001:00016330       sf_mex_call_debug          0000000180017330 f   sfc_mex:sfc_mex.obj
 0001:00016360       sf_mex_call                0000000180017360 f   sfc_mex:sfc_mex.obj
 0001:000169b0       sf_mex_createstruct        00000001800179b0 f   sfc_mex:sfc_mex.obj
 0001:00016aa0       sf_mex_createstructarray   0000000180017aa0 f   sfc_mex:sfc_mex.obj
 0001:00016b20       sf_mex_get_mx_datatype_from_sf_datatype 0000000180017b20 f   sfc_mex:sfc_mex.obj
 0001:00016e30       sf_mex_ml_var_sub          0000000180017e30 f   sfc_mex:sfc_mex.obj
 0001:00017000       sf_mex_ml_var_subsasgn     0000000180018000 f   sfc_mex:sfc_mex.obj
 0001:000173f0       sf_mex_sub                 00000001800183f0 f   sfc_mex:sfc_mex.obj
 0001:000175f0       sf_mex_subsasgn            00000001800185f0 f   sfc_mex:sfc_mex.obj
 0001:00017ad0       sf_mex_create              0000000180018ad0 f   sfc_mex:sfc_mex.obj
 0001:00018520       sf_mex_import_named        0000000180019520 f   sfc_mex:sfc_mex.obj
 0001:00018580       sf_mex_import              0000000180019580 f   sfc_mex:sfc_mex.obj
 0001:000185d0       sf_mex_import_vs           00000001800195d0 f   sfc_mex:sfc_mex.obj
 0001:000186e0       sf_mex_lower_fixpt_mx_array 00000001800196e0 f   sfc_mex:sfc_mex.obj
 0001:000189d0       sf_send_message_wrapper    00000001800199d0 f   sfc_mex:sfc_sf.obj
 0001:00018a00       sf_receive_message_wrapper 0000000180019a00 f   sfc_mex:sfc_sf.obj
 0001:00018a40       sf_check_out_message_wrapper 0000000180019a40 f   sfc_mex:sfc_sf.obj
 0001:00018a80       sf_check_in_message_wrapper 0000000180019a80 f   sfc_mex:sfc_sf.obj
 0001:00018ac0       sf_no_message_wrapper      0000000180019ac0 f   sfc_mex:sfc_sf.obj
 0001:00018e50       sim_mode_is_rtw_gen        0000000180019e50 f   sfc_mex:sfc_sf.obj
 0001:00018e80       sim_mode_is_external       0000000180019e80 f   sfc_mex:sfc_sf.obj
 0001:00018e90       sim_mode_is_modelref_sim   0000000180019e90 f   sfc_mex:sfc_sf.obj
 0001:00018eb0       mdlInitializeSizes         0000000180019eb0 f   sfc_mex:sfc_sf.obj
 0001:00018ed0       mdlInitializeSampleTimes   0000000180019ed0 f   sfc_mex:sfc_sf.obj
 0001:00018f10       mdlZeroCrossings           0000000180019f10 f   sfc_mex:sfc_sf.obj
 0001:00018ff0       mdlDerivatives             0000000180019ff0 f   sfc_mex:sfc_sf.obj
 0001:000190a0       mdl_initialize_conditions_processing 000000018001a0a0 f   sfc_mex:sfc_sf.obj
 0001:000190d0       mdlInitializeConditions    000000018001a0d0 f   sfc_mex:sfc_sf.obj
 0001:00019190       mdlGetSimState             000000018001a190 f   sfc_mex:sfc_sf.obj
 0001:000191a0       mdlSetSimState             000000018001a1a0 f   sfc_mex:sfc_sf.obj
 0001:000191b0       mdl_ext_mode_exec_processing 000000018001a1b0 f   sfc_mex:sfc_sf.obj
 0001:000191d0       mdlExtModeExec             000000018001a1d0 f   sfc_mex:sfc_sf.obj
 0001:00019360       mdlTerminate               000000018001a360 f   sfc_mex:sfc_sf.obj
 0001:000193d0       mdlRTW                     000000018001a3d0 f   sfc_mex:sfc_sf.obj
 0001:00019400       mdlSetWorkWidths           000000018001a400 f   sfc_mex:sfc_sf.obj
 0001:00019410       mdlProcessParameters       000000018001a410 f   sfc_mex:sfc_sf.obj
 0001:00019420       mdl_start_processing       000000018001a420 f   sfc_mex:sfc_sf.obj
 0001:00019460       mdlStart                   000000018001a460 f   sfc_mex:sfc_sf.obj
 0001:00019550       mdlEnable                  000000018001a550 f   sfc_mex:sfc_sf.obj
 0001:00019620       mdlDisable                 000000018001a620 f   sfc_mex:sfc_sf.obj
 0001:000196d0       sf_get_chart_instance_ptr  000000018001a6d0 f   sfc_mex:sfc_sf.obj
 0001:000196f0       sf_load_rtw_optimization_info 000000018001a6f0 f   sfc_mex:sfc_sf.obj
 0001:000197c0       sf_rtw_info_uint_prop      000000018001a7c0 f   sfc_mex:sfc_sf.obj
 0001:00019900       sf_is_chart_inlinable      000000018001a900 f   sfc_mex:sfc_sf.obj
 0001:00019920       sf_mark_output_events_with_multiple_callers 000000018001a920 f   sfc_mex:sfc_sf.obj
 0001:00019ab0       sf_mark_chart_reusable_outputs 000000018001aab0 f   sfc_mex:sfc_sf.obj
 0001:00019d10       sf_mark_chart_expressionable_inputs 000000018001ad10 f   sfc_mex:sfc_sf.obj
 0001:00019f70       sf_get_subchart_simstruct  000000018001af70 f   sfc_mex:sfc_sf.obj
 0001:00019fc0       sf_get_fixpt_data_type_id  000000018001afc0 f   sfc_mex:sfc_sf.obj
 0001:0001a000       sf_get_enum_data_type_id   000000018001b000 f   sfc_mex:sfc_sf.obj
 0001:0001a040       sf_get_param_data_type_id  000000018001b040 f   sfc_mex:sfc_sf.obj
 0001:0001a070       sf_mex_listen_for_ctrl_c_force 000000018001b070 f   sfc_mex:sfc_sf.obj
 0001:0001a180       sf_mex_draw_now            000000018001b180 f   sfc_mex:sfc_sf.obj
 0001:0001a1c0       sf_mex_set_debugger_sim_status_listener_fcn 000000018001b1c0 f   sfc_mex:sfc_sf.obj
 0001:0001a1d0       sf_mex_listen_for_ctrl_c   000000018001b1d0 f   sfc_mex:sfc_sf.obj
 0001:0001a260       sf_mex_get_sfun_param      000000018001b260 f   sfc_mex:sfc_sf.obj
 0001:0001a2b0       sf_get_runtime_param_data  000000018001b2b0 f   sfc_mex:sfc_sf.obj
 0001:0001a2f0       sf_call_output_fcn_call    000000018001b2f0 f   sfc_mex:sfc_sf.obj
 0001:0001a430       sf_call_output_fcn_enable  000000018001b430 f   sfc_mex:sfc_sf.obj
 0001:0001a4c0       sf_call_output_fcn_disable 000000018001b4c0 f   sfc_mex:sfc_sf.obj
 0001:0001a550       sf_clear_rtw_identifier    000000018001b550 f   sfc_mex:sfc_sf.obj
 0001:0001ad40       sf_set_encoded_dwork_info  000000018001bd40 f   sfc_mex:sfc_sf.obj
 0001:0001ad90       sf_get_dwork_info_from_mat_file 000000018001bd90 f   sfc_mex:sfc_sf.obj
 0001:0001af50       sf_set_rtw_dwork_info      000000018001bf50 f   sfc_mex:sfc_sf.obj
 0001:0001b0c0       mdlOutputs                 000000018001c0c0 f   sfc_mex:sfc_sf.obj
 0001:0001b260       sf_debug_disp              000000018001c260 f   sfc_debug:sfcdebug.obj
 0001:0001b4c0       sf_debug_data_runtime_size_mismatch_error_check 000000018001c4c0 f   sfc_debug:sfcdebug.obj
 0001:0001b560       sf_debug_try_loading_machine 000000018001c560 f   sfc_debug:sfcdebug.obj
 0001:0001b660       sf_debug_reset_current_state_configuration 000000018001c660 f   sfc_debug:sfcdebug.obj
 0001:0001b6f0       sf_debug_store_current_state_configuration 000000018001c6f0 f   sfc_debug:sfcdebug.obj
 0001:0001b780       sf_debug_restore_previous_state_configuration 000000018001c780 f   sfc_debug:sfcdebug.obj
 0001:0001b810       sf_debug_restore_previous_state_configuration2 000000018001c810 f   sfc_debug:sfcdebug.obj
 0001:0001b8a0       sf_debug_get_event_scope   000000018001c8a0 f   sfc_debug:sfcdebug.obj
 0001:0001ba10       use_debugger_step_animation 000000018001ca10 f   sfc_debug:sfcdebug.obj
 0001:0001ba30       sf_debug_get_script_id     000000018001ca30 f   sfc_debug:sfcdebug.obj
 0001:0001bac0       sf_debug_set_script_translation 000000018001cac0 f   sfc_debug:sfcdebug.obj
 0001:0001bc40       sf_debug_extract_message_post_receive_info 000000018001cc40 f   sfc_debug:sfcdebug.obj
 0001:0001bd40       sf_debug_get_current_machine_id 000000018001cd40 f   sfc_debug:sfcdebug.obj
 0001:0001bd60       sf_debug_get_current_optional_integer 000000018001cd60 f   sfc_debug:sfcdebug.obj
 0001:0001bd70       sf_debug_get_current_machine_number 000000018001cd70 f   sfc_debug:sfcdebug.obj
 0001:0001bd90       sf_debug_get_current_machine_name 000000018001cd90 f   sfc_debug:sfcdebug.obj
 0001:0001bdb0       sf_debug_get_current_chart_id 000000018001cdb0 f   sfc_debug:sfcdebug.obj
 0001:0001be00       sf_debug_get_current_chart_number 000000018001ce00 f   sfc_debug:sfcdebug.obj
 0001:0001be10       sf_debug_get_current_instance_number 000000018001ce10 f   sfc_debug:sfcdebug.obj
 0001:0001be20       sf_debug_get_current_is_minor_time_step 000000018001ce20 f   sfc_debug:sfcdebug.obj
 0001:0001bea0       sf_debug_get_current_object_type 000000018001cea0 f   sfc_debug:sfcdebug.obj
 0001:0001beb0       sf_debug_get_current_instance_handle 000000018001ceb0 f   sfc_debug:sfcdebug.obj
 0001:0001bf10       sf_debug_get_current_event_type 000000018001cf10 f   sfc_debug:sfcdebug.obj
 0001:0001bf20       sf_debug_get_current_object_id 000000018001cf20 f   sfc_debug:sfcdebug.obj
 0001:0001bf60       sf_debug_get_current_active_event_type 000000018001cf60 f   sfc_debug:sfcdebug.obj
 0001:0001bf70       sf_debug_get_current_active_event_id 000000018001cf70 f   sfc_debug:sfcdebug.obj
 0001:0001bfb0       sf_debug_get_current_tag_type 000000018001cfb0 f   sfc_debug:sfcdebug.obj
 0001:0001bfc0       sf_debug_get_current_simulation_time 000000018001cfc0 f   sfc_debug:sfcdebug.obj
 0001:0001bfd0       sf_debug_get_current_coverage_percentage 000000018001cfd0 f   sfc_debug:sfcdebug.obj
 0001:0001bfe0       sf_debug_current_statement_context 000000018001cfe0 f   sfc_debug:sfcdebug.obj
 0001:0001c070       sf_debug_get_current_statement_info 000000018001d070 f   sfc_debug:sfcdebug.obj
 0001:0001c1f0       sf_debug_terminate_instance 000000018001d1f0 f   sfc_debug:sfcdebug.obj
 0001:0001c530       sf_debug_assertion_failed  000000018001d530 f   sfc_debug:sfcdebug.obj
 0001:0001c6e0       sf_debug_set_number_of_data_with_change_event_for_machine 000000018001d6e0 f   sfc_debug:sfcdebug.obj
 0001:0001c720       sf_debug_set_machine_event_thresholds 000000018001d720 f   sfc_debug:sfcdebug.obj
 0001:0001c740       sf_debug_set_machine_event_scope 000000018001d740 f   sfc_debug:sfcdebug.obj
 0001:0001c780       sf_debug_set_machine_data_thresholds 000000018001d780 f   sfc_debug:sfcdebug.obj
 0001:0001c7c0       sf_debug_set_machine_data_scope 000000018001d7c0 f   sfc_debug:sfcdebug.obj
 0001:0001c850       sf_debug_set_machine_data_name 000000018001d850 f   sfc_debug:sfcdebug.obj
 0001:0001c8f0       sf_debug_set_machine_data_size 000000018001d8f0 f   sfc_debug:sfcdebug.obj
 0001:0001ca30       sf_debug_set_machine_data_type 000000018001da30 f   sfc_debug:sfcdebug.obj
 0001:0001cba0       sf_debug_get_chart_data_number 000000018001dba0 f   sfc_debug:sfcdebug.obj
 0001:0001cbc0       sf_debug_get_chart_event_number 000000018001dbc0 f   sfc_debug:sfcdebug.obj
 0001:0001cbe0       sf_debug_set_chart_state_info 000000018001dbe0 f   sfc_debug:sfcdebug.obj
 0001:0001cc60       sf_debug_set_chart_decomposition 000000018001dc60 f   sfc_debug:sfcdebug.obj
 0001:0001ccd0       sf_debug_set_chart_substate_count 000000018001dcd0 f   sfc_debug:sfcdebug.obj
 0001:0001cdb0       sf_debug_set_chart_substate_index 000000018001ddb0 f   sfc_debug:sfcdebug.obj
 0001:0001ce20       sf_debug_set_chart_state_substate_count 000000018001de20 f   sfc_debug:sfcdebug.obj
 0001:0001cf30       sf_debug_set_chart_state_substate_index 000000018001df30 f   sfc_debug:sfcdebug.obj
 0001:0001cfb0       sf_debug_set_number_of_data_with_change_event_for_chart 000000018001dfb0 f   sfc_debug:sfcdebug.obj
 0001:0001d030       sf_debug_set_number_of_states_with_entry_event_for_chart 000000018001e030 f   sfc_debug:sfcdebug.obj
 0001:0001d0a0       sf_debug_set_number_of_states_with_exit_event_for_chart 000000018001e0a0 f   sfc_debug:sfcdebug.obj
 0001:0001d110       sf_debug_set_chart_disable_implicit_casting 000000018001e110 f   sfc_debug:sfcdebug.obj
 0001:0001d180       sf_debug_set_chart_event_thresholds 000000018001e180 f   sfc_debug:sfcdebug.obj
 0001:0001d1f0       sf_debug_set_chart_data_compiled_props 000000018001e1f0 f   sfc_debug:sfcdebug.obj
 0001:0001d540       sf_debug_set_chart_data_props 000000018001e540 f   sfc_debug:sfcdebug.obj
 0001:0001d860       sf_debug_check_fi_license  000000018001e860 f   sfc_debug:sfcdebug.obj
 0001:0001da50       sf_debug_symbol_scope_push 000000018001ea50 f   sfc_debug:sfcdebug.obj
 0001:0001da90       sf_debug_symbol_scope_push_eml 000000018001ea90 f   sfc_debug:sfcdebug.obj
 0001:0001dae0       sf_debug_symbol_scope_pop  000000018001eae0 f   sfc_debug:sfcdebug.obj
 0001:0001db20       sf_debug_symbol_scope_add_importable 000000018001eb20 f   sfc_debug:sfcdebug.obj
 0001:0001dba0       sf_debug_symbol_scope_add  000000018001eba0 f   sfc_debug:sfcdebug.obj
 0001:0001dc20       sf_debug_symbol_scope_add_dyn_importable 000000018001ec20 f   sfc_debug:sfcdebug.obj
 0001:0001dce0       sf_debug_symbol_scope_add_dyn 000000018001ece0 f   sfc_debug:sfcdebug.obj
 0001:0001dd10       sf_debug_symbol_scope_add_eml_importable 000000018001ed10 f   sfc_debug:sfcdebug.obj
 0001:0001dd50       sf_debug_symbol_scope_add_eml 000000018001ed50 f   sfc_debug:sfcdebug.obj
 0001:0001dd90       sf_debug_symbol_scope_add_eml_dyn_importable 000000018001ed90 f   sfc_debug:sfcdebug.obj
 0001:0001de00       sf_debug_symbol_scope_add_eml_dyn 000000018001ee00 f   sfc_debug:sfcdebug.obj
 0001:0001de60       sf_debug_symbol_switch     000000018001ee60 f   sfc_debug:sfcdebug.obj
 0001:0001de80       sf_debug_symbol_scope_add_verbose 000000018001ee80 f   sfc_debug:sfcdebug.obj
 0001:0001df50       sf_debug_set_machine_data_value_ptr 000000018001ef50 f   sfc_debug:sfcdebug.obj
 0001:0001df90       sf_debug_set_instance_data_value_ptr 000000018001ef90 f   sfc_debug:sfcdebug.obj
 0001:0001e050       sf_debug_unset_instance_data_value_ptr 000000018001f050 f   sfc_debug:sfcdebug.obj
 0001:0001e100       sf_debug_set_chart_event_scope 000000018001f100 f   sfc_debug:sfcdebug.obj
 0001:0001e180       sf_debug_set_chart_transition_coverage_maps 000000018001f180 f   sfc_debug:sfcdebug.obj
 0001:0001e290       sf_debug_set_chart_state_coverage_maps 000000018001f290 f   sfc_debug:sfcdebug.obj
 0001:0001e370       sf_debug_set_instance_transition_coverage_weights 000000018001f370 f   sfc_debug:sfcdebug.obj
 0001:0001e410       sf_debug_set_instance_state_coverage_weights 000000018001f410 f   sfc_debug:sfcdebug.obj
 0001:0001e660       sf_debug_unload_machine    000000018001f660 f   sfc_debug:sfcdebug.obj
 0001:0001e6b0       sf_debug_load_machine      000000018001f6b0 f   sfc_debug:sfcdebug.obj
 0001:0001e7b0       sf_debug_set_active_instance_in_data_dictionary 000000018001f7b0 f   sfc_debug:sfcdebug.obj
 0001:0001e990       sf_debug_set_active_instance 000000018001f990 f   sfc_debug:sfcdebug.obj
 0001:0001ead0       sf_debug_chart_visiblity_change 000000018001fad0 f   sfc_debug:sfcdebug.obj
 0001:0001ebb0       sf_debug_select_chart      000000018001fbb0 f   sfc_debug:sfcdebug.obj
 0001:0001ec80       sf_debug_set_instance_cv_ids 000000018001fc80 f   sfc_debug:sfcdebug.obj
 0001:0001ef90       sf_debug_select_charts     000000018001ff90 f   sfc_debug:sfcdebug.obj
 0001:0001f0d0       sf_debug_initialized       00000001800200d0 f   sfc_debug:sfcdebug.obj
 0001:0001f0e0       sf_debug_is_uninterruptible 00000001800200e0 f   sfc_debug:sfcdebug.obj
 0001:0001f110       sf_debug_initialize_debugger_gui 0000000180020110 f   sfc_debug:sfcdebug.obj
 0001:0001f500       sf_debug_resume            0000000180020500 f   sfc_debug:sfcdebug.obj
 0001:0001f520       sf_debug_go                0000000180020520 f   sfc_debug:sfcdebug.obj
 0001:0001f530       sf_debug_break             0000000180020530 f   sfc_debug:sfcdebug.obj
 0001:0001f540       sf_debug_step_over         0000000180020540 f   sfc_debug:sfcdebug.obj
 0001:0001f550       sf_debug_step_out          0000000180020550 f   sfc_debug:sfcdebug.obj
 0001:0001f560       sf_debug_set_disable_all_breakpoints 0000000180020560 f   sfc_debug:sfcdebug.obj
 0001:0001f570       sf_debug_disable_all_breakpoints_and_go 0000000180020570 f   sfc_debug:sfcdebug.obj
 0001:0001f580       sf_debug_break_on_chart_entry 0000000180020580 f   sfc_debug:sfcdebug.obj
 0001:0001f590       sf_debug_break_on_event_broadcast 0000000180020590 f   sfc_debug:sfcdebug.obj
 0001:0001f5a0       sf_debug_break_on_state_entry 00000001800205a0 f   sfc_debug:sfcdebug.obj
 0001:0001f5b0       sf_debug_break_between_times 00000001800205b0 f   sfc_debug:sfcdebug.obj
 0001:0001f5d0       sf_debug_browse_data       00000001800205d0 f   sfc_debug:sfcdebug.obj
 0001:0001f5f0       sf_debug_watch_data        00000001800205f0 f   sfc_debug:sfcdebug.obj
 0001:0001f610       sf_debug_assign_data       0000000180020610 f   sfc_debug:sfcdebug.obj
 0001:0001f630       sf_debug_whos              0000000180020630 f   sfc_debug:sfcdebug.obj
 0001:0001f650       sf_debug_get_consistency_info 0000000180020650 f   sfc_debug:sfcdebug.obj
 0001:0001f660       sf_debug_browse_trace      0000000180020660 f   sfc_debug:sfcdebug.obj
 0001:0001f670       sf_debug_set_breakpoints   0000000180020670 f   sfc_debug:sfcdebug.obj
 0001:0001f7d0       sf_debug_set_eml_breakpoints 00000001800207d0 f   sfc_debug:sfcdebug.obj
 0001:0001f930       sf_debug_set_script_breakpoints 0000000180020930 f   sfc_debug:sfcdebug.obj
 0001:0001f9b0       sf_debug_add_script_breakpoints 00000001800209b0 f   sfc_debug:sfcdebug.obj
 0001:0001fa20       sf_debug_clear_script_breakpoints 0000000180020a20 f   sfc_debug:sfcdebug.obj
 0001:0001fa90       sf_debug_query_script_breakpoints 0000000180020a90 f   sfc_debug:sfcdebug.obj
 0001:0001fb50       sf_debug_get_eml_script_id 0000000180020b50 f   sfc_debug:sfcdebug.obj
 0001:0001fba0       sf_debug_set_watch         0000000180020ba0 f   sfc_debug:sfcdebug.obj
 0001:0001fdd0       sf_debug_get_instance_handle 0000000180020dd0 f   sfc_debug:sfcdebug.obj
 0001:0001fe60       sf_debug_get_active_states 0000000180020e60 f   sfc_debug:sfcdebug.obj
 0001:0001fe70       sf_debug_get_animation     0000000180020e70 f   sfc_debug:sfcdebug.obj
 0001:0001fe80       sf_debug_set_animation     0000000180020e80 f   sfc_debug:sfcdebug.obj
 0001:0001fe90       sf_debug_animate           0000000180020e90 f   sfc_debug:sfcdebug.obj
 0001:0001fec0       sf_debug_cycle_detection_check 0000000180020ec0 f   sfc_debug:sfcdebug.obj
 0001:0001fed0       sf_debug_data_range_check  0000000180020ed0 f   sfc_debug:sfcdebug.obj
 0001:0001fee0       sf_debug_transition_conflict_check 0000000180020ee0 f   sfc_debug:sfcdebug.obj
 0001:0001fef0       sf_debug_state_consistency_check 0000000180020ef0 f   sfc_debug:sfcdebug.obj
 0001:0001ff00       sf_debug_data_range_check_enabled 0000000180020f00 f   sfc_debug:sfcdebug.obj
 0001:0001ff20       sf_debug_transition_conflict_check_enabled 0000000180020f20 f   sfc_debug:sfcdebug.obj
 0001:0001ff40       sf_debug_transition_conflict_check_begin 0000000180020f40 f   sfc_debug:sfcdebug.obj
 0001:0001ff60       sf_debug_transition_conflict_check_end 0000000180020f60 f   sfc_debug:sfcdebug.obj
 0001:0001ff80       sf_debug_stop_debugging    0000000180020f80 f   sfc_debug:sfcdebug.obj
 0001:0001ffb0       sf_debug_is_cycle_detected 0000000180020fb0 f   sfc_debug:sfcdebug.obj
 0001:0001ffc0       sf_debug_is_array_bounds_detected 0000000180020fc0 f   sfc_debug:sfcdebug.obj
 0001:0001ffd0       sf_debug_get_state_vectors_data_size 0000000180020fd0 f   sfc_debug:sfcdebug.obj
 0001:00020010       sf_debug_get_state_vectors_data 0000000180021010 f   sfc_debug:sfcdebug.obj
 0001:00020110       sf_debug_set_state_vectors_data 0000000180021110 f   sfc_debug:sfcdebug.obj
 0001:000203d0       sf_debug_get_script_index  00000001800213d0 f   sfc_debug:sfcdebug.obj
 0001:00020560       sf_debug_add_script        0000000180021560 f   sfc_debug:sfcdebug.obj
 0001:000206f0       cv_eval_point              00000001800216f0 f   sfc_debug:sfcdebug.obj
 0001:00020860       cv_eval_testobjective      0000000180021860 f   sfc_debug:sfcdebug.obj
 0001:00020980       sf_debug_cv_init_state     0000000180021980 f   sfc_debug:sfcdebug.obj
 0001:00020aa0       sf_debug_cv_init_chart     0000000180021aa0 f   sfc_debug:sfcdebug.obj
 0001:00020b80       sf_debug_cv_init_trans     0000000180021b80 f   sfc_debug:sfcdebug.obj
 0001:00020c80       sf_debug_cv_init_testobjectives 0000000180021c80 f   sfc_debug:sfcdebug.obj
 0001:00020e60       cv_eml_init_script         0000000180021e60 f   sfc_debug:sfcdebug.obj
 0001:00020f60       cv_eml_init_fcn            0000000180021f60 f   sfc_debug:sfcdebug.obj
 0001:00021010       cv_eml_init_testobjective  0000000180022010 f   sfc_debug:sfcdebug.obj
 0001:000210e0       cv_eml_init_if             00000001800220e0 f   sfc_debug:sfcdebug.obj
 0001:000211b0       cv_eml_init_for            00000001800221b0 f   sfc_debug:sfcdebug.obj
 0001:00021270       cv_eml_init_while          0000000180022270 f   sfc_debug:sfcdebug.obj
 0001:00021330       cv_eml_init_mcdc           0000000180022330 f   sfc_debug:sfcdebug.obj
 0001:00021440       cv_eml_init_switch         0000000180022440 f   sfc_debug:sfcdebug.obj
 0001:00021530       cv_eml_eval                0000000180022530 f   sfc_debug:sfcdebug.obj
 0001:00021610       sf_debug_bm_is_a_eml_breakpoint 0000000180022610 f   sfc_debug:sfcdebug.obj
 0001:00021760       sf_debug_temporal_threshold 0000000180022760 f   sfc_debug:sfcdebug.obj
 0001:00021ac0       sf_debug_transition_conflict_error 0000000180022ac0 f   sfc_debug:sfcdebug.obj
 0001:00021e40       sf_debug_state_inconsistency_error 0000000180022e40 f   sfc_debug:sfcdebug.obj
 0001:00021f60       sf_debug_check_for_state_inconsistency 0000000180022f60 f   sfc_debug:sfcdebug.obj
 0001:00021f90       sf_debug_cycle_detecton_error 0000000180022f90 f   sfc_debug:sfcdebug.obj
 0001:00022780       sf_debug_size_eq_check_1d  0000000180023780 f   sfc_debug:sfcdebug.obj
 0001:000227a0       sf_debug_size_eq_check_nd  00000001800237a0 f   sfc_debug:sfcdebug.obj
 0001:00022980       sf_debug_dim_size_eq_check 0000000180023980 f   sfc_debug:sfcdebug.obj
 0001:000229b0       sf_debug_dim_size_geq_check 00000001800239b0 f   sfc_debug:sfcdebug.obj
 0001:000229e0       sf_debug_sub_assign_size_check_nd 00000001800239e0 f   sfc_debug:sfcdebug.obj
 0001:00022c20       sf_debug_matrix_matrix_index_check 0000000180023c20 f   sfc_debug:sfcdebug.obj
 0001:00022c50       sf_debug_vector_vector_index_check 0000000180023c50 f   sfc_debug:sfcdebug.obj
 0001:00022c80       sf_debug_for_loop_vector_check 0000000180023c80 f   sfc_debug:sfcdebug.obj
 0001:00022d00       sf_debug_runtime_error_msgid 0000000180023d00 f   sfc_debug:sfcdebug.obj
 0001:00022d90       sf_debug_data_array_bounds_error_check 0000000180023d90 f   sfc_debug:sfcdebug.obj
 0001:00022ea0       sf_debug_eml_data_array_bounds_error_check 0000000180023ea0 f   sfc_debug:sfcdebug.obj
 0001:00023380       sf_debug_integer_check     0000000180024380 f   sfc_debug:sfcdebug.obj
 0001:00023460       sf_debug_not_nan_check     0000000180024460 f   sfc_debug:sfcdebug.obj
 0001:00023520       sf_debug_non_negative_check 0000000180024520 f   sfc_debug:sfcdebug.obj
 0001:000235e0       sf_debug_overflow_detection 00000001800245e0 f   sfc_debug:sfcdebug.obj
 0001:00023cd0       sf_debug_cast_to_real32_T  0000000180024cd0 f   sfc_debug:sfcdebug.obj
 0001:00023d90       sf_debug_cast_to_int8_T    0000000180024d90 f   sfc_debug:sfcdebug.obj
 0001:00023e50       sf_debug_cast_to_uint8_T   0000000180024e50 f   sfc_debug:sfcdebug.obj
 0001:00023f10       sf_debug_cast_to_int16_T   0000000180024f10 f   sfc_debug:sfcdebug.obj
 0001:00023fd0       sf_debug_cast_to_uint16_T  0000000180024fd0 f   sfc_debug:sfcdebug.obj
 0001:00024090       sf_debug_cast_to_int32_T   0000000180025090 f   sfc_debug:sfcdebug.obj
 0001:00024150       sf_debug_cast_to_uint32_T  0000000180025150 f   sfc_debug:sfcdebug.obj
 0001:00024210       sf_debug_data_range_error  0000000180025210 f   sfc_debug:sfcdebug.obj
 0001:00024560       sf_debug_read_before_write_check 0000000180025560 f   sfc_debug:sfcdebug.obj
 0001:00024950       sf_debug_data_range_error_wrapper_min_max 0000000180025950 f   sfc_debug:sfcdebug.obj
 0001:00024a40       sf_debug_data_range_error_wrapper_min 0000000180025a40 f   sfc_debug:sfcdebug.obj
 0001:00024b20       sf_debug_data_range_error_wrapper_max 0000000180025b20 f   sfc_debug:sfcdebug.obj
 0001:00024c00       sf_debug_data_range_wrapper 0000000180025c00 f   sfc_debug:sfcdebug.obj
 0001:00024cb0       sf_debug_set_current_status_info 0000000180025cb0 f   sfc_debug:sfcdebug.obj
 0001:00025060       sf_debug_register_message_post_receive_info 0000000180026060 f   sfc_debug:sfcdebug.obj
 0001:000252d0       sf_debug_call              00000001800262d0 f   sfc_debug:sfcdebug.obj
 0001:00026190       sf_debug_initialize_machine 0000000180027190 f   sfc_debug:sfcdebug.obj
 0001:000264a0       sf_debug_initialize_chart  00000001800274a0 f   sfc_debug:sfcdebug.obj
 0001:00026980       sf_debug_ensure_script     0000000180027980 f   sfc_debug:sfcdebug.obj
 0001:00026a40       cv_script_init_script      0000000180027a40 f   sfc_debug:sfcdebug.obj
 0001:00026b20       cv_script_init_fcn         0000000180027b20 f   sfc_debug:sfcdebug.obj
 0001:00026bd0       cv_script_init_testobjective 0000000180027bd0 f   sfc_debug:sfcdebug.obj
 0001:00026c80       cv_script_init_if          0000000180027c80 f   sfc_debug:sfcdebug.obj
 0001:00026d30       cv_script_init_for         0000000180027d30 f   sfc_debug:sfcdebug.obj
 0001:00026de0       cv_script_init_while       0000000180027de0 f   sfc_debug:sfcdebug.obj
 0001:00026e90       cv_script_init_mcdc        0000000180027e90 f   sfc_debug:sfcdebug.obj
 0001:00026f90       cv_script_init_switch      0000000180027f90 f   sfc_debug:sfcdebug.obj
 0001:00027070       cv_script_eval             0000000180028070 f   sfc_debug:sfcdebug.obj
 0001:00027150       eml_debug_line_call        0000000180028150 f   sfc_debug:sfcdebug.obj
 0001:00027300       sf_debug_terminate         0000000180028300 f   sfc_debug:sfcdebug.obj
 0001:00027470       sf_debug_set_script_cv_ids 0000000180028470 f   sfc_debug:sfcdebug.obj
 0001:000275a0       sf_debug_api               00000001800285a0 f   sfc_debug:sfc_api.obj
 0001:00028d80       sf_debug_sm_terminate      0000000180029d80 f   sfc_debug:sfdb_animation.obj
 0001:00028f40       sf_debug_reset_path_objects 0000000180029f40 f   sfc_debug:sfdb_animation.obj
 0001:00028fc0       sf_debug_sm_reset_object_selection_status 0000000180029fc0 f   sfc_debug:sfdb_animation.obj
 0001:00029060       sf_debug_sm_reset_state_buffer 000000018002a060 f   sfc_debug:sfdb_animation.obj
 0001:00029130       sf_debug_sm_store_state_buffer 000000018002a130 f   sfc_debug:sfdb_animation.obj
 0001:000291b0       sf_debug_sm_restore_state_buffer1 000000018002a1b0 f   sfc_debug:sfdb_animation.obj
 0001:00029220       sf_debug_sm_restore_state_buffer2 000000018002a220 f   sfc_debug:sfdb_animation.obj
 0001:00029290       sf_debug_sm_chart_active   000000018002a290 f   sfc_debug:sfdb_animation.obj
 0001:000292e0       sf_debug_sm_select_active_objects 000000018002a2e0 f   sfc_debug:sfdb_animation.obj
 0001:00029790       sf_debug_sm_is_chart_active 000000018002a790 f   sfc_debug:sfdb_animation.obj
 0001:000297d0       sf_debug_sm_is_state_active 000000018002a7d0 f   sfc_debug:sfdb_animation.obj
 0001:00029a10       sf_debug_sm_get_active_states 000000018002aa10 f   sfc_debug:sfdb_animation.obj
 0001:00029fd0       sf_debug_sm_initialize_instance 000000018002afd0 f   sfc_debug:sfdb_animation.obj
 0001:0002a220       sf_debug_sm_change_object_selection_status 000000018002b220 f   sfc_debug:sfdb_animation.obj
 0001:0002a510       cv_create_interface        000000018002b510 f   sfc_debug:cv_sfinterface.obj
 0001:0002a870       cv_init_trans              000000018002b870 f   sfc_debug:cv_sfinterface.obj
 0001:0002a8c0       cv_init_testobjective      000000018002b8c0 f   sfc_debug:cv_sfinterface.obj
 0001:0002a900       cv_init_state              000000018002b900 f   sfc_debug:cv_sfinterface.obj
 0001:0002a970       cv_init_chart              000000018002b970 f   sfc_debug:cv_sfinterface.obj
 0001:0002a9c0       cv_dec_update_call         000000018002b9c0 f   sfc_debug:cv_sfinterface.obj
 0001:0002aa00       cv_cond_update_call        000000018002ba00 f   sfc_debug:cv_sfinterface.obj
 0001:0002aa40       cv_testobjective_update_call 000000018002ba40 f   sfc_debug:cv_sfinterface.obj
 0001:0002aa80       cv_sigrange_update         000000018002ba80 f   sfc_debug:cv_sfinterface.obj
 0001:0002aac0       cvsf_eml_eval              000000018002bac0 f   sfc_debug:cv_sfinterface.obj
 0001:0002aba0       cvsf_eml_init_script       000000018002bba0 f   sfc_debug:cv_sfinterface.obj
 0001:0002ac20       cvsf_eml_init_fcn          000000018002bc20 f   sfc_debug:cv_sfinterface.obj
 0001:0002ac80       cvsf_eml_init_testobjective 000000018002bc80 f   sfc_debug:cv_sfinterface.obj
 0001:0002ace0       cvsf_eml_init_if           000000018002bce0 f   sfc_debug:cv_sfinterface.obj
 0001:0002ad40       cvsf_eml_init_for          000000018002bd40 f   sfc_debug:cv_sfinterface.obj
 0001:0002ad90       cvsf_eml_init_while        000000018002bd90 f   sfc_debug:cv_sfinterface.obj
 0001:0002ade0       cvsf_eml_init_mcdc         000000018002bde0 f   sfc_debug:cv_sfinterface.obj
 0001:0002ae70       cvsf_eml_init_switch       000000018002be70 f   sfc_debug:cv_sfinterface.obj
 0001:0002aee0       cvsf_script_eval           000000018002bee0 f   sfc_debug:cv_sfinterface.obj
 0001:0002afc0       cvsf_script_init_script    000000018002bfc0 f   sfc_debug:cv_sfinterface.obj
 0001:0002b040       cvsf_script_init_fcn       000000018002c040 f   sfc_debug:cv_sfinterface.obj
 0001:0002b0a0       cvsf_script_init_testobjective 000000018002c0a0 f   sfc_debug:cv_sfinterface.obj
 0001:0002b100       cvsf_script_init_if        000000018002c100 f   sfc_debug:cv_sfinterface.obj
 0001:0002b160       cvsf_script_init_for       000000018002c160 f   sfc_debug:cv_sfinterface.obj
 0001:0002b1b0       cvsf_script_init_while     000000018002c1b0 f   sfc_debug:cv_sfinterface.obj
 0001:0002b200       cvsf_script_init_mcdc      000000018002c200 f   sfc_debug:cv_sfinterface.obj
 0001:0002b290       cvsf_script_init_switch    000000018002c290 f   sfc_debug:cv_sfinterface.obj
 0001:0002b300       cv_destroy_interface       000000018002c300 f   sfc_debug:cv_sfinterface.obj
 0001:0002b320       cv_create_instance_objects 000000018002c320 f   sfc_debug:cv_sfinterface.obj
 0001:0002b7d0       cv_is_enabled              000000018002c7d0 f   sfc_debug:cv_sfinterface.obj
 0001:0002b7e0       sf_debug_cv_initialize_script 000000018002c7e0 f   sfc_debug:cv_sfinterface.obj
 0001:0002b990       sf_debug_cv_initialize_instance 000000018002c990 f   sfc_debug:cv_sfinterface.obj
 0001:0002bd30       sf_debug_cv_terminate_chart 000000018002cd30 f   sfc_debug:cv_sfinterface.obj
 0001:0002be70       cv_call_trans_test         000000018002ce70 f   sfc_debug:cv_sfinterface.obj
 0001:0002be80       cv_call_sub_cond_test      000000018002ce80 f   sfc_debug:cv_sfinterface.obj
 0001:0002bec0       sf_debug_st_initialize_machine 000000018002cec0 f   sfc_debug:sfdb_data_browse.obj
 0001:0002bf80       sf_debug_st_initialize_instance 000000018002cf80 f   sfc_debug:sfdb_data_browse.obj
 0001:0002c1b0       sf_debug_st_terminate      000000018002d1b0 f   sfc_debug:sfdb_data_browse.obj
 0001:0002c550       sf_debug_st_set_data_value_ptr_in_machine 000000018002d550 f   sfc_debug:sfdb_data_browse.obj
 0001:0002c5e0       sf_debug_st_set_data_value_ptr_in_instance 000000018002d5e0 f   sfc_debug:sfdb_data_browse.obj
 0001:0002c6c0       sf_debug_st_unset_data_value_ptr_in_machine 000000018002d6c0 f   sfc_debug:sfdb_data_browse.obj
 0001:0002c730       sf_debug_st_unset_data_value_ptr_in_instance 000000018002d730 f   sfc_debug:sfdb_data_browse.obj
 0001:0002ca40       sf_debug_mx_value          000000018002da40 f   sfc_debug:sfdb_data_browse.obj
 0001:0002caa0       sf_debug_mx_packed_vector  000000018002daa0 f   sfc_debug:sfdb_data_browse.obj
 0001:0002cb80       sf_debug_mx_uint_vector    000000018002db80 f   sfc_debug:sfdb_data_browse.obj
 0001:0002cc40       sf_debug_st_get_double_value_from_void_ptr_vector 000000018002dc40 f   sfc_debug:sfdb_data_browse.obj
 0001:0002d730       sf_debug_st_browse_data    000000018002e730 f   sfc_debug:sfdb_data_browse.obj
 0001:0002dfc0       sf_debug_hm_initialize_instance 000000018002efc0 f   sfc_debug:sfdb_handle_management.obj
 0001:0002e540       sf_debug_hm_get_object_id  000000018002f540 f   sfc_debug:sfdb_handle_management.obj
 0001:000304b0       sf_debug_object_is_eml_function 00000001800314b0 f   sfc_debug:sfdb_handle_management.obj
 0001:00030520       sf_debug_hm_initialize_ids_in_machine 0000000180031520 f   sfc_debug:sfdb_handle_management.obj
 0001:00030690       sf_debug_hm_initialize_ids_in_chart 0000000180031690 f   sfc_debug:sfdb_handle_management.obj
 0001:000307d0       sf_debug_hm_initialize_chart 00000001800317d0 f   sfc_debug:sfdb_handle_management.obj
 0001:00030f80       sf_debug_hm_terminate      0000000180031f80 f   sfc_debug:sfdb_handle_management.obj
 0001:00030fe0       sf_debug_hm_initialize_machine 0000000180031fe0 f   sfc_debug:sfdb_handle_management.obj
 0001:00031790       sf_debug_ss_initialize     0000000180032790 f   sfc_debug:sfdb_symbol_scope.obj
 0001:000317b0       sf_debug_ss_terminate      00000001800327b0 f   sfc_debug:sfdb_symbol_scope.obj
 0001:00031840       sf_debug_ss_push_symbol_scope 0000000180032840 f   sfc_debug:sfdb_symbol_scope.obj
 0001:00031940       sf_debug_ss_push_symbol_scope_eml 0000000180032940 f   sfc_debug:sfdb_symbol_scope.obj
 0001:000319a0       sf_debug_ss_pop_symbol_scope 00000001800329a0 f   sfc_debug:sfdb_symbol_scope.obj
 0001:00031a50       sf_debug_ss_add_symbol     0000000180032a50 f   sfc_debug:sfdb_symbol_scope.obj
 0001:00031bb0       sf_debug_ss_add_symbol_eml 0000000180032bb0 f   sfc_debug:sfdb_symbol_scope.obj
 0001:00032890       sf_debug_ss_set_data_value 0000000180033890 f   sfc_debug:sfdb_symbol_scope.obj
 0001:00032d30       sf_debug_ss_watch_data     0000000180033d30 f   sfc_debug:sfdb_symbol_scope.obj
 0001:00032dd0       sf_debug_ss_assign_data    0000000180033dd0 f   sfc_debug:sfdb_symbol_scope.obj
 0001:000337d0       get_data_entry_name        00000001800347d0 f   sfc_debug:sfdb_symbol_scope.obj
 0001:00033820       sf_debug_ss_whos           0000000180034820 f   sfc_debug:sfdb_symbol_scope.obj
 0001:00033f30       sf_debug_cc_initialize_chart 0000000180034f30 f   sfc_debug:sfdb_coverage.obj
 0001:00034920       sf_debug_cc_initialize_instance 0000000180035920 f   sfc_debug:sfdb_coverage.obj
 0001:00035720       sf_debug_cc_terminate      0000000180036720 f   sfc_debug:sfdb_coverage.obj
 0001:00035810       sf_debug_cc_set_transition_maps 0000000180036810 f   sfc_debug:sfdb_coverage.obj
 0001:00035940       sf_debug_cc_set_state_maps 0000000180036940 f   sfc_debug:sfdb_coverage.obj
 0001:00035a20       sf_debug_cc_set_transition_weights 0000000180036a20 f   sfc_debug:sfdb_coverage.obj
 0001:00035cf0       sf_debug_cc_set_state_weights 0000000180036cf0 f   sfc_debug:sfdb_coverage.obj
 0001:00035fc0       sf_debug_cc_mark_transition_guard 0000000180036fc0 f   sfc_debug:sfdb_coverage.obj
 0001:00036050       sf_debug_cc_mark_transition_trigger 0000000180037050 f   sfc_debug:sfdb_coverage.obj
 0001:000360e0       sf_debug_cc_mark_transition_decision 00000001800370e0 f   sfc_debug:sfdb_coverage.obj
 0001:00036150       sf_debug_cc_mark_transition_condition_action 0000000180037150 f   sfc_debug:sfdb_coverage.obj
 0001:000361a0       sf_debug_cc_mark_transition_transition_action 00000001800371a0 f   sfc_debug:sfdb_coverage.obj
 0001:000361f0       sf_debug_cc_mark_state_entry 00000001800371f0 f   sfc_debug:sfdb_coverage.obj
 0001:00036240       sf_debug_cc_mark_state_during 0000000180037240 f   sfc_debug:sfdb_coverage.obj
 0001:00036290       sf_debug_cc_mark_state_exit 0000000180037290 f   sfc_debug:sfdb_coverage.obj
 0001:000362e0       sf_debug_bm_clear_script_breakpoints 00000001800372e0 f   sfc_debug:sfdb_breakpoints.obj
 0001:00036310       sf_debug_bm_set_script_breakpoint 0000000180037310 f   sfc_debug:sfdb_breakpoints.obj
 0001:00036390       sf_debug_bm_clear_single_script_breakpoint 0000000180037390 f   sfc_debug:sfdb_breakpoints.obj
 0001:00036410       sf_debug_bm_query_script_breakpoint 0000000180037410 f   sfc_debug:sfdb_breakpoints.obj
 0001:00036460       sf_debug_bm_initialize_scripts 0000000180037460 f   sfc_debug:sfdb_breakpoints.obj
 0001:00036b80       sf_debug_bm_terminate      0000000180037b80 f   sfc_debug:sfdb_breakpoints.obj
 0001:00036e70       sf_debug_bm_remove_all_breakpoints_in_machine 0000000180037e70 f   sfc_debug:sfdb_breakpoints.obj
 0001:00036ee0       sf_debug_bm_remove_all_breakpoints_in_chart 0000000180037ee0 f   sfc_debug:sfdb_breakpoints.obj
 0001:00037030       sf_debug_bm_initialize_global_breakpoints 0000000180038030 f   sfc_debug:sfdb_breakpoints.obj
 0001:000371b0       sf_debug_bm_set_breakpoint 00000001800381b0 f   sfc_debug:sfdb_breakpoints.obj
 0001:000377e0       sf_debug_bm_set_eml_breakpoint 00000001800387e0 f   sfc_debug:sfdb_breakpoints.obj
 0001:00037880       sf_debug_bm_initialize_machine_breakpoint_map 0000000180038880 f   sfc_debug:sfdb_breakpoints.obj
 0001:00037ca0       sf_debug_bm_is_a_breakpoint 0000000180038ca0 f   sfc_debug:sfdb_breakpoints.obj
 0001:000381c0       sf_debug_bm_get_all_breakpoints_in_machine 00000001800391c0 f   sfc_debug:sfdb_breakpoints.obj
 0001:000384c0       sf_debug_bm_get_all_breakpoints_in_chart 00000001800394c0 f   sfc_debug:sfdb_breakpoints.obj
 0001:00039180       sf_debug_bm_initialize_machine 000000018003a180 f   sfc_debug:sfdb_breakpoints.obj
 0001:00039250       sf_debug_bm_initialize_chart 000000018003a250 f   sfc_debug:sfdb_breakpoints.obj
 0001:00039670       sf_debug_sc_terminate      000000018003a670 f   sfc_debug:sfdb_state_consistency.obj
 0001:000399a0       sf_debug_sc_is_chart_consistent 000000018003a9a0 f   sfc_debug:sfdb_state_consistency.obj
 0001:00039c50       sf_debug_sc_get_consistency_error_info 000000018003ac50 f   sfc_debug:sfdb_state_consistency.obj
 0001:0003a0a0       sf_debug_tm_terminate      000000018003b0a0 f   sfc_debug:sfdb_call_stack.obj
 0001:0003a160       sf_debug_tm_push_chart_instance 000000018003b160 f   sfc_debug:sfdb_call_stack.obj
 0001:0003a2b0       sf_debug_tm_pop_chart_instance 000000018003b2b0 f   sfc_debug:sfdb_call_stack.obj
 0001:0003a310       sf_debug_tm_push_trace_node 000000018003b310 f   sfc_debug:sfdb_call_stack.obj
 0001:0003a4a0       sf_debug_tm_pop_trace_node 000000018003b4a0 f   sfc_debug:sfdb_call_stack.obj
 0001:0003a520       sf_debug_tm_get_current_global_trace_index 000000018003b520 f   sfc_debug:sfdb_call_stack.obj
 0001:0003a530       sf_debug_tm_get_current_local_trace_index 000000018003b530 f   sfc_debug:sfdb_call_stack.obj
 0001:0003a560       sf_debug_tm_set_cycle_detected_flag 000000018003b560 f   sfc_debug:sfdb_call_stack.obj
 0001:0003a5a0       sf_debug_tm_set_cycle_started_flag 000000018003b5a0 f   sfc_debug:sfdb_call_stack.obj
 0001:0003a5e0       sf_debug_tm_get_chart_number_from_stack 000000018003b5e0 f   sfc_debug:sfdb_call_stack.obj
 0001:0003a7e0       sf_debug_tm_browse_trace   000000018003b7e0 f   sfc_debug:sfdb_call_stack.obj
 0001:0003ab20       sf_debug_cd_initialize_instance 000000018003bb20 f   sfc_debug:sfdb_cycle_detection.obj
 0001:0003add0       sf_debug_cd_mark_processed_transition_in_instance 000000018003bdd0 f   sfc_debug:sfdb_cycle_detection.obj
 0001:0003ae70       sf_debug_cd_checksum_push  000000018003be70 f   sfc_debug:sfdb_cycle_detection.obj
 0001:0003b130       sf_debug_cd_checksum_pop   000000018003c130 f   sfc_debug:sfdb_cycle_detection.obj
 0001:0003b1a0       sf_debug_cd_turn_off_cycle_detection 000000018003c1a0 f   sfc_debug:sfdb_cycle_detection.obj
 0001:0003b1f0       sf_debug_cd_terminate      000000018003c1f0 f   sfc_debug:sfdb_cycle_detection.obj
 0001:0003b430       md5_initialize_state       000000018003c430 f   sfc_debug:ckmd5.obj
 0001:0003bea0       md5_update_state           000000018003cea0 f   sfc_debug:ckmd5.obj
 0001:0003bec0       md5_get_hash               000000018003cec0 f   sfc_debug:ckmd5.obj
 0001:0003bef0       md5_get_hash_for_a_single_string 000000018003cef0 f   sfc_debug:ckmd5.obj
 0001:0003bf54       mxGetPr                    000000018003cf54 f   libmx:libmx.dll
 0001:0003bf5a       mxCreateDoubleScalar       000000018003cf5a f   libmx:libmx.dll
 0001:0003bf60       mxCreateDoubleMatrix_730   000000018003cf60 f   libmx:libmx.dll
 0001:0003bf66       mxSetField_730             000000018003cf66 f   libmx:libmx.dll
 0001:0003bf6c       mxCreateString             000000018003cf6c f   libmx:libmx.dll
 0001:0003bf72       mxCreateStructMatrix_730   000000018003cf72 f   libmx:libmx.dll
 0001:0003bf78       mxDestroyArray             000000018003cf78 f   libmx:libmx.dll
 0001:0003bf7e       mxDuplicateArray           000000018003cf7e f   libmx:libmx.dll
 0001:0003bf84       mxGetNaN                   000000018003cf84 f   libmx:libmx.dll
 0001:0003bf8a       mxGetString_730            000000018003cf8a f   libmx:libmx.dll
 0001:0003bf90       mxIsChar                   000000018003cf90 f   libmx:libmx.dll
 0001:0003bf96       mxGetClassID               000000018003cf96 f   libmx:libmx.dll
 0001:0003bf9c       mxIsNumeric                000000018003cf9c f   libmx:libmx.dll
 0001:0003bfa2       mxIsComplex                000000018003cfa2 f   libmx:libmx.dll
 0001:0003bfa8       mxGetN                     000000018003cfa8 f   libmx:libmx.dll
 0001:0003bfae       mxGetM                     000000018003cfae f   libmx:libmx.dll
 0001:0003bfb4       mxCalloc                   000000018003cfb4 f   libmx:libmx.dll
 0001:0003bfba       mxGetScalar                000000018003cfba f   libmx:libmx.dll
 0001:0003bfc0       mxIsLogical                000000018003cfc0 f   libmx:libmx.dll
 0001:0003bfc6       mxCreateDoubleMatrix_700   000000018003cfc6 f   libmx:libmx.dll
 0001:0003bfcc       mxFree                     000000018003cfcc f   libmx:libmx.dll
 0001:0003bfd2       mxArrayToString            000000018003cfd2 f   libmx:libmx.dll
 0001:0003bfd8       mxCreateCellMatrix_700     000000018003cfd8 f   libmx:libmx.dll
 0001:0003bfde       mxSetCell_700              000000018003cfde f   libmx:libmx.dll
 0001:0003bfe4       mxGetCell_700              000000018003cfe4 f   libmx:libmx.dll
 0001:0003bfea       mxGetClassName             000000018003cfea f   libmx:libmx.dll
 0001:0003bff0       mxSetField_700             000000018003cff0 f   libmx:libmx.dll
 0001:0003bff6       mxAddField                 000000018003cff6 f   libmx:libmx.dll
 0001:0003bffc       mxGetField_700             000000018003cffc f   libmx:libmx.dll
 0001:0003c002       mxGetNumberOfElements      000000018003d002 f   libmx:libmx.dll
 0001:0003c008       mxIsStruct                 000000018003d008 f   libmx:libmx.dll
 0001:0003c00e       mxIsA                      000000018003d00e f   libmx:libmx.dll
 0001:0003c014       mxIsClass                  000000018003d014 f   libmx:libmx.dll
 0001:0003c01a       mxGetLogicals              000000018003d01a f   libmx:libmx.dll
 0001:0003c020       mxIsSparse                 000000018003d020 f   libmx:libmx.dll
 0001:0003c026       mxSetFieldByNumber_700     000000018003d026 f   libmx:libmx.dll
 0001:0003c02c       mxGetFieldByNumber_700     000000018003d02c f   libmx:libmx.dll
 0001:0003c032       mxGetFieldNameByNumber     000000018003d032 f   libmx:libmx.dll
 0001:0003c038       mxGetNumberOfFields        000000018003d038 f   libmx:libmx.dll
 0001:0003c03e       mxCreateStructMatrix_700   000000018003d03e f   libmx:libmx.dll
 0001:0003c044       mxGetFieldNumber           000000018003d044 f   libmx:libmx.dll
 0001:0003c04a       mxIsNaN                    000000018003d04a f   libmx:libmx.dll
 0001:0003c050       mxIsEmpty                  000000018003d050 f   libmx:libmx.dll
 0001:0003c056       mxGetData                  000000018003d056 f   libmx:libmx.dll
 0001:0003c05c       mxGetImagData              000000018003d05c f   libmx:libmx.dll
 0001:0003c062       mxArrayClassIDName         000000018003d062 f   libmx:libmx.dll
 0001:0003c068       mxCreateNumericMatrix_700  000000018003d068 f   libmx:libmx.dll
 0001:0003c06e       mxCreateStructArray_700    000000018003d06e f   libmx:libmx.dll
 0001:0003c074       mxCalcSingleSubscript_700  000000018003d074 f   libmx:libmx.dll
 0001:0003c07a       mxGetDimensions_700        000000018003d07a f   libmx:libmx.dll
 0001:0003c080       mxGetNumberOfDimensions_700 000000018003d080 f   libmx:libmx.dll
 0001:0003c086       mxCreateNumericArray_700   000000018003d086 f   libmx:libmx.dll
 0001:0003c08c       mxGetElementSize           000000018003d08c f   libmx:libmx.dll
 0001:0003c092       mxCreateStringFromNChars_700 000000018003d092 f   libmx:libmx.dll
 0001:0003c098       mxGetString_700            000000018003d098 f   libmx:libmx.dll
 0001:0003c09e       mxIsLogicalScalarTrue      000000018003d09e f   libmx:libmx.dll
 0001:0003c0a4       mxCreateLogicalScalar      000000018003d0a4 f   libmx:libmx.dll
 0001:0003c0aa       mexUnlock                  000000018003d0aa f   libmex:libmex.dll
 0001:0003c0b0       mexIsLocked                000000018003d0b0 f   libmex:libmex.dll
 0001:0003c0b6       mexWarnMsgTxt              000000018003d0b6 f   libmex:libmex.dll
 0001:0003c0bc       mexCallMATLAB              000000018003d0bc f   libmex:libmex.dll
 0001:0003c0c2       mexErrMsgTxt               000000018003d0c2 f   libmex:libmex.dll
 0001:0003c0c8       mexMakeArrayPersistent     000000018003d0c8 f   libmex:libmex.dll
 0001:0003c0ce       mexSetTrapFlag             000000018003d0ce f   libmex:libmex.dll
 0001:0003c0d4       mexPutVariable             000000018003d0d4 f   libmex:libmex.dll
 0001:0003c0da       mexGetVariable             000000018003d0da f   libmex:libmex.dll
 0001:0003c0e0       mexLock                    000000018003d0e0 f   libmex:libmex.dll
 0001:0003c0e6       mexMakeMemoryPersistent    000000018003d0e6 f   libmex:libmex.dll
 0001:0003c0ec       mexFunctionName            000000018003d0ec f   libmex:libmex.dll
 0001:0003c0f2       ssRegisterDataTypeFxpFSlopeFixExpBias 000000018003d0f2 f   libfixedpoint:libfixedpoint.dll
 0001:0003c0f8       utVSNprintf                000000018003d0f8 f   libut:libut.dll
 0001:0003c0fe       utCPUtime                  000000018003d0fe f   libut:libut.dll
 0001:0003c104       utFree                     000000018003d104 f   libut:libut.dll
 0001:0003c10a       utMalloc                   000000018003d10a f   libut:libut.dll
 0001:0003c110       muDoubleScalarSin          000000018003d110 f   libmwmathutil:libmwmathutil.dll
 0001:0003c116       muDoubleScalarCos          000000018003d116 f   libmwmathutil:libmwmathutil.dll
 0001:0003c11c       muDoubleScalarIsNaN        000000018003d11c f   libmwmathutil:libmwmathutil.dll
 0001:0003c122       muDoubleScalarIsInf        000000018003d122 f   libmwmathutil:libmwmathutil.dll
 0001:0003c128       muDoubleScalarAbs          000000018003d128 f   libmwmathutil:libmwmathutil.dll
 0001:0003c12e       muDoubleScalarRem          000000018003d12e f   libmwmathutil:libmwmathutil.dll
 0001:0003c134       emlrtCheckBuiltInCtxR2011a 000000018003d134 f   libemlrt:libemlrt.dll
 0001:0003c13a       emlrtCheckVsBuiltInCtxR2011a 000000018003d13a f   libemlrt:libemlrt.dll
 0001:0003c140       emlrtCheckEnumR2009a       000000018003d140 f   libemlrt:libemlrt.dll
 0001:0003c146       emlrtCreateEnumR2010a      000000018003d146 f   libemlrt:libemlrt.dll
 0001:0003c14c       emlrtGetEnumElementR2009a  000000018003d14c f   libemlrt:libemlrt.dll
 0001:0003c152       emlrtCreateReference       000000018003d152 f   libemlrt:libemlrt.dll
 0001:0003c158       emlrtImportVsFiArrayR2009b 000000018003d158 f   libemlrt:libemlrt.dll
 0001:0003c15e       emlrtNameCapturePostProcessR2012a 000000018003d15e f   libemlrt:libemlrt.dll
 0001:0003c164       emlrtExtractMessageId      000000018003d164 f   libemlrt:libemlrt.dll
 0001:0003c16a       emlrtTranslateMessageIDtoLCPstring 000000018003d16a f   libemlrt:libemlrt.dll
 0001:0003c170       emlrtForLoopVectorIsValidR2011b 000000018003d170 f   libemlrt:libemlrt.dll
 0001:0003c176       emlrtTranslateUTF16MessagetoLCPstring 000000018003d176 f   libemlrt:libemlrt.dll
 0001:0003c17c       emlrtGetEnumUnderlyingArrayR2009a 000000018003d17c f   libemlrt:libemlrt.dll
 0001:0003c182       emlrtIsEnumR2009a          000000018003d182 f   libemlrt:libemlrt.dll
 0001:0003c188       __GSHandlerCheckCommon     000000018003d188 f   MSVCRT:gshandler.obj
 0001:0003c1ec       __GSHandlerCheck           000000018003d1ec f   MSVCRT:gshandler.obj
 0001:0003c20a       strlen                     000000018003d20a f   MSVCRT:MSVCR100.dll
 0001:0003c220       __security_check_cookie    000000018003d220 f   MSVCRT:amdsecgs.obj
 0001:0003c240       memset                     000000018003d240 f   MSVCRT:MSVCR100.dll
 0001:0003c246       malloc                     000000018003d246 f   MSVCRT:MSVCR100.dll
 0001:0003c24c       free                       000000018003d24c f   MSVCRT:MSVCR100.dll
 0001:0003c252       strcmp                     000000018003d252 f   MSVCRT:MSVCR100.dll
 0001:0003c258       sprintf                    000000018003d258 f   MSVCRT:MSVCR100.dll
 0001:0003c25e       strcat                     000000018003d25e f   MSVCRT:MSVCR100.dll
 0001:0003c264       memcpy                     000000018003d264 f   MSVCRT:MSVCR100.dll
 0001:0003c26c       NtCurrentTeb               000000018003d26c f i MSVCRT:crtdll.obj
 0001:0003c2d8       _CRT_INIT                  000000018003d2d8 f   MSVCRT:crtdll.obj
 0001:0003c670       _DllMainCRTStartup         000000018003d670 f   MSVCRT:crtdll.obj
 0001:0003c6ae       strncpy                    000000018003d6ae f   MSVCRT:MSVCR100.dll
 0001:0003c6d0       _alloca_probe              000000018003d6d0     MSVCRT:chkstk.obj
 0001:0003c6d0       __chkstk                   000000018003d6d0 f   MSVCRT:chkstk.obj
 0001:0003c71e       longjmp                    000000018003d71e f   MSVCRT:MSVCR100.dll
 0001:0003c724       strncmp                    000000018003d724 f   MSVCRT:MSVCR100.dll
 0001:0003c72a       ceil                       000000018003d72a f   MSVCRT:MSVCR100.dll
 0001:0003c730       strrchr                    000000018003d730 f   MSVCRT:MSVCR100.dll
 0001:0003c736       _setjmp                    000000018003d736 f   MSVCRT:MSVCR100.dll
 0001:0003c73c       calloc                     000000018003d73c f   MSVCRT:MSVCR100.dll
 0001:0003c742       realloc                    000000018003d742 f   MSVCRT:MSVCR100.dll
 0001:0003c748       ldexp                      000000018003d748 f   MSVCRT:MSVCR100.dll
 0001:0003c750       __report_gsfailure         000000018003d750 f   MSVCRT:gs_report.obj
 0001:0003c89c       __clean_type_info_names    000000018003d89c f   MSVCRT:tncleanup.obj
 0001:0003c8a8       _onexit                    000000018003d8a8 f   MSVCRT:atonexit.obj
 0001:0003c958       atexit                     000000018003d958 f   MSVCRT:atonexit.obj
 0001:0003c970       _RTC_Initialize            000000018003d970 f   MSVCRT:_initsect_.obj
 0001:0003c9a8       _RTC_Terminate             000000018003d9a8 f   MSVCRT:_initsect_.obj
 0001:0003c9e0       _malloc_crt                000000018003d9e0 f   MSVCRT:MSVCR100.dll
 0001:0003c9f0       _ValidateImageBase         000000018003d9f0 f   MSVCRT:pesect.obj
 0001:0003ca20       _FindPESection             000000018003da20 f   MSVCRT:pesect.obj
 0001:0003ca70       _IsNonwritableInCurrentImage 000000018003da70 f   MSVCRT:pesect.obj
 0001:0003cab2       _initterm                  000000018003dab2 f   MSVCRT:MSVCR100.dll
 0001:0003cab8       _initterm_e                000000018003dab8 f   MSVCRT:MSVCR100.dll
 0001:0003cabe       _encoded_null              000000018003dabe f   MSVCRT:MSVCR100.dll
 0001:0003cac4       _amsg_exit                 000000018003dac4 f   MSVCRT:MSVCR100.dll
 0001:0003caca       __C_specific_handler       000000018003daca f   MSVCRT:MSVCR100.dll
 0001:0003cad0       __CppXcptFilter            000000018003dad0 f   MSVCRT:MSVCR100.dll
 0001:0003cad8       DllMain                    000000018003dad8 f   MSVCRT:dllmain.obj
 0001:0003cafc       __security_init_cookie     000000018003dafc f   MSVCRT:gs_support.obj
 0001:0003cbb0       __crt_debugger_hook        000000018003dbb0 f   MSVCRT:MSVCR100.dll
 0001:0003cbb6       __clean_type_info_names_internal 000000018003dbb6 f   MSVCRT:MSVCR100.dll
 0001:0003cbbc       _unlock                    000000018003dbbc f   MSVCRT:MSVCR100.dll
 0001:0003cbc2       __dllonexit                000000018003dbc2 f   MSVCRT:MSVCR100.dll
 0001:0003cbc8       _lock                      000000018003dbc8 f   MSVCRT:MSVCR100.dll
 0001:0003cbce       EncodePointer              000000018003dbce f   kernel32:KERNEL32.dll
 0001:0003cbd4       DecodePointer              000000018003dbd4 f   kernel32:KERNEL32.dll
 0001:0003cbda       Sleep                      000000018003dbda f   kernel32:KERNEL32.dll
 0001:0003cbe0       TerminateProcess           000000018003dbe0 f   kernel32:KERNEL32.dll
 0001:0003cbe6       GetCurrentProcess          000000018003dbe6 f   kernel32:KERNEL32.dll
 0001:0003cbec       UnhandledExceptionFilter   000000018003dbec f   kernel32:KERNEL32.dll
 0001:0003cbf2       SetUnhandledExceptionFilter 000000018003dbf2 f   kernel32:KERNEL32.dll
 0001:0003cbf8       IsDebuggerPresent          000000018003dbf8 f   kernel32:KERNEL32.dll
 0001:0003cbfe       RtlVirtualUnwind           000000018003dbfe f   kernel32:KERNEL32.dll
 0001:0003cc04       RtlLookupFunctionEntry     000000018003dc04 f   kernel32:KERNEL32.dll
 0001:0003cc0a       RtlCaptureContext          000000018003dc0a f   kernel32:KERNEL32.dll
 0001:0003cc10       DisableThreadLibraryCalls  000000018003dc10 f   kernel32:KERNEL32.dll
 0001:0003cc16       QueryPerformanceCounter    000000018003dc16 f   kernel32:KERNEL32.dll
 0001:0003cc1c       GetTickCount               000000018003dc1c f   kernel32:KERNEL32.dll
 0001:0003cc22       GetCurrentThreadId         000000018003dc22 f   kernel32:KERNEL32.dll
 0001:0003cc28       GetCurrentProcessId        000000018003dc28 f   kernel32:KERNEL32.dll
 0001:0003cc2e       GetSystemTimeAsFileTime    000000018003dc2e f   kernel32:KERNEL32.dll
 0002:00000000       __imp_DisableThreadLibraryCalls 000000018003e000     kernel32:KERNEL32.dll
 0002:00000008       __imp_RtlCaptureContext    000000018003e008     kernel32:KERNEL32.dll
 0002:00000010       __imp_RtlLookupFunctionEntry 000000018003e010     kernel32:KERNEL32.dll
 0002:00000018       __imp_RtlVirtualUnwind     000000018003e018     kernel32:KERNEL32.dll
 0002:00000020       __imp_IsDebuggerPresent    000000018003e020     kernel32:KERNEL32.dll
 0002:00000028       __imp_SetUnhandledExceptionFilter 000000018003e028     kernel32:KERNEL32.dll
 0002:00000030       __imp_UnhandledExceptionFilter 000000018003e030     kernel32:KERNEL32.dll
 0002:00000038       __imp_GetCurrentProcess    000000018003e038     kernel32:KERNEL32.dll
 0002:00000040       __imp_TerminateProcess     000000018003e040     kernel32:KERNEL32.dll
 0002:00000048       __imp_Sleep                000000018003e048     kernel32:KERNEL32.dll
 0002:00000050       __imp_DecodePointer        000000018003e050     kernel32:KERNEL32.dll
 0002:00000058       __imp_EncodePointer        000000018003e058     kernel32:KERNEL32.dll
 0002:00000060       __imp_GetTickCount         000000018003e060     kernel32:KERNEL32.dll
 0002:00000068       __imp_GetCurrentThreadId   000000018003e068     kernel32:KERNEL32.dll
 0002:00000070       __imp_GetCurrentProcessId  000000018003e070     kernel32:KERNEL32.dll
 0002:00000078       __imp_GetSystemTimeAsFileTime 000000018003e078     kernel32:KERNEL32.dll
 0002:00000080       __imp_QueryPerformanceCounter 000000018003e080     kernel32:KERNEL32.dll
 0002:00000088       \177KERNEL32_NULL_THUNK_DATA 000000018003e088     kernel32:KERNEL32.dll
 0002:00000090       __imp_realloc              000000018003e090     MSVCRT:MSVCR100.dll
 0002:00000098       __imp__onexit              000000018003e098     MSVCRT:MSVCR100.dll
 0002:000000a0       __imp__lock                000000018003e0a0     MSVCRT:MSVCR100.dll
 0002:000000a8       __imp___dllonexit          000000018003e0a8     MSVCRT:MSVCR100.dll
 0002:000000b0       __imp__unlock              000000018003e0b0     MSVCRT:MSVCR100.dll
 0002:000000b8       __imp___clean_type_info_names_internal 000000018003e0b8     MSVCRT:MSVCR100.dll
 0002:000000c0       __imp___crt_debugger_hook  000000018003e0c0     MSVCRT:MSVCR100.dll
 0002:000000c8       __imp___CppXcptFilter      000000018003e0c8     MSVCRT:MSVCR100.dll
 0002:000000d0       __imp___C_specific_handler 000000018003e0d0     MSVCRT:MSVCR100.dll
 0002:000000d8       __imp__amsg_exit           000000018003e0d8     MSVCRT:MSVCR100.dll
 0002:000000e0       __imp__encoded_null        000000018003e0e0     MSVCRT:MSVCR100.dll
 0002:000000e8       __imp__initterm_e          000000018003e0e8     MSVCRT:MSVCR100.dll
 0002:000000f0       __imp__initterm            000000018003e0f0     MSVCRT:MSVCR100.dll
 0002:000000f8       __imp__malloc_crt          000000018003e0f8     MSVCRT:MSVCR100.dll
 0002:00000100       __imp_ldexp                000000018003e100     MSVCRT:MSVCR100.dll
 0002:00000108       __imp_strlen               000000018003e108     MSVCRT:MSVCR100.dll
 0002:00000110       __imp_calloc               000000018003e110     MSVCRT:MSVCR100.dll
 0002:00000118       __imp__setjmp              000000018003e118     MSVCRT:MSVCR100.dll
 0002:00000120       __imp_strrchr              000000018003e120     MSVCRT:MSVCR100.dll
 0002:00000128       __imp_ceil                 000000018003e128     MSVCRT:MSVCR100.dll
 0002:00000130       __imp_strncmp              000000018003e130     MSVCRT:MSVCR100.dll
 0002:00000138       __imp_longjmp              000000018003e138     MSVCRT:MSVCR100.dll
 0002:00000140       __imp_strncpy              000000018003e140     MSVCRT:MSVCR100.dll
 0002:00000148       __imp_memcpy               000000018003e148     MSVCRT:MSVCR100.dll
 0002:00000150       __imp_strcat               000000018003e150     MSVCRT:MSVCR100.dll
 0002:00000158       __imp_sprintf              000000018003e158     MSVCRT:MSVCR100.dll
 0002:00000160       __imp_strcmp               000000018003e160     MSVCRT:MSVCR100.dll
 0002:00000168       __imp_free                 000000018003e168     MSVCRT:MSVCR100.dll
 0002:00000170       __imp_malloc               000000018003e170     MSVCRT:MSVCR100.dll
 0002:00000178       __imp_memset               000000018003e178     MSVCRT:MSVCR100.dll
 0002:00000180       \177MSVCR100_NULL_THUNK_DATA 000000018003e180     MSVCRT:MSVCR100.dll
 0002:00000188       __imp_emlrtGetEnumUnderlyingArrayR2009a 000000018003e188     libemlrt:libemlrt.dll
 0002:00000190       __imp_emlrtIsEnumR2009a    000000018003e190     libemlrt:libemlrt.dll
 0002:00000198       __imp_emlrtCheckBuiltInCtxR2011a 000000018003e198     libemlrt:libemlrt.dll
 0002:000001a0       __imp_emlrtTranslateUTF16MessagetoLCPstring 000000018003e1a0     libemlrt:libemlrt.dll
 0002:000001a8       __imp_emlrtForLoopVectorIsValidR2011b 000000018003e1a8     libemlrt:libemlrt.dll
 0002:000001b0       __imp_emlrtTranslateMessageIDtoLCPstring 000000018003e1b0     libemlrt:libemlrt.dll
 0002:000001b8       __imp_emlrtExtractMessageId 000000018003e1b8     libemlrt:libemlrt.dll
 0002:000001c0       __imp_emlrtNameCapturePostProcessR2012a 000000018003e1c0     libemlrt:libemlrt.dll
 0002:000001c8       __imp_emlrtCheckVsBuiltInCtxR2011a 000000018003e1c8     libemlrt:libemlrt.dll
 0002:000001d0       __imp_emlrtCheckEnumR2009a 000000018003e1d0     libemlrt:libemlrt.dll
 0002:000001d8       __imp_emlrtCreateEnumR2010a 000000018003e1d8     libemlrt:libemlrt.dll
 0002:000001e0       __imp_emlrtGetEnumElementR2009a 000000018003e1e0     libemlrt:libemlrt.dll
 0002:000001e8       __imp_emlrtCreateReference 000000018003e1e8     libemlrt:libemlrt.dll
 0002:000001f0       __imp_emlrtImportVsFiArrayR2009b 000000018003e1f0     libemlrt:libemlrt.dll
 0002:000001f8       \177libemlrt_NULL_THUNK_DATA 000000018003e1f8     libemlrt:libemlrt.dll
 0002:00000200       __imp_ssRegisterDataTypeFxpFSlopeFixExpBias 000000018003e200     libfixedpoint:libfixedpoint.dll
 0002:00000208       \177libfixedpoint_NULL_THUNK_DATA 000000018003e208     libfixedpoint:libfixedpoint.dll
 0002:00000210       __imp_mexLock              000000018003e210     libmex:libmex.dll
 0002:00000218       __imp_mexMakeMemoryPersistent 000000018003e218     libmex:libmex.dll
 0002:00000220       __imp_mexFunctionName      000000018003e220     libmex:libmex.dll
 0002:00000228       __imp_mexGetVariable       000000018003e228     libmex:libmex.dll
 0002:00000230       __imp_mexPutVariable       000000018003e230     libmex:libmex.dll
 0002:00000238       __imp_mexMakeArrayPersistent 000000018003e238     libmex:libmex.dll
 0002:00000240       __imp_mexErrMsgTxt         000000018003e240     libmex:libmex.dll
 0002:00000248       __imp_mexCallMATLAB        000000018003e248     libmex:libmex.dll
 0002:00000250       __imp_mexWarnMsgTxt        000000018003e250     libmex:libmex.dll
 0002:00000258       __imp_mexIsLocked          000000018003e258     libmex:libmex.dll
 0002:00000260       __imp_mexUnlock            000000018003e260     libmex:libmex.dll
 0002:00000268       __imp_mexSetTrapFlag       000000018003e268     libmex:libmex.dll
 0002:00000270       \177libmex_NULL_THUNK_DATA 000000018003e270     libmex:libmex.dll
 0002:00000278       __imp_muDoubleScalarIsNaN  000000018003e278     libmwmathutil:libmwmathutil.dll
 0002:00000280       __imp_muDoubleScalarIsInf  000000018003e280     libmwmathutil:libmwmathutil.dll
 0002:00000288       __imp_muDoubleScalarAbs    000000018003e288     libmwmathutil:libmwmathutil.dll
 0002:00000290       __imp_muDoubleScalarRem    000000018003e290     libmwmathutil:libmwmathutil.dll
 0002:00000298       __imp_muDoubleScalarCos    000000018003e298     libmwmathutil:libmwmathutil.dll
 0002:000002a0       __imp_muDoubleScalarSin    000000018003e2a0     libmwmathutil:libmwmathutil.dll
[...]
 0001:000144f0       ml_get_element_value_from_array 00000001800154f0 f   sfc_mex:sfc_mex.obj
 0001:00014890       _ml_generic_castability_check 0000000180015890 f   sfc_mex:sfc_mex.obj
 0001:000155f0       ml_generic_castability_check 00000001800165f0 f   sfc_mex:sfc_mex.obj
 0001:00015690       ml_check_mx_array_for_single_castability 0000000180016690 f   sfc_mex:sfc_mex.obj
 0001:00015730       ml_check_mx_array_for_logical_castability 0000000180016730 f   sfc_mex:sfc_mex.obj
 0001:000157d0       ml_check_mx_array_for_int8_castability 00000001800167d0 f   sfc_mex:sfc_mex.obj
 0001:00015880       ml_check_mx_array_for_uint8_castability 0000000180016880 f   sfc_mex:sfc_mex.obj
 0001:000158e0       ml_check_mx_array_for_int16_castability 00000001800168e0 f   sfc_mex:sfc_mex.obj
 0001:00015940       ml_check_mx_array_for_uint16_castability 0000000180016940 f   sfc_mex:sfc_mex.obj
 0001:000159a0       ml_check_mx_array_for_int32_castability 00000001800169a0 f   sfc_mex:sfc_mex.obj
 0001:00015a00       ml_check_mx_array_for_uint32_castability 0000000180016a00 f   sfc_mex:sfc_mex.obj
 0001:00015a60       ml_check_mx_array_for_castability 0000000180016a60 f   sfc_mex:sfc_mex.obj
 0001:00016390       set_data_value             0000000180017390 f   sfc_mex:sfc_mex.obj
 0001:00016700       get_data_value             0000000180017700 f   sfc_mex:sfc_mex.obj
 0001:00016810       get_next_element_address   0000000180017810 f   sfc_mex:sfc_mex.obj
 0001:000168e0       sf_normalize_index         00000001800178e0 f   sfc_mex:sfc_mex.obj
 0001:00016c70       ml_array_index_bound_check 0000000180017c70 f   sfc_mex:sfc_mex.obj
 0001:00017790       mx_value                   0000000180018790 f   sfc_mex:sfc_mex.obj
 0001:000177e0       sf_create_numeric_array    00000001800187e0 f   sfc_mex:sfc_mex.obj
 0001:00017880       sf_mex_assign_to_mx_array  0000000180018880 f   sfc_mex:sfc_mex.obj
 0001:00017bd0       assign_from_mx_array       0000000180018bd0 f   sfc_mex:sfc_mex.obj
 0001:00018400       sf_mex_import_v            0000000180019400 f   sfc_mex:sfc_mex.obj
 0001:00018b00       get_machine_and_chart_file_number 0000000180019b00 f   sfc_mex:sfc_sf.obj
 0001:00018bf0       get_sfun_block_specialization 0000000180019bf0 f   sfc_mex:sfc_sf.obj
 0001:00018ca0       call_sf_machine_global_method_dispatcher 0000000180019ca0 f   sfc_mex:sfc_sf.obj
 0001:00018ef0       mdl_zeroCrossings_processing 0000000180019ef0 f   sfc_mex:sfc_sf.obj
 0001:00018fc0       mdl_derivatives_processing 0000000180019fc0 f   sfc_mex:sfc_sf.obj
 0001:00019280       mdl_outputs_continuous_legacy 000000018001a280 f   sfc_mex:sfc_sf.obj
 0001:00019300       mdl_outputs_processing     000000018001a300 f   sfc_mex:sfc_sf.obj
 0001:00019530       mdl_enable_processing      000000018001a530 f   sfc_mex:sfc_sf.obj
 0001:00019600       mdl_disable_processing     000000018001a600 f   sfc_mex:sfc_sf.obj
 0001:0001a370       sf_call_output_fcn_enable_disable 000000018001b370 f   sfc_mex:sfc_sf.obj
 0001:0001a5f0       set_dwork_information_from_mx_array 000000018001b5f0 f   sfc_mex:sfc_sf.obj
 0001:0001aeb0       ptr2mxStruct               000000018001beb0 f   sfc_mex:sfc_sf.obj
 0001:0001b1c0       SNPRINTF_WRAPPER           000000018001c1c0 f   sfc_debug:sfcdebug.obj
 0001:0001b1e0       sf_debug_chart_instance_initialized_quick 000000018001c1e0 f   sfc_debug:sfcdebug.obj
 0001:0001b1f0       sf_debug_chart_instance_initialized 000000018001c1f0 f   sfc_debug:sfcdebug.obj
 0001:0001b390       sfrtAddSize                000000018001c390 f   sfc_debug:sfcdebug.obj
 0001:0001b450       sfrtGenSizeString          000000018001c450 f   sfc_debug:sfcdebug.obj
 0001:0001bb60       fill_single_message_info   000000018001cb60 f   sfc_debug:sfcdebug.obj
 0001:0001bd20       sf_debug_sim_status_listener 000000018001cd20 f   sfc_debug:sfcdebug.obj
 0001:0001c290       sf_debug_form_mask_bits    000000018001d290 f   sfc_debug:sfcdebug.obj
 0001:0001c2d0       sf_debug_form_sf_data_type_offsets 000000018001d2d0 f   sfc_debug:sfcdebug.obj
 0001:0001c390       sf_debug_free_all          000000018001d390 f   sfc_debug:sfcdebug.obj
 0001:0001c540       sf_debug_append_debugger_context 000000018001d540 f   sfc_debug:sfcdebug.obj
 0001:0001c800       local_strdup               000000018001d800 f   sfc_debug:sfcdebug.obj
 0001:0001d6e0       sf_debug_em_terminate      000000018001e6e0 f   sfc_debug:sfcdebug.obj
 0001:0001d720       sf_debug_push_eml_function 000000018001e720 f   sfc_debug:sfcdebug.obj
 0001:0001d7c0       sf_debug_pop_eml_function  000000018001e7c0 f   sfc_debug:sfcdebug.obj
 0001:0001e4c0       sf_debug_get_machine_number_from_id_or_name 000000018001f4c0 f   sfc_debug:sfcdebug.obj
 0001:0001e610       sf_debug_get_chart_number_from_id 000000018001f610 f   sfc_debug:sfcdebug.obj
 0001:0001f280       sf_debug_transfer_control_to_debugger_GUI 0000000180020280 f   sfc_debug:sfcdebug.obj
 0001:00020210       sf_debug_scripts_rehash    0000000180021210 f   sfc_debug:sfcdebug.obj
 0001:00020450       sf_debug_get_script_line_count 0000000180021450 f   sfc_debug:sfcdebug.obj
 0001:00020d80       cv_eml_state_cvId          0000000180021d80 f   sfc_debug:sfcdebug.obj
 0001:00020df0       cv_eml_trans_cvId          0000000180021df0 f   sfc_debug:sfcdebug.obj
 0001:000220b0       sf_debug_data_array_bounds_error 00000001800230b0 f   sfc_debug:sfcdebug.obj
 0001:000224e0       eml_debug_runtime_error_doclink 00000001800234e0 f   sfc_debug:sfcdebug.obj
 0001:00022660       sf_debug_runtime_error     0000000180023660 f   sfc_debug:sfcdebug.obj
 0001:000226d0       sf_debug_matlab_error      00000001800236d0 f   sfc_debug:sfcdebug.obj
 0001:00023000       sf_debug_data_value_error  0000000180024000 f   sfc_debug:sfcdebug.obj
 0001:00023900       sf_debug_data_loss_error   0000000180024900 f   sfc_debug:sfcdebug.obj
 0001:00024820       call_cv_range_check        0000000180025820 f   sfc_debug:sfcdebug.obj
 0001:00024ff0       sf_debug_invoke_cycle_detection_code 0000000180025ff0 f   sfc_debug:sfcdebug.obj
 0001:000260d0       sf_reset_debug_info_struct 00000001800270d0 f   sfc_debug:sfcdebug.obj
 0001:000269c0       cv_script_cvId             00000001800279c0 f   sfc_debug:sfcdebug.obj
 0001:00027710       sfc_api_chart_visible      0000000180028710 f   sfc_debug:sfc_api.obj
 0001:00027790       sfc_api_active_instance    0000000180028790 f   sfc_debug:sfc_api.obj
 0001:00027810       sfc_api_machine_load       0000000180028810 f   sfc_debug:sfc_api.obj
 0001:000278e0       sfc_api_debugger_alive     00000001800288e0 f   sfc_debug:sfc_api.obj
 0001:000278f0       sfc_api_go                 00000001800288f0 f   sfc_debug:sfc_api.obj
 0001:00027900       sfc_api_step_over          0000000180028900 f   sfc_debug:sfc_api.obj
 0001:00027910       sfc_api_step_out           0000000180028910 f   sfc_debug:sfc_api.obj
 0001:00027920       sfc_api_resume             0000000180028920 f   sfc_debug:sfc_api.obj
 0001:00027930       sfc_api_break              0000000180028930 f   sfc_debug:sfc_api.obj
 0001:00027940       sfc_api_stop_debugging     0000000180028940 f   sfc_debug:sfc_api.obj
 0001:00027990       sfc_api_is_cycle_detected  0000000180028990 f   sfc_debug:sfc_api.obj
 0001:000279e0       sfc_api_is_array_bounds_detected 00000001800289e0 f   sfc_debug:sfc_api.obj
 0001:00027a30       sfc_api_set_disable_all_breakpoints 0000000180028a30 f   sfc_debug:sfc_api.obj
 0001:00027aa0       sfc_api_disable_all_breakpoints_and_go 0000000180028aa0 f   sfc_debug:sfc_api.obj
 0001:00027ab0       sfc_api_close              0000000180028ab0 f   sfc_debug:sfc_api.obj
 0001:00027ac0       sfc_api_browse_data        0000000180028ac0 f   sfc_debug:sfc_api.obj
 0001:00027b30       sfc_api_watch_data         0000000180028b30 f   sfc_debug:sfc_api.obj
 0001:00027bd0       sfc_api_extract_message_post_receive_info 0000000180028bd0 f   sfc_debug:sfc_api.obj
 0001:00027bf0       sfc_api_assign_data        0000000180028bf0 f   sfc_debug:sfc_api.obj
 0001:00027c90       sfc_api_whos               0000000180028c90 f   sfc_debug:sfc_api.obj
 0001:00027d20       sfc_api_get_consistency_info 0000000180028d20 f   sfc_debug:sfc_api.obj
 0001:00027d30       sfc_api_browse_trace       0000000180028d30 f   sfc_debug:sfc_api.obj
 0001:00027d40       sfc_api_break_on_chart_entry 0000000180028d40 f   sfc_debug:sfc_api.obj
 0001:00027d60       sfc_api_break_on_event_broadcast 0000000180028d60 f   sfc_debug:sfc_api.obj
 0001:00027d80       sfc_api_break_on_state_entry 0000000180028d80 f   sfc_debug:sfc_api.obj
 0001:00027da0       sfc_api_set_watch          0000000180028da0 f   sfc_debug:sfc_api.obj
 0001:00027e40       sfc_api_set_breakpoints    0000000180028e40 f   sfc_debug:sfc_api.obj
 0001:00027ee0       sfc_api_set_eml_breakpoints 0000000180028ee0 f   sfc_debug:sfc_api.obj
 0001:00027f60       sfc_api_set_script_breakpoints 0000000180028f60 f   sfc_debug:sfc_api.obj
 0001:00027fb0       sfc_api_add_script_breakpoints 0000000180028fb0 f   sfc_debug:sfc_api.obj
 0001:00028000       sfc_api_clear_script_breakpoints 0000000180029000 f   sfc_debug:sfc_api.obj
 0001:00028050       sfc_api_query_script_breakpoints 0000000180029050 f   sfc_debug:sfc_api.obj
 0001:000280b0       sfc_api_get_script_id      00000001800290b0 f   sfc_debug:sfc_api.obj
 0001:00028170       sfc_api_get_active_states  0000000180029170 f   sfc_debug:sfc_api.obj
 0001:000281f0       sfc_api_break_between_times 00000001800291f0 f   sfc_debug:sfc_api.obj
 0001:00028250       sfc_api_get_instance_handle 0000000180029250 f   sfc_debug:sfc_api.obj
 0001:00028300       sfc_api_set_animation      0000000180029300 f   sfc_debug:sfc_api.obj
 0001:00028350       sfc_api_select_chart       0000000180029350 f   sfc_debug:sfc_api.obj
 0001:000283b0       sfc_api_select_charts      00000001800293b0 f   sfc_debug:sfc_api.obj
 0001:000283e0       sfc_api_cycle_detection_check 00000001800293e0 f   sfc_debug:sfc_api.obj
 0001:00028430       sfc_api_data_range_check   0000000180029430 f   sfc_debug:sfc_api.obj
 0001:00028480       sfc_api_transition_conflict_check 0000000180029480 f   sfc_debug:sfc_api.obj
 0001:000284d0       sfc_api_state_consistency_check 00000001800294d0 f   sfc_debug:sfc_api.obj
 0001:00028520       sfc_api_set_instance_cv_ids 0000000180029520 f   sfc_debug:sfc_api.obj
 0001:00028630       sfc_api_set_script_cv_ids  0000000180029630 f   sfc_debug:sfc_api.obj
 0001:000286e0       sfc_api_get_current_machine_id 00000001800296e0 f   sfc_debug:sfc_api.obj
 0001:00028710       sfc_api_get_current_machine_number 0000000180029710 f   sfc_debug:sfc_api.obj
 0001:00028740       sfc_api_get_current_chart_number 0000000180029740 f   sfc_debug:sfc_api.obj
 0001:00028770       sfc_api_get_current_instance_number 0000000180029770 f   sfc_debug:sfc_api.obj
 0001:000287a0       sfc_api_get_current_instance_handle 00000001800297a0 f   sfc_debug:sfc_api.obj
 0001:000287c0       sfc_api_get_current_is_minor_time_step 00000001800297c0 f   sfc_debug:sfc_api.obj
 0001:000287f0       sfc_api_get_current_machine_name 00000001800297f0 f   sfc_debug:sfc_api.obj
 0001:00028810       sfc_api_get_current_chart_id 0000000180029810 f   sfc_debug:sfc_api.obj
 0001:00028840       sfc_api_get_current_object_type 0000000180029840 f   sfc_debug:sfc_api.obj
 0001:00028870       sfc_api_get_current_event_type 0000000180029870 f   sfc_debug:sfc_api.obj
 0001:000288a0       sfc_api_get_current_object_id 00000001800298a0 f   sfc_debug:sfc_api.obj
 0001:000288d0       sfc_get_current_active_event_type 00000001800298d0 f   sfc_debug:sfc_api.obj
 0001:00028900       sfc_api_get_current_active_event_id 0000000180029900 f   sfc_debug:sfc_api.obj
 0001:00028930       sfc_api_get_current_simulation_time 0000000180029930 f   sfc_debug:sfc_api.obj
 0001:00028950       sfc_get_current_tag_type   0000000180029950 f   sfc_debug:sfc_api.obj
 0001:00028980       sfc_get_current_coverage_percentage 0000000180029980 f   sfc_debug:sfc_api.obj
 0001:000289a0       sfc_get_current_statement_context 00000001800299a0 f   sfc_debug:sfc_api.obj
 0001:000289c0       sfc_get_current_optional_integer 00000001800299c0 f   sfc_debug:sfc_api.obj
 0001:000289f0       sfc_get_current_statement_info 00000001800299f0 f   sfc_debug:sfc_api.obj
 0001:00028a90       sfc_api_get                0000000180029a90 f   sfc_debug:sfc_api.obj
 0001:00028bf0       sf_debug_sm_is_using_unified_editors 0000000180029bf0 f   sfc_debug:sfdb_animation.obj
 0001:00028c90       sf_debug_sm_is_chart_visible_in_unified_editors 0000000180029c90 f   sfc_debug:sfdb_animation.obj
 0001:00028d50       sf_debug_sm_check_if_chart_is_visible 0000000180029d50 f   sfc_debug:sfdb_animation.obj
 0001:00029850       sf_debug_sm_fill_state_activity_data 000000018002a850 f   sfc_debug:sfdb_animation.obj
 0001:0002c080       void_ptr_stack_vector_free_total 000000018002d080 f   sfc_debug:sfdb_data_browse.obj
 0001:0002c110       sf_debug_st_terminate_machine 000000018002d110 f   sfc_debug:sfdb_data_browse.obj
 0001:0002c150       sf_debug_st_terminate_instance 000000018002d150 f   sfc_debug:sfdb_data_browse.obj
 0001:0002c500       push_on_to_void_ptr_stack  000000018002d500 f   sfc_debug:sfdb_data_browse.obj
 0001:0002c690       pop_from_void_ptr_stack    000000018002d690 f   sfc_debug:sfdb_data_browse.obj
 0001:0002c7c0       sf_debug_st_get_data_value 000000018002d7c0 f   sfc_debug:sfdb_data_browse.obj
 0001:0002cd50       mx_value                   000000018002dd50 f   sfc_debug:sfdb_data_browse.obj
 0001:0002cd90       sf_debug_st_fill_data_struct 000000018002dd90 f   sfc_debug:sfdb_data_browse.obj
 0001:0002d0d0       data_type_format_strings   000000018002e0d0 f   sfc_debug:sfdb_data_browse.obj
 0001:0002d180       sf_debug_st_fill_data      000000018002e180 f   sfc_debug:sfdb_data_browse.obj
 0001:0002ded0       sf_debug_hm_get_simulink_handle 000000018002eed0 f   sfc_debug:sfdb_handle_management.obj
 0001:0002ea20       sf_debug_hm_initialize_globals 000000018002fa20 f   sfc_debug:sfdb_handle_management.obj
 0001:0002eb20       sf_debug_hm_get_machine_debug_flag 000000018002fb20 f   sfc_debug:sfdb_handle_management.obj
 0001:0002ec90       sf_debug_hm_get_machine_id 000000018002fc90 f   sfc_debug:sfdb_handle_management.obj
 0001:0002edb0       sf_debug_hm_get_chart_id   000000018002fdb0 f   sfc_debug:sfdb_handle_management.obj
 0001:0002ef50       sf_debug_hm_register_executing_SFunction 000000018002ff50 f   sfc_debug:sfdb_handle_management.obj
 0001:0002f0f0       sf_debug_hm_get_chart_active_instance 00000001800300f0 f   sfc_debug:sfdb_handle_management.obj
 0001:0002f260       sf_debug_hm_get_chart_visibility 0000000180030260 f   sfc_debug:sfdb_handle_management.obj
 0001:0002f3b0       sf_debug_hm_form_object_boolean_properties 00000001800303b0 f   sfc_debug:sfdb_handle_management.obj
 0001:0002f680       sf_debug_hm_form_object_properties 0000000180030680 f   sfc_debug:sfdb_handle_management.obj
 0001:0002f8c0       sf_debug_hm_terminate_charts 00000001800308c0 f   sfc_debug:sfdb_handle_management.obj
 0001:00030030       sf_debug_hm_terminate_machines 0000000180031030 f   sfc_debug:sfdb_handle_management.obj
 0001:00031c80       sf_debug_ss_copy_dimension 0000000180032c80 f   sfc_debug:sfdb_symbol_scope.obj
 0001:00031d40       sf_debug_ss_get_number_elements 0000000180032d40 f   sfc_debug:sfdb_symbol_scope.obj
 0001:00031d60       sf_debug_ss_fill_data_struct 0000000180032d60 f   sfc_debug:sfdb_symbol_scope.obj
 0001:000320b0       sf_debug_ss_reset_data_info 00000001800330b0 f   sfc_debug:sfdb_symbol_scope.obj
 0001:00032110       sf_debug_fill_data_info_by_symbol_scope_entry 0000000180033110 f   sfc_debug:sfdb_symbol_scope.obj
 0001:000321d0       sf_debug_fill_data_info_by_data_vector 00000001800331d0 f   sfc_debug:sfdb_symbol_scope.obj
 0001:00032420       sf_debug_ss_get_data_info  0000000180033420 f   sfc_debug:sfdb_symbol_scope.obj
 0001:00032710       sf_debug_select_mex_function 0000000180033710 f   sfc_debug:sfdb_symbol_scope.obj
 0001:00032740       sf_debug_is_dyn_matrix_initialized 0000000180033740 f   sfc_debug:sfdb_symbol_scope.obj
 0001:00032760       sf_debug_ss_set_data_value_try 0000000180033760 f   sfc_debug:sfdb_symbol_scope.obj
 0001:00032930       sf_debug_ss_get_data_value 0000000180033930 f   sfc_debug:sfdb_symbol_scope.obj
 0001:00032e80       sf_debug_ss_data_bytes_string 0000000180033e80 f   sfc_debug:sfdb_symbol_scope.obj
 0001:00032f30       sf_debug_ss_data_class_string 0000000180033f30 f   sfc_debug:sfdb_symbol_scope.obj
 0001:000332c0       sf_debug_ss_data_size_string 00000001800342c0 f   sfc_debug:sfdb_symbol_scope.obj
 0001:000333a0       sf_debug_ss_data_create_data_info_struct 00000001800343a0 f   sfc_debug:sfdb_symbol_scope.obj
 0001:00033670       sf_debug_ss_data_create_name_value_pair 0000000180034670 f   sfc_debug:sfdb_symbol_scope.obj
 0001:00033710       sf_debug_ss_data_get_whos_info 0000000180034710 f   sfc_debug:sfdb_symbol_scope.obj
 0001:00033720       same_named_data_in_data_array 0000000180034720 f   sfc_debug:sfdb_symbol_scope.obj
 0001:00034f90       sf_debug_cc_terminate_chart 0000000180035f90 f   sfc_debug:sfdb_coverage.obj
 0001:00035330       sf_debug_cc_terminate_instance 0000000180036330 f   sfc_debug:sfdb_coverage.obj
 0001:00035f20       sf_debug_cc_mark_object_if_needed 0000000180036f20 f   sfc_debug:sfdb_coverage.obj
 0001:00036820       sf_debug_bm_initialize_eml 0000000180037820 f   sfc_debug:sfdb_breakpoints.obj
 0001:00037990       sf_debug_bm_map_debug_tag_to_breakpoint_tag 0000000180038990 f   sfc_debug:sfdb_breakpoints.obj
 0001:00037a70       sf_debug_bm_is_a_eml_breakpoint_impl 0000000180038a70 f   sfc_debug:sfdb_breakpoints.obj
 0001:000394f0       sf_debug_sc_push_on_error_stack 000000018003a4f0 f   sfc_debug:sfdb_state_consistency.obj
 0001:00039620       sf_debug_sc_reset_error_stack 000000018003a620 f   sfc_debug:sfdb_state_consistency.obj
 0001:000397b0       sf_debug_sc_is_state_inconsistent 000000018003a7b0 f   sfc_debug:sfdb_state_consistency.obj
 0001:00039ab0       sf_debug_sc_fill_consistency_info 000000018003aab0 f   sfc_debug:sfdb_state_consistency.obj
 0001:0003a090       void_assertion_fcn         000000018003b090 f   sfc_debug:sfdb_call_stack.obj
 0001:0003a610       sf_debug_tm_fill_local_trace 000000018003b610 f   sfc_debug:sfdb_call_stack.obj
 0001:0003abe0       sf_debug_cd_terminate_instance 000000018003bbe0 f   sfc_debug:sfdb_cycle_detection.obj
 0001:0003ac40       sf_debug_cd_free_checksum_stack 000000018003bc40 f   sfc_debug:sfdb_cycle_detection.obj
 0001:0003ac90       sf_debug_cd_reset_pack_strings 000000018003bc90 f   sfc_debug:sfdb_cycle_detection.obj
 0001:0003b350       md5file_clear              000000018003c350 f   sfc_debug:ckmd5.obj
 0001:0003b380       Encode                     000000018003c380 f   sfc_debug:ckmd5.obj
 0001:0003b3d0       Decode                     000000018003c3d0 f   sfc_debug:ckmd5.obj
 0001:0003b470       MD5Transform               000000018003c470 f   sfc_debug:ckmd5.obj
 0001:0003bcc0       md5file_addn               000000018003ccc0 f   sfc_debug:ckmd5.obj
 0001:0003bd90       md5file_hash               000000018003cd90 f   sfc_debug:ckmd5.obj
 0001:0003c278       pre_c_init                 000000018003d278 f   MSVCRT:crtdll.obj
 0001:0003c534       __DllMainCRTStartup        000000018003d534 f   MSVCRT:crtdll.obj
 0001:0003cc40       __DllMainCRTStartup$filt$0 000000018003dc40 f   MSVCRT:crtdll.obj
 0001:0003cc70       __DllMainCRTStartup$fin$1  000000018003dc70 f   MSVCRT:crtdll.obj
 0001:0003cc8a       _onexit$fin$0              000000018003dc8a f   MSVCRT:atonexit.obj
 0001:0003ccb0       _IsNonwritableInCurrentImage$filt$0 000000018003dcb0 f   MSVCRT:pesect.obj
